Archive member included because of file (symbol)

.\CortexM3\ARM_GCC_441\Debug\DrivePlatform2.a(UART.o)
                              .\CortexM3\ARM_GCC_441\Debug\hal.o (UART_Start)
.\CortexM3\ARM_GCC_441\Debug\DrivePlatform2.a(UART_INT.o)
                              .\CortexM3\ARM_GCC_441\Debug\DrivePlatform2.a(UART.o) (UART_RXISR)
.\CortexM3\ARM_GCC_441\Debug\DrivePlatform2.a(TIMER.o)
                              .\CortexM3\ARM_GCC_441\Debug\tmr.o (TIMER_Init)
.\CortexM3\ARM_GCC_441\Debug\DrivePlatform2.a(isr_tx.o)
                              .\CortexM3\ARM_GCC_441\Debug\hal.o (Isr_tx_Start)
.\CortexM3\ARM_GCC_441\Debug\DrivePlatform2.a(isr_rx.o)
                              .\CortexM3\ARM_GCC_441\Debug\hal.o (Isr_rx_Start)
.\CortexM3\ARM_GCC_441\Debug\DrivePlatform2.a(TIMER_CLOCK.o)
                              .\CortexM3\ARM_GCC_441\Debug\tmr.o (TIMER_CLOCK_Start)
.\CortexM3\ARM_GCC_441\Debug\DrivePlatform2.a(UART_IntClock.o)
                              .\CortexM3\ARM_GCC_441\Debug\DrivePlatform2.a(UART.o) (UART_IntClock_Start)
.\CortexM3\ARM_GCC_441\Debug\DrivePlatform2.a(CyBootAsmGnu.o)
                              .\CortexM3\ARM_GCC_441\Debug\DrivePlatform2.a(UART.o) (CyEnterCriticalSection)
.\CortexM3\ARM_GCC_441\Debug\DrivePlatform2.a(CyLib.o)
                              .\CortexM3\ARM_GCC_441\Debug\Cm3Start.o (CyResetStatus)
.\CortexM3\ARM_GCC_441\Debug\DrivePlatform2.a(cyPm.o)
                              .\CortexM3\ARM_GCC_441\Debug\DrivePlatform2.a(CyLib.o) (CyPmReadStatus)
.\CortexM3\ARM_GCC_441\Debug\DrivePlatform2.a(DEBUG_LED_1.o)
                              .\CortexM3\ARM_GCC_441\Debug\test.o (DEBUG_LED_1_Write)
.\CortexM3\ARM_GCC_441\Debug\DrivePlatform2.a(Isr_timer.o)
                              .\CortexM3\ARM_GCC_441\Debug\tmr.o (Isr_timer_Start)
.\CortexM3\ARM_GCC_441\Debug\DrivePlatform2.a(cyfitter_cfg.o)
                              .\CortexM3\ARM_GCC_441\Debug\Cm3Start.o (cyfitter_cfg)
.\CortexM3\ARM_GCC_441\Debug\DrivePlatform2.a(CyFlash.o)
                              .\CortexM3\ARM_GCC_441\Debug\DrivePlatform2.a(cyPm.o) (CyFlash_SetWaitCycles)
.\CortexM3\ARM_GCC_441\Debug\DrivePlatform2.a(CySpc.o)
                              .\CortexM3\ARM_GCC_441\Debug\DrivePlatform2.a(CyFlash.o) (CySpcStart)
c:/program files (x86)/cypress/psoc creator/2.2/psoc creator/import/gnu_cs/arm/4.4.1/bin/../lib/gcc/arm-none-eabi/4.4.1/../../../../arm-none-eabi/lib/thumb2\libc.a(lib_a-memcpy.o)
                              .\CortexM3\ARM_GCC_441\Debug\bpl.o (memcpy)
c:/program files (x86)/cypress/psoc creator/2.2/psoc creator/import/gnu_cs/arm/4.4.1/bin/../lib/gcc/arm-none-eabi/4.4.1/../../../../arm-none-eabi/lib/thumb2\libc.a(lib_a-memset.o)
                              .\CortexM3\ARM_GCC_441\Debug\error.o (memset)
c:/program files (x86)/cypress/psoc creator/2.2/psoc creator/import/gnu_cs/arm/4.4.1/bin/../lib/gcc/arm-none-eabi/4.4.1/../../../../arm-none-eabi/lib/thumb2\libc.a(lib_a-sprintf.o)
                              .\CortexM3\ARM_GCC_441\Debug\scheduler.o (sprintf)
c:/program files (x86)/cypress/psoc creator/2.2/psoc creator/import/gnu_cs/arm/4.4.1/bin/../lib/gcc/arm-none-eabi/4.4.1/../../../../arm-none-eabi/lib/thumb2\libc.a(lib_a-strcmp.o)
                              .\CortexM3\ARM_GCC_441\Debug\scheduler.o (strcmp)
c:/program files (x86)/cypress/psoc creator/2.2/psoc creator/import/gnu_cs/arm/4.4.1/bin/../lib/gcc/arm-none-eabi/4.4.1/../../../../arm-none-eabi/lib/thumb2\libc.a(lib_a-strncpy.o)
                              .\CortexM3\ARM_GCC_441\Debug\error.o (strncpy)
c:/program files (x86)/cypress/psoc creator/2.2/psoc creator/import/gnu_cs/arm/4.4.1/bin/../lib/gcc/arm-none-eabi/4.4.1/../../../../arm-none-eabi/lib/thumb2\libc.a(lib_a-svfprintf.o)
                              c:/program files (x86)/cypress/psoc creator/2.2/psoc creator/import/gnu_cs/arm/4.4.1/bin/../lib/gcc/arm-none-eabi/4.4.1/../../../../arm-none-eabi/lib/thumb2\libc.a(lib_a-sprintf.o) (_svfprintf_r)
c:/program files (x86)/cypress/psoc creator/2.2/psoc creator/import/gnu_cs/arm/4.4.1/bin/../lib/gcc/arm-none-eabi/4.4.1/../../../../arm-none-eabi/lib/thumb2\libc.a(lib_a-dtoa.o)
                              c:/program files (x86)/cypress/psoc creator/2.2/psoc creator/import/gnu_cs/arm/4.4.1/bin/../lib/gcc/arm-none-eabi/4.4.1/../../../../arm-none-eabi/lib/thumb2\libc.a(lib_a-svfprintf.o) (_dtoa_r)
c:/program files (x86)/cypress/psoc creator/2.2/psoc creator/import/gnu_cs/arm/4.4.1/bin/../lib/gcc/arm-none-eabi/4.4.1/../../../../arm-none-eabi/lib/thumb2\libc.a(lib_a-freer.o)
                              c:/program files (x86)/cypress/psoc creator/2.2/psoc creator/import/gnu_cs/arm/4.4.1/bin/../lib/gcc/arm-none-eabi/4.4.1/../../../../arm-none-eabi/lib/thumb2\libc.a(lib_a-svfprintf.o) (_free_r)
c:/program files (x86)/cypress/psoc creator/2.2/psoc creator/import/gnu_cs/arm/4.4.1/bin/../lib/gcc/arm-none-eabi/4.4.1/../../../../arm-none-eabi/lib/thumb2\libc.a(lib_a-impure.o)
[...]
Memory Configuration

Name             Origin             Length             Attributes
rom              0x00000000         0x00040000         xr
ram              0x1fff8000         0x0000b000         xrw
*default*        0x00000000         0xffffffff

Linker script and memory map

LOAD c:/program files (x86)/cypress/psoc creator/2.2/psoc creator/import/gnu_cs/arm/4.4.1/bin/../lib/gcc/arm-none-eabi/4.4.1/thumb2/crti.o
LOAD c:/program files (x86)/cypress/psoc creator/2.2/psoc creator/import/gnu_cs/arm/4.4.1/bin/../lib/gcc/arm-none-eabi/4.4.1/thumb2/crtbegin.o
START GROUP
LOAD .\CortexM3\ARM_GCC_441\Debug\main.o
LOAD .\CortexM3\ARM_GCC_441\Debug\bal.o
LOAD .\CortexM3\ARM_GCC_441\Debug\bpl.o
LOAD .\CortexM3\ARM_GCC_441\Debug\bus.o
LOAD .\CortexM3\ARM_GCC_441\Debug\error.o
LOAD .\CortexM3\ARM_GCC_441\Debug\hal.o
LOAD .\CortexM3\ARM_GCC_441\Debug\scheduler.o
LOAD .\CortexM3\ARM_GCC_441\Debug\servo_cds5500.o
LOAD .\CortexM3\ARM_GCC_441\Debug\test.o
LOAD .\CortexM3\ARM_GCC_441\Debug\tmr.o
LOAD .\CortexM3\ARM_GCC_441\Debug\Cm3Start.o
LOAD .\CortexM3\ARM_GCC_441\Debug\DrivePlatform2.a
LOAD C:\Program Files (x86)\Cypress\PSoC Creator\2.2\PSoC Creator\psoc\content\cycomponentlibrary\CyComponentLibrary.cylib\CortexM3\ARM_GCC_441\Debug\CyComponentLibrary.a
END GROUP
START GROUP
LOAD c:/program files (x86)/cypress/psoc creator/2.2/psoc creator/import/gnu_cs/arm/4.4.1/bin/../lib/gcc/arm-none-eabi/4.4.1/thumb2\libgcc.a
LOAD c:/program files (x86)/cypress/psoc creator/2.2/psoc creator/import/gnu_cs/arm/4.4.1/bin/../lib/gcc/arm-none-eabi/4.4.1/../../../../arm-none-eabi/lib/thumb2\libc.a
END GROUP
LOAD c:/program files (x86)/cypress/psoc creator/2.2/psoc creator/import/gnu_cs/arm/4.4.1/bin/../lib/gcc/arm-none-eabi/4.4.1/thumb2/crtend.o
LOAD c:/program files (x86)/cypress/psoc creator/2.2/psoc creator/import/gnu_cs/arm/4.4.1/bin/../lib/gcc/arm-none-eabi/4.4.1/thumb2/crtn.o
START GROUP
LOAD c:/program files (x86)/cypress/psoc creator/2.2/psoc creator/import/gnu_cs/arm/4.4.1/bin/../lib/gcc/arm-none-eabi/4.4.1/thumb2\libgcc.a
LOAD c:/program files (x86)/cypress/psoc creator/2.2/psoc creator/import/gnu_cs/arm/4.4.1/bin/../lib/gcc/arm-none-eabi/4.4.1/../../../../arm-none-eabi/lib/thumb2\libc.a
LOAD c:/program files (x86)/cypress/psoc creator/2.2/psoc creator/import/gnu_cs/arm/4.4.1/bin/../lib/gcc/arm-none-eabi/4.4.1/../../../../arm-none-eabi/lib/thumb2\libcs3.a
LOAD c:/program files (x86)/cypress/psoc creator/2.2/psoc creator/import/gnu_cs/arm/4.4.1/bin/../lib/gcc/arm-none-eabi/4.4.1/../../../../arm-none-eabi/lib/thumb2\libcs3unhosted.a
LOAD c:/program files (x86)/cypress/psoc creator/2.2/psoc creator/import/gnu_cs/arm/4.4.1/bin/../lib/gcc/arm-none-eabi/4.4.1/../../../../arm-none-eabi/lib/thumb2\libcs3micro.a
END GROUP
                0x1fff8998                PROVIDE (__cs3_heap_start, _end)
                0x00000001                PROVIDE (__cs3_region_num, ((__cs3_regions_end - __cs3_regions) / 0x14))
                0x20008000                PROVIDE (__cs3_stack, 0x20008000)
                0x20004000                PROVIDE (__cs3_heap_end, (__cs3_stack - 0x4000))

.text           0x00000000     0x25e4
 CREATE_OBJECT_SYMBOLS
                0x00000000                PROVIDE (__cs3_interrupt_vector, RomVectors)
 *(.romvectors)
 .romvectors    0x00000000       0x10 .\CortexM3\ARM_GCC_441\Debug\Cm3Start.o
                0x00000000                RomVectors
 *(.cs3.interrupt_vector)
                0x00000001                ASSERT ((. != __cs3_interrupt_vector), No interrupt vector)
                0x0000108c                PROVIDE (__cs3_reset, Reset)
 *(.cs3.reset)
                0x00000001                ASSERT ((. != __cs3_reset), No reset code)
 *(.dma_init)
                0x00000001                ASSERT ((((0x0 + .) <= 0x10000) || 0x1), DMA Init must be within the first 64k of flash)
 *(.text.cs3.init)
 .text.cs3.init
                0x00000010       0x5c c:/program files (x86)/cypress/psoc creator/2.2/psoc creator/import/gnu_cs/arm/4.4.1/bin/../lib/gcc/arm-none-eabi/4.4.1/../../../../arm-none-eabi/lib/thumb2\libcs3.a(start_c.o)
                0x00000010                __cs3_start_c
 *(.text .text.* .gnu.linkonce.t.*)
 .text          0x0000006c       0x30 c:/program files (x86)/cypress/psoc creator/2.2/psoc creator/import/gnu_cs/arm/4.4.1/bin/../lib/gcc/arm-none-eabi/4.4.1/thumb2/crtbegin.o
 .text.main     0x0000009c       0x3c .\CortexM3\ARM_GCC_441\Debug\main.o
                0x0000009c                main
 .text.BAL_ServoMsg
                0x000000d8       0x78 .\CortexM3\ARM_GCC_441\Debug\bal.o
                0x000000d8                BAL_ServoMsg
 .text.BAL_Init
                0x00000150       0x34 .\CortexM3\ARM_GCC_441\Debug\bal.o
                0x00000150                BAL_Init
 .text.BAL_HandleTask
                0x00000184       0x10 .\CortexM3\ARM_GCC_441\Debug\bal.o
                0x00000184                BAL_HandleTask
 .text.BAL_ModuleTest
                0x00000194       0x10 .\CortexM3\ARM_GCC_441\Debug\bal.o
 .text.BPL_Init
                0x000001a4       0x34 .\CortexM3\ARM_GCC_441\Debug\bpl.o
                0x000001a4                BPL_Init
 .text.BPL_TransmitMessage
                0x000001d8       0xb8 .\CortexM3\ARM_GCC_441\Debug\bpl.o
                0x000001d8                BPL_TransmitMessage
 .text.BPL_HandleTask
                0x00000290      0x244 .\CortexM3\ARM_GCC_441\Debug\bpl.o
                0x00000290                BPL_HandleTask
 .text.ERR_Error
                0x000004d4       0x40 .\CortexM3\ARM_GCC_441\Debug\error.o
                0x000004d4                ERR_Error
 .text.ERR_Init
                0x00000514       0x34 .\CortexM3\ARM_GCC_441\Debug\error.o
                0x00000514                ERR_Init
 .text.ERR_RegisterUcVariable
                0x00000548       0xc0 .\CortexM3\ARM_GCC_441\Debug\error.o
                0x00000548                ERR_RegisterUcVariable
 .text.ERR_HandleTask
                0x00000608      0x128 .\CortexM3\ARM_GCC_441\Debug\error.o
                0x00000608                ERR_HandleTask
 .text.isr_rx_routine
                0x00000730       0x24 .\CortexM3\ARM_GCC_441\Debug\hal.o
                0x00000730                isr_rx_routine
 .text.isr_tx_routine
                0x00000754       0x28 .\CortexM3\ARM_GCC_441\Debug\hal.o
                0x00000754                isr_tx_routine
 .text.HAL_Init
                0x0000077c       0x98 .\CortexM3\ARM_GCC_441\Debug\hal.o
                0x0000077c                HAL_Init
 .text.HAL_GetRxIsrCount
                0x00000814       0x18 .\CortexM3\ARM_GCC_441\Debug\hal.o
                0x00000814                HAL_GetRxIsrCount
 .text.HAL_GetByte
                0x0000082c       0x3c .\CortexM3\ARM_GCC_441\Debug\hal.o
                0x0000082c                HAL_GetByte
 .text.HAL_TransmitArray
                0x00000868       0x60 .\CortexM3\ARM_GCC_441\Debug\hal.o
                0x00000868                HAL_TransmitArray
 .text.SCH_GetTaskIndex
                0x000008c8       0x64 .\CortexM3\ARM_GCC_441\Debug\scheduler.o
 .text.SCH_TaskHandler
                0x0000092c      0x304 .\CortexM3\ARM_GCC_441\Debug\scheduler.o
                0x0000092c                SCH_TaskHandler
 .text.GetChecksum
                0x00000c30       0x64 .\CortexM3\ARM_GCC_441\Debug\servo_cds5500.o
 .text.CDS5500_Ping
                0x00000c94       0x88 .\CortexM3\ARM_GCC_441\Debug\servo_cds5500.o
                0x00000c94                CDS5500_Ping
 .text.TST_Blink
                0x00000d1c       0x30 .\CortexM3\ARM_GCC_441\Debug\test.o
 .text.TST_Init
                0x00000d4c       0x34 .\CortexM3\ARM_GCC_441\Debug\test.o
                0x00000d4c                TST_Init
 .text.isr_timer_routine
                0x00000d80       0x18 .\CortexM3\ARM_GCC_441\Debug\tmr.o
                0x00000d80                isr_timer_routine
 .text.TMR_Init
                0x00000d98       0x6c .\CortexM3\ARM_GCC_441\Debug\tmr.o
                0x00000d98                TMR_Init
 .text.TMR_SetTimer
                0x00000e04       0x98 .\CortexM3\ARM_GCC_441\Debug\tmr.o
                0x00000e04                TMR_SetTimer
 .text.TMR_HandleTask
                0x00000e9c      0x1e8 .\CortexM3\ARM_GCC_441\Debug\tmr.o
                0x00000e9c                TMR_HandleTask
 .text.IntDefaultHandler
                0x00001084        0x8 .\CortexM3\ARM_GCC_441\Debug\Cm3Start.o
                0x00001084                IntDefaultHandler
 .text.Reset    0x0000108c       0x24 .\CortexM3\ARM_GCC_441\Debug\Cm3Start.o
                0x0000108c                Reset
 .text.initialize_psoc
                0x000010b0       0xb4 .\CortexM3\ARM_GCC_441\Debug\Cm3Start.o
                0x000010b0                initialize_psoc
 .text.UART_Start
                0x00001164       0x2c .\CortexM3\ARM_GCC_441\Debug\DrivePlatform2.a(UART.o)
                0x00001164                UART_Start
 .text.UART_Init
                0x00001190       0x84 .\CortexM3\ARM_GCC_441\Debug\DrivePlatform2.a(UART.o)
                0x00001190                UART_Init
 .text.UART_Enable
                0x00001214       0x94 .\CortexM3\ARM_GCC_441\Debug\DrivePlatform2.a(UART.o)
                0x00001214                UART_Enable
 .text.UART_EnableRxInt
                0x000012a8       0x18 .\CortexM3\ARM_GCC_441\Debug\DrivePlatform2.a(UART.o)
                0x000012a8                UART_EnableRxInt
 .text.UART_DisableRxInt
                0x000012c0       0x18 .\CortexM3\ARM_GCC_441\Debug\DrivePlatform2.a(UART.o)
                0x000012c0                UART_DisableRxInt
 .text.UART_ReadRxData
                0x000012d8       0xa8 .\CortexM3\ARM_GCC_441\Debug\DrivePlatform2.a(UART.o)
                0x000012d8                UART_ReadRxData
 .text.UART_EnableTxInt
                0x00001380       0x18 .\CortexM3\ARM_GCC_441\Debug\DrivePlatform2.a(UART.o)
                0x00001380                UART_EnableTxInt
 .text.UART_PutChar
                0x00001398       0xb8 .\CortexM3\ARM_GCC_441\Debug\DrivePlatform2.a(UART.o)
                0x00001398                UART_PutChar
 .text.UART_PutArray
                0x00001450       0x48 .\CortexM3\ARM_GCC_441\Debug\DrivePlatform2.a(UART.o)
                0x00001450                UART_PutArray
 .text.UART_RXISR
                0x00001498       0xec .\CortexM3\ARM_GCC_441\Debug\DrivePlatform2.a(UART_INT.o)
                0x00001498                UART_RXISR
 .text.UART_TXISR
                0x00001584       0x98 .\CortexM3\ARM_GCC_441\Debug\DrivePlatform2.a(UART_INT.o)
                0x00001584                UART_TXISR
 .text.TIMER_Init
                0x0000161c       0x60 .\CortexM3\ARM_GCC_441\Debug\DrivePlatform2.a(TIMER.o)
                0x0000161c                TIMER_Init
 .text.TIMER_Enable
                0x0000167c       0x2c .\CortexM3\ARM_GCC_441\Debug\DrivePlatform2.a(TIMER.o)
                0x0000167c                TIMER_Enable
 .text.TIMER_SetInterruptMode
                0x000016a8       0x20 .\CortexM3\ARM_GCC_441\Debug\DrivePlatform2.a(TIMER.o)
                0x000016a8                TIMER_SetInterruptMode
 .text.TIMER_ReadStatusRegister
                0x000016c8       0x18 .\CortexM3\ARM_GCC_441\Debug\DrivePlatform2.a(TIMER.o)
                0x000016c8                TIMER_ReadStatusRegister
 .text.TIMER_WritePeriod
                0x000016e0       0x20 .\CortexM3\ARM_GCC_441\Debug\DrivePlatform2.a(TIMER.o)
                0x000016e0                TIMER_WritePeriod
 .text.TIMER_ReadCapture
                0x00001700       0x18 .\CortexM3\ARM_GCC_441\Debug\DrivePlatform2.a(TIMER.o)
                0x00001700                TIMER_ReadCapture
 .text.TIMER_WriteCounter
                0x00001718       0x20 .\CortexM3\ARM_GCC_441\Debug\DrivePlatform2.a(TIMER.o)
                0x00001718                TIMER_WriteCounter
 .text.TIMER_ReadCounter
                0x00001738       0x20 .\CortexM3\ARM_GCC_441\Debug\DrivePlatform2.a(TIMER.o)
                0x00001738                TIMER_ReadCounter
 .text.TIMER_ClearFIFO
                0x00001758       0x1c .\CortexM3\ARM_GCC_441\Debug\DrivePlatform2.a(TIMER.o)
                0x00001758                TIMER_ClearFIFO
 .text.Isr_tx_Start
                0x00001774       0x24 .\CortexM3\ARM_GCC_441\Debug\DrivePlatform2.a(isr_tx.o)
                0x00001774                Isr_tx_Start
 .text.Isr_tx_Interrupt
                0x00001798        0xc .\CortexM3\ARM_GCC_441\Debug\DrivePlatform2.a(isr_tx.o)
                0x00001798                Isr_tx_Interrupt
 .text.Isr_tx_SetVector
                0x000017a4       0x28 .\CortexM3\ARM_GCC_441\Debug\DrivePlatform2.a(isr_tx.o)
                0x000017a4                Isr_tx_SetVector
 .text.Isr_tx_SetPriority
                0x000017cc       0x28 .\CortexM3\ARM_GCC_441\Debug\DrivePlatform2.a(isr_tx.o)
                0x000017cc                Isr_tx_SetPriority
 .text.Isr_tx_Enable
                0x000017f4       0x18 .\CortexM3\ARM_GCC_441\Debug\DrivePlatform2.a(isr_tx.o)
                0x000017f4                Isr_tx_Enable
 .text.Isr_tx_Disable
                0x0000180c       0x18 .\CortexM3\ARM_GCC_441\Debug\DrivePlatform2.a(isr_tx.o)
                0x0000180c                Isr_tx_Disable
 .text.Isr_rx_Start
                0x00001824       0x24 .\CortexM3\ARM_GCC_441\Debug\DrivePlatform2.a(isr_rx.o)
                0x00001824                Isr_rx_Start
 .text.Isr_rx_Interrupt
                0x00001848        0xc .\CortexM3\ARM_GCC_441\Debug\DrivePlatform2.a(isr_rx.o)
                0x00001848                Isr_rx_Interrupt
 .text.Isr_rx_SetVector
                0x00001854       0x28 .\CortexM3\ARM_GCC_441\Debug\DrivePlatform2.a(isr_rx.o)
                0x00001854                Isr_rx_SetVector
 .text.Isr_rx_SetPriority
                0x0000187c       0x28 .\CortexM3\ARM_GCC_441\Debug\DrivePlatform2.a(isr_rx.o)
                0x0000187c                Isr_rx_SetPriority
 .text.Isr_rx_Enable
                0x000018a4       0x18 .\CortexM3\ARM_GCC_441\Debug\DrivePlatform2.a(isr_rx.o)
                0x000018a4                Isr_rx_Enable
 .text.Isr_rx_Disable
                0x000018bc       0x18 .\CortexM3\ARM_GCC_441\Debug\DrivePlatform2.a(isr_rx.o)
                0x000018bc                Isr_rx_Disable
 .text.TIMER_CLOCK_Start
                0x000018d4       0x44 .\CortexM3\ARM_GCC_441\Debug\DrivePlatform2.a(TIMER_CLOCK.o)
                0x000018d4                TIMER_CLOCK_Start
 .text.UART_IntClock_Start
                0x00001918       0x44 .\CortexM3\ARM_GCC_441\Debug\DrivePlatform2.a(UART_IntClock.o)
                0x00001918                UART_IntClock_Start
 *fill*         0x0000195c        0x4 00
 .text          0x00001960       0x20 .\CortexM3\ARM_GCC_441\Debug\DrivePlatform2.a(CyBootAsmGnu.o)
                0x00001960                CyDelayCycles
                0x00001970                CyEnterCriticalSection
                0x00001978                CyExitCriticalSection
 .text.CyHalt   0x00001980       0x18 .\CortexM3\ARM_GCC_441\Debug\DrivePlatform2.a(CyLib.o)
                0x00001980                CyHalt
 .text.CyIntSetVector
                0x00001998       0x60 .\CortexM3\ARM_GCC_441\Debug\DrivePlatform2.a(CyLib.o)
                0x00001998                CyIntSetVector
 .text.CyIntSetPriority
                0x000019f8       0x4c .\CortexM3\ARM_GCC_441\Debug\DrivePlatform2.a(CyLib.o)
                0x000019f8                CyIntSetPriority
 .text.DEBUG_LED_1_Write
                0x00001a44       0x40 .\CortexM3\ARM_GCC_441\Debug\DrivePlatform2.a(DEBUG_LED_1.o)
                0x00001a44                DEBUG_LED_1_Write
 .text.Isr_timer_Start
                0x00001a84       0x24 .\CortexM3\ARM_GCC_441\Debug\DrivePlatform2.a(Isr_timer.o)
                0x00001a84                Isr_timer_Start
 .text.Isr_timer_Interrupt
                0x00001aa8        0xc .\CortexM3\ARM_GCC_441\Debug\DrivePlatform2.a(Isr_timer.o)
                0x00001aa8                Isr_timer_Interrupt
 .text.Isr_timer_SetVector
                0x00001ab4       0x28 .\CortexM3\ARM_GCC_441\Debug\DrivePlatform2.a(Isr_timer.o)
                0x00001ab4                Isr_timer_SetVector
 .text.Isr_timer_SetPriority
                0x00001adc       0x28 .\CortexM3\ARM_GCC_441\Debug\DrivePlatform2.a(Isr_timer.o)
                0x00001adc                Isr_timer_SetPriority
 .text.Isr_timer_Enable
                0x00001b04       0x18 .\CortexM3\ARM_GCC_441\Debug\DrivePlatform2.a(Isr_timer.o)
                0x00001b04                Isr_timer_Enable
 .text.Isr_timer_Disable
                0x00001b1c       0x18 .\CortexM3\ARM_GCC_441\Debug\DrivePlatform2.a(Isr_timer.o)
                0x00001b1c                Isr_timer_Disable
 .text.CYMEMZERO8
                0x00001b34       0x3c .\CortexM3\ARM_GCC_441\Debug\DrivePlatform2.a(cyfitter_cfg.o)
 .text.CYCONFIGCPY8
                0x00001b70       0x48 .\CortexM3\ARM_GCC_441\Debug\DrivePlatform2.a(cyfitter_cfg.o)
 .text.CYMEMZERO
                0x00001bb8       0x20 .\CortexM3\ARM_GCC_441\Debug\DrivePlatform2.a(cyfitter_cfg.o)
 .text.CYCONFIGCPY
                0x00001bd8       0x20 .\CortexM3\ARM_GCC_441\Debug\DrivePlatform2.a(cyfitter_cfg.o)
 .text.cfg_write_bytes32
                0x00001bf8       0x84 .\CortexM3\ARM_GCC_441\Debug\DrivePlatform2.a(cyfitter_cfg.o)
 .text.ClockSetup
                0x00001c7c      0x130 .\CortexM3\ARM_GCC_441\Debug\DrivePlatform2.a(cyfitter_cfg.o)
 .text.AnalogSetDefault
                0x00001dac       0x98 .\CortexM3\ARM_GCC_441\Debug\DrivePlatform2.a(cyfitter_cfg.o)
 .text.cyfitter_cfg
                0x00001e44      0x264 .\CortexM3\ARM_GCC_441\Debug\DrivePlatform2.a(cyfitter_cfg.o)
                0x00001e44                cyfitter_cfg
 .text          0x000020a8      0x190 c:/program files (x86)/cypress/psoc creator/2.2/psoc creator/import/gnu_cs/arm/4.4.1/bin/../lib/gcc/arm-none-eabi/4.4.1/../../../../arm-none-eabi/lib/thumb2\libc.a(lib_a-memcpy.o)
                0x000020a8                memcpy
 .text          0x00002238       0xd4 c:/program files (x86)/cypress/psoc creator/2.2/psoc creator/import/gnu_cs/arm/4.4.1/bin/../lib/gcc/arm-none-eabi/4.4.1/../../../../arm-none-eabi/lib/thumb2\libc.a(lib_a-memset.o)
                0x00002238                memset
 .text          0x0000230c      0x1dc c:/program files (x86)/cypress/psoc creator/2.2/psoc creator/import/gnu_cs/arm/4.4.1/bin/../lib/gcc/arm-none-eabi/4.4.1/../../../../arm-none-eabi/lib/thumb2\libc.a(lib_a-strcmp.o)
                0x0000230c                strcmp
 .text          0x000024e8       0x78 c:/program files (x86)/cypress/psoc creator/2.2/psoc creator/import/gnu_cs/arm/4.4.1/bin/../lib/gcc/arm-none-eabi/4.4.1/../../../../arm-none-eabi/lib/thumb2\libc.a(lib_a-strncpy.o)
                0x000024e8                strncpy
 .text          0x00002560       0x30 c:/program files (x86)/cypress/psoc creator/2.2/psoc creator/import/gnu_cs/arm/4.4.1/bin/../lib/gcc/arm-none-eabi/4.4.1/../../../../arm-none-eabi/lib/thumb2\libcs3.a(start_c.o)
                0x00002560                __cs3_premain
 .text          0x00002590        0x2 c:/program files (x86)/cypress/psoc creator/2.2/psoc creator/import/gnu_cs/arm/4.4.1/bin/../lib/gcc/arm-none-eabi/4.4.1/../../../../arm-none-eabi/lib/thumb2\libcs3micro.a(micro_isr_interrupt.o)
                0x00002590                __cs3_isr_external_24
                0x00002590                __cs3_isr_external_9
                0x00002590                __cs3_isr_external_14
                0x00002590                __cs3_isr_reserved_9
                0x00002590                __cs3_isr_external_4
                0x00002590                __cs3_isr_external_21
                0x00002590                __cs3_isr_external_0
                0x00002590                __cs3_isr_external_27
                0x00002590                __cs3_isr_external_11
                0x00002590                __cs3_isr_usage_fault
                0x00002590                __cs3_isr_svcall
                0x00002590                __cs3_isr_external_3
                0x00002590                __cs3_isr_mpu_fault
                0x00002590                __cs3_isr_external_16
                0x00002590                __cs3_isr_pendsv
                0x00002590                __cs3_isr_external_31
                0x00002590                __cs3_isr_nmi
                0x00002590                __cs3_isr_external_5
                0x00002590                __cs3_isr_external_6
                0x00002590                __cs3_isr_external_12
                0x00002590                __cs3_isr_hard_fault
                0x00002590                __cs3_isr_bus_fault
                0x00002590                __cs3_isr_external_1
                0x00002590                __cs3_isr_external_13
                0x00002590                __cs3_isr_external_30
                0x00002590                __cs3_isr_external_23
                0x00002590                __cs3_isr_external_20
                0x00002590                __cs3_isr_debug
                0x00002590                __cs3_isr_reserved_13
                0x00002590                __cs3_isr_external_8
                0x00002590                __cs3_isr_external_26
                0x00002590                __cs3_isr_reserved_8
                0x00002590                __cs3_isr_reserved_7
                0x00002590                __cs3_isr_external_7
                0x00002590                __cs3_isr_external_28
                0x00002590                __cs3_isr_systick
                0x00002590                __cs3_isr_external_22
                0x00002590                __cs3_isr_external_10
                0x00002590                __cs3_isr_external_15
                0x00002590                __cs3_isr_interrupt
                0x00002590                __cs3_isr_external_18
                0x00002590                __cs3_isr_external_29
                0x00002590                __cs3_isr_external_25
                0x00002590                __cs3_isr_reserved_10
                0x00002590                __cs3_isr_external_2
                0x00002590                __cs3_isr_external_17
                0x00002590                __cs3_isr_external_19
 *fill*         0x00002592        0x2 00
 .text          0x00002594       0x50 c:/program files (x86)/cypress/psoc creator/2.2/psoc creator/import/gnu_cs/arm/4.4.1/bin/../lib/gcc/arm-none-eabi/4.4.1/../../../../arm-none-eabi/lib/thumb2\libc.a(lib_a-init.o)
                0x00002594                __libc_init_array
 *(.plt)
 *(.gnu.warning)
 *(.glue_7t)
 .glue_7t       0x00000000        0x0 linker stubs
 *(.glue_7)
 .glue_7        0x00000000        0x0 linker stubs
 *(.vfp11_veneer)
 .vfp11_veneer  0x00000000        0x0 linker stubs
 *(.bootloader)
 *(.ARM.extab* .gnu.linkonce.armextab.*)
 *(.gcc_except_table)

.v4_bx          0x000025e4        0x0
 .v4_bx         0x00000000        0x0 linker stubs

.eh_frame_hdr
 *(.eh_frame_hdr)

.eh_frame
 *(.eh_frame)
                0x000025e4                PROVIDE (__exidx_start, .)

.ARM.exidx
 *(.ARM.exidx* .gnu.linkonce.armexidx.*)
                0x000025e4                __exidx_end = .

.rodata         0x000025e4       0x84
 *(.rodata .rodata.* .gnu.linkonce.r.*)
 .rodata        0x000025e4        0xc .\CortexM3\ARM_GCC_441\Debug\bpl.o
 .rodata        0x000025f0       0x10 .\CortexM3\ARM_GCC_441\Debug\hal.o
 .rodata        0x00002600       0x30 .\CortexM3\ARM_GCC_441\Debug\DrivePlatform2.a(cyfitter_cfg.o)
                0x00002630                . = ALIGN (0x4)
 *(.init)
 .init          0x00002630        0x4 c:/program files (x86)/cypress/psoc creator/2.2/psoc creator/import/gnu_cs/arm/4.4.1/bin/../lib/gcc/arm-none-eabi/4.4.1/thumb2/crti.o
                0x00002630                _init
 .init          0x00002634        0x8 c:/program files (x86)/cypress/psoc creator/2.2/psoc creator/import/gnu_cs/arm/4.4.1/bin/../lib/gcc/arm-none-eabi/4.4.1/thumb2/crtn.o
                0x0000263c                . = ALIGN (0x4)
                0x0000263c                __preinit_array_start = .
 *(.preinit_array)
                0x0000263c                __preinit_array_end = .
                0x0000263c                . = ALIGN (0x4)
                0x0000263c                __init_array_start = .
 *(SORT(.init_array.*))
 *(.init_array)
 .init_array    0x0000263c        0x4 c:/program files (x86)/cypress/psoc creator/2.2/psoc creator/import/gnu_cs/arm/4.4.1/bin/../lib/gcc/arm-none-eabi/4.4.1/thumb2/crtbegin.o
 .init_array    0x00002640        0x4 .\CortexM3\ARM_GCC_441\Debug\Cm3Start.o
                0x00002644                __init_array_end = .
                0x00002644                . = ALIGN (0x4)
 *(.fini)
 .fini          0x00002644        0x4 c:/program files (x86)/cypress/psoc creator/2.2/psoc creator/import/gnu_cs/arm/4.4.1/bin/../lib/gcc/arm-none-eabi/4.4.1/thumb2/crti.o
                0x00002644                _fini
 .fini          0x00002648        0x8 c:/program files (x86)/cypress/psoc creator/2.2/psoc creator/import/gnu_cs/arm/4.4.1/bin/../lib/gcc/arm-none-eabi/4.4.1/thumb2/crtn.o
                0x00002650                . = ALIGN (0x4)
                0x00002650                __fini_array_start = .
 *(.fini_array)
 .fini_array    0x00002650        0x4 c:/program files (x86)/cypress/psoc creator/2.2/psoc creator/import/gnu_cs/arm/4.4.1/bin/../lib/gcc/arm-none-eabi/4.4.1/thumb2/crtbegin.o
 *(SORT(.fini_array.*))
                0x00002654                __fini_array_end = .
                0x00002654                . = ALIGN (0x4)
 *crtbegin.o(.ctors)
 *(EXCLUDE_FILE(*crtend.o) .ctors)
 *(SORT(.ctors.*))
 *crtend.o(.ctors)
                0x00002654                . = ALIGN (0x4)
 *crtbegin.o(.dtors)
 *(EXCLUDE_FILE(*crtend.o) .dtors)
 *(SORT(.dtors.*))
 *crtend.o(.dtors)
                0x00002654                . = ALIGN (0x4)
                0x00002654                __cs3_regions = .
                0x00002654        0x4 LONG 0x0
                0x00002658        0x4 LONG 0x2668 __cs3_region_init_ram
                0x0000265c        0x4 LONG 0x1fff8108 __cs3_region_start_data
                0x00002660        0x4 LONG 0xc0 __cs3_region_init_size_ram
                0x00002664        0x4 LONG 0x7d0 __cs3_region_zero_size_ram
                0x00002668                __cs3_regions_end = .
                0x00002668                . = ALIGN (0x8)
                0x00002668                _etext = .

.ramvectors     0x1fff8000      0x100
                0x1fff8000                __cs3_region_start_ram = .
 *(.cs3.region-head.ram)
                0x1fff8001                ASSERT ((. == __cs3_region_start_ram), .cs3.region-head.ram not permitted)
 *(.ramvectors)
 .ramvectors    0x1fff8000      0x100 .\CortexM3\ARM_GCC_441\Debug\Cm3Start.o
                0x1fff8000                CyRamVectors

.noinit         0x1fff8100        0x4
 *(.noinit)
 .noinit        0x1fff8100        0x4 .\CortexM3\ARM_GCC_441\Debug\Cm3Start.o

.data           0x1fff8108       0xc0 load address 0x00002668
                0x1fff8108                __cs3_region_start_data = .
 *(.jcr)
 .jcr           0x1fff8108        0x0 c:/program files (x86)/cypress/psoc creator/2.2/psoc creator/import/gnu_cs/arm/4.4.1/bin/../lib/gcc/arm-none-eabi/4.4.1/thumb2/crtbegin.o
 .jcr           0x1fff8108        0x4 c:/program files (x86)/cypress/psoc creator/2.2/psoc creator/import/gnu_cs/arm/4.4.1/bin/../lib/gcc/arm-none-eabi/4.4.1/thumb2/crtend.o
 *(.got.plt)
 *(.got)
 *(.shdata)
 *(.data .data.* .gnu.linkonce.d.*)
 .data          0x1fff810c       0x10 .\CortexM3\ARM_GCC_441\Debug\bpl.o
 .data          0x1fff811c       0xa8 .\CortexM3\ARM_GCC_441\Debug\scheduler.o
 .data          0x1fff81c4        0x1 .\CortexM3\ARM_GCC_441\Debug\tmr.o
                0x1fff81c8                . = ALIGN (0x8)
 *fill*         0x1fff81c5        0x3 00
 *(.ram)
                0x1fff81c8                _edata = .

.bss            0x1fff81c8      0x7d0 load address 0x00002728
 *(.shbss)
 *(.bss .bss.* .gnu.linkonce.b.*)
 .bss           0x1fff81c8        0x1 c:/program files (x86)/cypress/psoc creator/2.2/psoc creator/import/gnu_cs/arm/4.4.1/bin/../lib/gcc/arm-none-eabi/4.4.1/thumb2/crtbegin.o
 *fill*         0x1fff81c9        0x3 00
 .bss           0x1fff81cc      0x204 .\CortexM3\ARM_GCC_441\Debug\bpl.o
 .bss           0x1fff83d0       0xa0 .\CortexM3\ARM_GCC_441\Debug\error.o
 .bss           0x1fff8470        0x3 .\CortexM3\ARM_GCC_441\Debug\hal.o
 *fill*         0x1fff8473        0x1 00
 .bss           0x1fff8474      0x408 .\CortexM3\ARM_GCC_441\Debug\scheduler.o
 .bss           0x1fff887c       0x24 .\CortexM3\ARM_GCC_441\Debug\test.o
 .bss           0x1fff88a0       0xac .\CortexM3\ARM_GCC_441\Debug\tmr.o
 .bss           0x1fff894c        0x8 .\CortexM3\ARM_GCC_441\Debug\DrivePlatform2.a(UART.o)
                0x1fff894c                UART_initVar
                0x1fff894d                UART_txBufferRead
                0x1fff894e                UART_txBufferWrite
                0x1fff894f                UART_rxBufferRead
                0x1fff8950                UART_rxBufferWrite
                0x1fff8951                UART_rxBufferLoopDetect
                0x1fff8952                UART_rxBufferOverflow
 *(COMMON)
 COMMON         0x1fff8954       0x40 .\CortexM3\ARM_GCC_441\Debug\DrivePlatform2.a(UART.o)
                0x1fff8954                UART_rxBuffer
                0x1fff8974                UART_txBuffer
 COMMON         0x1fff8994        0x1 .\CortexM3\ARM_GCC_441\Debug\DrivePlatform2.a(CyLib.o)
                0x1fff8994                CyResetStatus
                0x1fff8998                . = ALIGN (0x8)
 *fill*         0x1fff8995        0x3 00
 *(.ram.b)
                0x1fff8998                _end = .
                0x1fff8998                __end = .
                0x20003000                __cs3_region_end_ram = (__cs3_region_start_ram + 0xb000)
                0x0000b000                __cs3_region_size_ram = 0xb000
                0x00002668                __cs3_region_init_ram = LOADADDR (.data)
                0x000000c0                __cs3_region_init_size_ram = (_edata - ADDR (.data))
                0x000007d0                __cs3_region_zero_size_ram = (_end - _edata)

.stab
 *(.stab)

.stabstr
 *(.stabstr)

.debug
 *(.debug)

.line
 *(.line)

.debug_srcinfo
 *(.debug_srcinfo)

.debug_sfnames
 *(.debug_sfnames)

.comment        0x00000000      0x433
 .comment       0x00000000       0x2b .\CortexM3\ARM_GCC_441\Debug\main.o
 .comment       0x0000002b       0x2b .\CortexM3\ARM_GCC_441\Debug\bal.o
 .comment       0x00000056       0x2b .\CortexM3\ARM_GCC_441\Debug\bpl.o
 .comment       0x00000081       0x2b .\CortexM3\ARM_GCC_441\Debug\bus.o
 .comment       0x000000ac       0x2b .\CortexM3\ARM_GCC_441\Debug\error.o
 .comment       0x000000d7       0x2b .\CortexM3\ARM_GCC_441\Debug\hal.o
 .comment       0x00000102       0x2b .\CortexM3\ARM_GCC_441\Debug\scheduler.o
 .comment       0x0000012d       0x2b .\CortexM3\ARM_GCC_441\Debug\servo_cds5500.o
 .comment       0x00000158       0x2b .\CortexM3\ARM_GCC_441\Debug\test.o
 .comment       0x00000183       0x2b .\CortexM3\ARM_GCC_441\Debug\tmr.o
 .comment       0x000001ae       0x2b .\CortexM3\ARM_GCC_441\Debug\Cm3Start.o
 .comment       0x000001d9       0x2b .\CortexM3\ARM_GCC_441\Debug\DrivePlatform2.a(UART.o)
 .comment       0x00000204       0x2b .\CortexM3\ARM_GCC_441\Debug\DrivePlatform2.a(UART_INT.o)
 .comment       0x0000022f       0x2b .\CortexM3\ARM_GCC_441\Debug\DrivePlatform2.a(TIMER.o)
 .comment       0x0000025a       0x2b .\CortexM3\ARM_GCC_441\Debug\DrivePlatform2.a(isr_tx.o)
 .comment       0x00000285       0x2b .\CortexM3\ARM_GCC_441\Debug\DrivePlatform2.a(isr_rx.o)
 .comment       0x000002b0       0x2b .\CortexM3\ARM_GCC_441\Debug\DrivePlatform2.a(TIMER_CLOCK.o)
 .comment       0x000002db       0x2b .\CortexM3\ARM_GCC_441\Debug\DrivePlatform2.a(UART_IntClock.o)
 .comment       0x00000306       0x2b .\CortexM3\ARM_GCC_441\Debug\DrivePlatform2.a(CyLib.o)
 .comment       0x00000331       0x2b .\CortexM3\ARM_GCC_441\Debug\DrivePlatform2.a(cyPm.o)
 .comment       0x0000035c       0x2b .\CortexM3\ARM_GCC_441\Debug\DrivePlatform2.a(DEBUG_LED_1.o)
 .comment       0x00000387       0x2b .\CortexM3\ARM_GCC_441\Debug\DrivePlatform2.a(Isr_timer.o)
 .comment       0x000003b2       0x2b .\CortexM3\ARM_GCC_441\Debug\DrivePlatform2.a(cyfitter_cfg.o)
 .comment       0x000003dd       0x2b .\CortexM3\ARM_GCC_441\Debug\DrivePlatform2.a(CyFlash.o)
 .comment       0x00000408       0x2b .\CortexM3\ARM_GCC_441\Debug\DrivePlatform2.a(CySpc.o)

.debug_aranges  0x00000000      0xab8
 *(.debug_aranges)
 .debug_aranges
                0x00000000       0x20 .\CortexM3\ARM_GCC_441\Debug\main.o
 .debug_aranges
                0x00000020       0x40 .\CortexM3\ARM_GCC_441\Debug\bal.o
 .debug_aranges
                0x00000060       0x40 .\CortexM3\ARM_GCC_441\Debug\bpl.o
 .debug_aranges
                0x000000a0       0x40 .\CortexM3\ARM_GCC_441\Debug\error.o
 .debug_aranges
                0x000000e0       0x70 .\CortexM3\ARM_GCC_441\Debug\hal.o
 .debug_aranges
                0x00000150       0x30 .\CortexM3\ARM_GCC_441\Debug\scheduler.o
 .debug_aranges
                0x00000180       0x48 .\CortexM3\ARM_GCC_441\Debug\servo_cds5500.o
 .debug_aranges
                0x000001c8       0x30 .\CortexM3\ARM_GCC_441\Debug\test.o
 .debug_aranges
                0x000001f8       0x48 .\CortexM3\ARM_GCC_441\Debug\tmr.o
 .debug_aranges
                0x00000240       0x30 .\CortexM3\ARM_GCC_441\Debug\Cm3Start.o
 .debug_aranges
                0x00000270      0x110 .\CortexM3\ARM_GCC_441\Debug\DrivePlatform2.a(UART.o)
 .debug_aranges
                0x00000380       0x28 .\CortexM3\ARM_GCC_441\Debug\DrivePlatform2.a(UART_INT.o)
 .debug_aranges
                0x000003a8       0x90 .\CortexM3\ARM_GCC_441\Debug\DrivePlatform2.a(TIMER.o)
 .debug_aranges
                0x00000438       0x80 .\CortexM3\ARM_GCC_441\Debug\DrivePlatform2.a(isr_tx.o)
 .debug_aranges
                0x000004b8       0x80 .\CortexM3\ARM_GCC_441\Debug\DrivePlatform2.a(isr_rx.o)
 .debug_aranges
                0x00000538       0x68 .\CortexM3\ARM_GCC_441\Debug\DrivePlatform2.a(TIMER_CLOCK.o)
 .debug_aranges
                0x000005a0       0x68 .\CortexM3\ARM_GCC_441\Debug\DrivePlatform2.a(UART_IntClock.o)
 .debug_aranges
                0x00000608       0x20 .\CortexM3\ARM_GCC_441\Debug\DrivePlatform2.a(CyBootAsmGnu.o)
 .debug_aranges
                0x00000628      0x1e0 .\CortexM3\ARM_GCC_441\Debug\DrivePlatform2.a(CyLib.o)
 .debug_aranges
                0x00000808       0xb8 .\CortexM3\ARM_GCC_441\Debug\DrivePlatform2.a(cyPm.o)
 .debug_aranges
                0x000008c0       0x38 .\CortexM3\ARM_GCC_441\Debug\DrivePlatform2.a(DEBUG_LED_1.o)
 .debug_aranges
                0x000008f8       0x80 .\CortexM3\ARM_GCC_441\Debug\DrivePlatform2.a(Isr_timer.o)
 .debug_aranges
                0x00000978       0x70 .\CortexM3\ARM_GCC_441\Debug\DrivePlatform2.a(cyfitter_cfg.o)
 .debug_aranges
                0x000009e8       0x68 .\CortexM3\ARM_GCC_441\Debug\DrivePlatform2.a(CyFlash.o)
 .debug_aranges
                0x00000a50       0x68 .\CortexM3\ARM_GCC_441\Debug\DrivePlatform2.a(CySpc.o)

.debug_pubnames
                0x00000000     0x16fa
 *(.debug_pubnames)
 .debug_pubnames
                0x00000000       0x1b .\CortexM3\ARM_GCC_441\Debug\main.o
 .debug_pubnames
                0x0000001b       0x53 .\CortexM3\ARM_GCC_441\Debug\bal.o
 .debug_pubnames
                0x0000006e       0x78 .\CortexM3\ARM_GCC_441\Debug\bpl.o
 .debug_pubnames
                0x000000e6       0x76 .\CortexM3\ARM_GCC_441\Debug\error.o
 .debug_pubnames
                0x0000015c       0xef .\CortexM3\ARM_GCC_441\Debug\hal.o
 .debug_pubnames
                0x0000024b       0x3f .\CortexM3\ARM_GCC_441\Debug\scheduler.o
 .debug_pubnames
                0x0000028a       0x58 .\CortexM3\ARM_GCC_441\Debug\servo_cds5500.o
 .debug_pubnames
                0x000002e2       0x32 .\CortexM3\ARM_GCC_441\Debug\test.o
 .debug_pubnames
                0x00000314       0x7e .\CortexM3\ARM_GCC_441\Debug\tmr.o
 .debug_pubnames
                0x00000392       0x66 .\CortexM3\ARM_GCC_441\Debug\Cm3Start.o
 .debug_pubnames
                0x000003f8      0x36e .\CortexM3\ARM_GCC_441\Debug\DrivePlatform2.a(UART.o)
 .debug_pubnames
                0x00000766       0x30 .\CortexM3\ARM_GCC_441\Debug\DrivePlatform2.a(UART_INT.o)
 .debug_pubnames
                0x00000796      0x174 .\CortexM3\ARM_GCC_441\Debug\DrivePlatform2.a(TIMER.o)
 .debug_pubnames
                0x0000090a      0x11a .\CortexM3\ARM_GCC_441\Debug\DrivePlatform2.a(isr_tx.o)
 .debug_pubnames
                0x00000a24      0x11a .\CortexM3\ARM_GCC_441\Debug\DrivePlatform2.a(isr_rx.o)
 .debug_pubnames
                0x00000b3e      0x146 .\CortexM3\ARM_GCC_441\Debug\DrivePlatform2.a(TIMER_CLOCK.o)
 .debug_pubnames
                0x00000c84      0x15a .\CortexM3\ARM_GCC_441\Debug\DrivePlatform2.a(UART_IntClock.o)
 .debug_pubnames
                0x00000dde      0x4be .\CortexM3\ARM_GCC_441\Debug\DrivePlatform2.a(CyLib.o)
 .debug_pubnames
                0x0000129c       0xbb .\CortexM3\ARM_GCC_441\Debug\DrivePlatform2.a(cyPm.o)
 .debug_pubnames
                0x00001357       0x76 .\CortexM3\ARM_GCC_441\Debug\DrivePlatform2.a(DEBUG_LED_1.o)
 .debug_pubnames
                0x000013cd      0x141 .\CortexM3\ARM_GCC_441\Debug\DrivePlatform2.a(Isr_timer.o)
 .debug_pubnames
                0x0000150e       0x3d .\CortexM3\ARM_GCC_441\Debug\DrivePlatform2.a(cyfitter_cfg.o)
 .debug_pubnames
                0x0000154b       0xdf .\CortexM3\ARM_GCC_441\Debug\DrivePlatform2.a(CyFlash.o)
 .debug_pubnames
                0x0000162a       0xd0 .\CortexM3\ARM_GCC_441\Debug\DrivePlatform2.a(CySpc.o)

.debug_info     0x00000000     0x4b8d
 *(.debug_info .gnu.linkonce.wi.*)
 .debug_info    0x00000000      0x103 .\CortexM3\ARM_GCC_441\Debug\main.o
 .debug_info    0x00000103      0x226 .\CortexM3\ARM_GCC_441\Debug\bal.o
 .debug_info    0x00000329      0x261 .\CortexM3\ARM_GCC_441\Debug\bpl.o
 .debug_info    0x0000058a       0x97 .\CortexM3\ARM_GCC_441\Debug\bus.o
 .debug_info    0x00000621      0x337 .\CortexM3\ARM_GCC_441\Debug\error.o
 .debug_info    0x00000958      0x295 .\CortexM3\ARM_GCC_441\Debug\hal.o
 .debug_info    0x00000bed      0x27d .\CortexM3\ARM_GCC_441\Debug\scheduler.o
 .debug_info    0x00000e6a      0x302 .\CortexM3\ARM_GCC_441\Debug\servo_cds5500.o
 .debug_info    0x0000116c      0x14f .\CortexM3\ARM_GCC_441\Debug\test.o
 .debug_info    0x000012bb      0x2bd .\CortexM3\ARM_GCC_441\Debug\tmr.o
 .debug_info    0x00001578      0x168 .\CortexM3\ARM_GCC_441\Debug\Cm3Start.o
 .debug_info    0x000016e0      0x6bd .\CortexM3\ARM_GCC_441\Debug\DrivePlatform2.a(UART.o)
 .debug_info    0x00001d9d      0x16d .\CortexM3\ARM_GCC_441\Debug\DrivePlatform2.a(UART_INT.o)
 .debug_info    0x00001f0a      0x26d .\CortexM3\ARM_GCC_441\Debug\DrivePlatform2.a(TIMER.o)
 .debug_info    0x00002177      0x23b .\CortexM3\ARM_GCC_441\Debug\DrivePlatform2.a(isr_tx.o)
 .debug_info    0x000023b2      0x23b .\CortexM3\ARM_GCC_441\Debug\DrivePlatform2.a(isr_rx.o)
 .debug_info    0x000025ed      0x237 .\CortexM3\ARM_GCC_441\Debug\DrivePlatform2.a(TIMER_CLOCK.o)
 .debug_info    0x00002824      0x237 .\CortexM3\ARM_GCC_441\Debug\DrivePlatform2.a(UART_IntClock.o)
 .debug_info    0x00002a5b       0xbe .\CortexM3\ARM_GCC_441\Debug\DrivePlatform2.a(CyBootAsmGnu.o)
 .debug_info    0x00002b19      0xbce .\CortexM3\ARM_GCC_441\Debug\DrivePlatform2.a(CyLib.o)
 .debug_info    0x000036e7      0x63e .\CortexM3\ARM_GCC_441\Debug\DrivePlatform2.a(cyPm.o)
 .debug_info    0x00003d25      0x120 .\CortexM3\ARM_GCC_441\Debug\DrivePlatform2.a(DEBUG_LED_1.o)
 .debug_info    0x00003e45      0x23b .\CortexM3\ARM_GCC_441\Debug\DrivePlatform2.a(Isr_timer.o)
 .debug_info    0x00004080      0x459 .\CortexM3\ARM_GCC_441\Debug\DrivePlatform2.a(cyfitter_cfg.o)
 .debug_info    0x000044d9      0x308 .\CortexM3\ARM_GCC_441\Debug\DrivePlatform2.a(CyFlash.o)
 .debug_info    0x000047e1      0x3ac .\CortexM3\ARM_GCC_441\Debug\DrivePlatform2.a(CySpc.o)

.debug_abbrev   0x00000000     0x17c0
 *(.debug_abbrev)
 .debug_abbrev  0x00000000       0x80 .\CortexM3\ARM_GCC_441\Debug\main.o
 .debug_abbrev  0x00000080      0x10a .\CortexM3\ARM_GCC_441\Debug\bal.o
 .debug_abbrev  0x0000018a       0xc3 .\CortexM3\ARM_GCC_441\Debug\bpl.o
 .debug_abbrev  0x0000024d       0x4b .\CortexM3\ARM_GCC_441\Debug\bus.o
 .debug_abbrev  0x00000298      0x11d .\CortexM3\ARM_GCC_441\Debug\error.o
 .debug_abbrev  0x000003b5      0x110 .\CortexM3\ARM_GCC_441\Debug\hal.o
 .debug_abbrev  0x000004c5      0x100 .\CortexM3\ARM_GCC_441\Debug\scheduler.o
 .debug_abbrev  0x000005c5      0x116 .\CortexM3\ARM_GCC_441\Debug\servo_cds5500.o
 .debug_abbrev  0x000006db       0xa7 .\CortexM3\ARM_GCC_441\Debug\test.o
 .debug_abbrev  0x00000782      0x132 .\CortexM3\ARM_GCC_441\Debug\tmr.o
 .debug_abbrev  0x000008b4       0xec .\CortexM3\ARM_GCC_441\Debug\Cm3Start.o
 .debug_abbrev  0x000009a0      0x13a .\CortexM3\ARM_GCC_441\Debug\DrivePlatform2.a(UART.o)
 .debug_abbrev  0x00000ada       0xa7 .\CortexM3\ARM_GCC_441\Debug\DrivePlatform2.a(UART_INT.o)
 .debug_abbrev  0x00000b81       0xe0 .\CortexM3\ARM_GCC_441\Debug\DrivePlatform2.a(TIMER.o)
 .debug_abbrev  0x00000c61       0xe1 .\CortexM3\ARM_GCC_441\Debug\DrivePlatform2.a(isr_tx.o)
 .debug_abbrev  0x00000d42       0xe1 .\CortexM3\ARM_GCC_441\Debug\DrivePlatform2.a(isr_rx.o)
 .debug_abbrev  0x00000e23       0xcf .\CortexM3\ARM_GCC_441\Debug\DrivePlatform2.a(TIMER_CLOCK.o)
 .debug_abbrev  0x00000ef2       0xcf .\CortexM3\ARM_GCC_441\Debug\DrivePlatform2.a(UART_IntClock.o)
 .debug_abbrev  0x00000fc1       0x14 .\CortexM3\ARM_GCC_441\Debug\DrivePlatform2.a(CyBootAsmGnu.o)
 .debug_abbrev  0x00000fd5      0x182 .\CortexM3\ARM_GCC_441\Debug\DrivePlatform2.a(CyLib.o)
 .debug_abbrev  0x00001157      0x13e .\CortexM3\ARM_GCC_441\Debug\DrivePlatform2.a(cyPm.o)
 .debug_abbrev  0x00001295       0x85 .\CortexM3\ARM_GCC_441\Debug\DrivePlatform2.a(DEBUG_LED_1.o)
 .debug_abbrev  0x0000131a       0xe1 .\CortexM3\ARM_GCC_441\Debug\DrivePlatform2.a(Isr_timer.o)
 .debug_abbrev  0x000013fb      0x16d .\CortexM3\ARM_GCC_441\Debug\DrivePlatform2.a(cyfitter_cfg.o)
 .debug_abbrev  0x00001568      0x14a .\CortexM3\ARM_GCC_441\Debug\DrivePlatform2.a(CyFlash.o)
 .debug_abbrev  0x000016b2      0x10e .\CortexM3\ARM_GCC_441\Debug\DrivePlatform2.a(CySpc.o)

.debug_line     0x00000000     0x2a65
 *(.debug_line)
 .debug_line    0x00000000       0x85 .\CortexM3\ARM_GCC_441\Debug\main.o
 .debug_line    0x00000085      0x13f .\CortexM3\ARM_GCC_441\Debug\bal.o
 .debug_line    0x000001c4      0x145 .\CortexM3\ARM_GCC_441\Debug\bpl.o
 .debug_line    0x00000309       0x44 .\CortexM3\ARM_GCC_441\Debug\bus.o
 .debug_line    0x0000034d      0x15a .\CortexM3\ARM_GCC_441\Debug\error.o
 .debug_line    0x000004a7      0x243 .\CortexM3\ARM_GCC_441\Debug\hal.o
 .debug_line    0x000006ea      0x208 .\CortexM3\ARM_GCC_441\Debug\scheduler.o
 .debug_line    0x000008f2      0x163 .\CortexM3\ARM_GCC_441\Debug\servo_cds5500.o
 .debug_line    0x00000a55       0xfa .\CortexM3\ARM_GCC_441\Debug\test.o
 .debug_line    0x00000b4f      0x1ff .\CortexM3\ARM_GCC_441\Debug\tmr.o
 .debug_line    0x00000d4e       0xb8 .\CortexM3\ARM_GCC_441\Debug\Cm3Start.o
 .debug_line    0x00000e06      0x35c .\CortexM3\ARM_GCC_441\Debug\DrivePlatform2.a(UART.o)
 .debug_line    0x00001162       0xc4 .\CortexM3\ARM_GCC_441\Debug\DrivePlatform2.a(UART_INT.o)
 .debug_line    0x00001226      0x18a .\CortexM3\ARM_GCC_441\Debug\DrivePlatform2.a(TIMER.o)
 .debug_line    0x000013b0      0x15a .\CortexM3\ARM_GCC_441\Debug\DrivePlatform2.a(isr_tx.o)
 .debug_line    0x0000150a      0x15a .\CortexM3\ARM_GCC_441\Debug\DrivePlatform2.a(isr_rx.o)
 .debug_line    0x00001664      0x162 .\CortexM3\ARM_GCC_441\Debug\DrivePlatform2.a(TIMER_CLOCK.o)
 .debug_line    0x000017c6      0x164 .\CortexM3\ARM_GCC_441\Debug\DrivePlatform2.a(UART_IntClock.o)
 .debug_line    0x0000192a       0x67 .\CortexM3\ARM_GCC_441\Debug\DrivePlatform2.a(CyBootAsmGnu.o)
 .debug_line    0x00001991      0x5c7 .\CortexM3\ARM_GCC_441\Debug\DrivePlatform2.a(CyLib.o)
 .debug_line    0x00001f58      0x3f2 .\CortexM3\ARM_GCC_441\Debug\DrivePlatform2.a(cyPm.o)
 .debug_line    0x0000234a       0xb6 .\CortexM3\ARM_GCC_441\Debug\DrivePlatform2.a(DEBUG_LED_1.o)
 .debug_line    0x00002400      0x15d .\CortexM3\ARM_GCC_441\Debug\DrivePlatform2.a(Isr_timer.o)
 .debug_line    0x0000255d      0x212 .\CortexM3\ARM_GCC_441\Debug\DrivePlatform2.a(cyfitter_cfg.o)
 .debug_line    0x0000276f      0x170 .\CortexM3\ARM_GCC_441\Debug\DrivePlatform2.a(CyFlash.o)
 .debug_line    0x000028df      0x186 .\CortexM3\ARM_GCC_441\Debug\DrivePlatform2.a(CySpc.o)

.debug_frame    0x00000000     0x28f0
 *(.debug_frame)
 .debug_frame   0x00000000       0x30 .\CortexM3\ARM_GCC_441\Debug\main.o
 .debug_frame   0x00000030       0xa8 .\CortexM3\ARM_GCC_441\Debug\bal.o
 .debug_frame   0x000000d8       0xb0 .\CortexM3\ARM_GCC_441\Debug\bpl.o
 .debug_frame   0x00000188       0xa8 .\CortexM3\ARM_GCC_441\Debug\error.o
 .debug_frame   0x00000230      0x154 .\CortexM3\ARM_GCC_441\Debug\hal.o
 .debug_frame   0x00000384       0x70 .\CortexM3\ARM_GCC_441\Debug\scheduler.o
 .debug_frame   0x000003f4       0xcc .\CortexM3\ARM_GCC_441\Debug\servo_cds5500.o
 .debug_frame   0x000004c0       0x68 .\CortexM3\ARM_GCC_441\Debug\test.o
 .debug_frame   0x00000528       0xbc .\CortexM3\ARM_GCC_441\Debug\tmr.o
 .debug_frame   0x000005e4       0x5c .\CortexM3\ARM_GCC_441\Debug\Cm3Start.o
 .debug_frame   0x00000640      0x3ac .\CortexM3\ARM_GCC_441\Debug\DrivePlatform2.a(UART.o)
 .debug_frame   0x000009ec       0x48 .\CortexM3\ARM_GCC_441\Debug\DrivePlatform2.a(UART_INT.o)
 .debug_frame   0x00000a34      0x1b8 .\CortexM3\ARM_GCC_441\Debug\DrivePlatform2.a(TIMER.o)
 .debug_frame   0x00000bec      0x180 .\CortexM3\ARM_GCC_441\Debug\DrivePlatform2.a(isr_tx.o)
 .debug_frame   0x00000d6c      0x180 .\CortexM3\ARM_GCC_441\Debug\DrivePlatform2.a(isr_rx.o)
 .debug_frame   0x00000eec      0x130 .\CortexM3\ARM_GCC_441\Debug\DrivePlatform2.a(TIMER_CLOCK.o)
 .debug_frame   0x0000101c      0x130 .\CortexM3\ARM_GCC_441\Debug\DrivePlatform2.a(UART_IntClock.o)
 .debug_frame   0x0000114c      0x6b8 .\CortexM3\ARM_GCC_441\Debug\DrivePlatform2.a(CyLib.o)
 .debug_frame   0x00001804      0x25c .\CortexM3\ARM_GCC_441\Debug\DrivePlatform2.a(cyPm.o)
 .debug_frame   0x00001a60       0x80 .\CortexM3\ARM_GCC_441\Debug\DrivePlatform2.a(DEBUG_LED_1.o)
 .debug_frame   0x00001ae0      0x180 .\CortexM3\ARM_GCC_441\Debug\DrivePlatform2.a(Isr_timer.o)
 .debug_frame   0x00001c60      0x158 .\CortexM3\ARM_GCC_441\Debug\DrivePlatform2.a(cyfitter_cfg.o)
 .debug_frame   0x00001db8      0x140 .\CortexM3\ARM_GCC_441\Debug\DrivePlatform2.a(CyFlash.o)
 .debug_frame   0x00001ef8      0x13c .\CortexM3\ARM_GCC_441\Debug\DrivePlatform2.a(CySpc.o)
 .debug_frame   0x00002034       0x34 c:/program files (x86)/cypress/psoc creator/2.2/psoc creator/import/gnu_cs/arm/4.4.1/bin/../lib/gcc/arm-none-eabi/4.4.1/../../../../arm-none-eabi/lib/thumb2\libc.a(lib_a-memcpy.o)
 .debug_frame   0x00002068       0x28 c:/program files (x86)/cypress/psoc creator/2.2/psoc creator/import/gnu_cs/arm/4.4.1/bin/../lib/gcc/arm-none-eabi/4.4.1/../../../../arm-none-eabi/lib/thumb2\libc.a(lib_a-memset.o)
 .debug_frame   0x00002090       0x5c c:/program files (x86)/cypress/psoc creator/2.2/psoc creator/import/gnu_cs/arm/4.4.1/bin/../lib/gcc/arm-none-eabi/4.4.1/../../../../arm-none-eabi/lib/thumb2\libc.a(lib_a-sprintf.o)
 .debug_frame   0x000020ec       0x30 c:/program files (x86)/cypress/psoc creator/2.2/psoc creator/import/gnu_cs/arm/4.4.1/bin/../lib/gcc/arm-none-eabi/4.4.1/../../../../arm-none-eabi/lib/thumb2\libc.a(lib_a-strcmp.o)
 .debug_frame   0x0000211c       0x28 c:/program files (x86)/cypress/psoc creator/2.2/psoc creator/import/gnu_cs/arm/4.4.1/bin/../lib/gcc/arm-none-eabi/4.4.1/../../../../arm-none-eabi/lib/thumb2\libc.a(lib_a-strncpy.o)
 .debug_frame   0x00002144       0x68 c:/program files (x86)/cypress/psoc creator/2.2/psoc creator/import/gnu_cs/arm/4.4.1/bin/../lib/gcc/arm-none-eabi/4.4.1/../../../../arm-none-eabi/lib/thumb2\libc.a(lib_a-svfprintf.o)
 .debug_frame   0x000021ac       0x64 c:/program files (x86)/cypress/psoc creator/2.2/psoc creator/import/gnu_cs/arm/4.4.1/bin/../lib/gcc/arm-none-eabi/4.4.1/../../../../arm-none-eabi/lib/thumb2\libc.a(lib_a-dtoa.o)
 .debug_frame   0x00002210       0x50 c:/program files (x86)/cypress/psoc creator/2.2/psoc creator/import/gnu_cs/arm/4.4.1/bin/../lib/gcc/arm-none-eabi/4.4.1/../../../../arm-none-eabi/lib/thumb2\libc.a(lib_a-freer.o)
 .debug_frame   0x00002260       0x6c c:/program files (x86)/cypress/psoc creator/2.2/psoc creator/import/gnu_cs/arm/4.4.1/bin/../lib/gcc/arm-none-eabi/4.4.1/../../../../arm-none-eabi/lib/thumb2\libc.a(lib_a-locale.o)
 .debug_frame   0x000022cc       0x30 c:/program files (x86)/cypress/psoc creator/2.2/psoc creator/import/gnu_cs/arm/4.4.1/bin/../lib/gcc/arm-none-eabi/4.4.1/../../../../arm-none-eabi/lib/thumb2\libc.a(lib_a-malloc.o)
 .debug_frame   0x000022fc       0x3c c:/program files (x86)/cypress/psoc creator/2.2/psoc creator/import/gnu_cs/arm/4.4.1/bin/../lib/gcc/arm-none-eabi/4.4.1/../../../../arm-none-eabi/lib/thumb2\libc.a(lib_a-mallocr.o)
 .debug_frame   0x00002338       0x28 c:/program files (x86)/cypress/psoc creator/2.2/psoc creator/import/gnu_cs/arm/4.4.1/bin/../lib/gcc/arm-none-eabi/4.4.1/../../../../arm-none-eabi/lib/thumb2\libc.a(lib_a-memchr.o)
 .debug_frame   0x00002360       0x2c c:/program files (x86)/cypress/psoc creator/2.2/psoc creator/import/gnu_cs/arm/4.4.1/bin/../lib/gcc/arm-none-eabi/4.4.1/../../../../arm-none-eabi/lib/thumb2\libc.a(lib_a-memmove.o)
 .debug_frame   0x0000238c       0x30 c:/program files (x86)/cypress/psoc creator/2.2/psoc creator/import/gnu_cs/arm/4.4.1/bin/../lib/gcc/arm-none-eabi/4.4.1/../../../../arm-none-eabi/lib/thumb2\libc.a(lib_a-mlock.o)
 .debug_frame   0x000023bc      0x240 c:/program files (x86)/cypress/psoc creator/2.2/psoc creator/import/gnu_cs/arm/4.4.1/bin/../lib/gcc/arm-none-eabi/4.4.1/../../../../arm-none-eabi/lib/thumb2\libc.a(lib_a-mprec.o)
 .debug_frame   0x000025fc       0x3c c:/program files (x86)/cypress/psoc creator/2.2/psoc creator/import/gnu_cs/arm/4.4.1/bin/../lib/gcc/arm-none-eabi/4.4.1/../../../../arm-none-eabi/lib/thumb2\libc.a(lib_a-reallocr.o)
 .debug_frame   0x00002638       0x20 c:/program files (x86)/cypress/psoc creator/2.2/psoc creator/import/gnu_cs/arm/4.4.1/bin/../lib/gcc/arm-none-eabi/4.4.1/../../../../arm-none-eabi/lib/thumb2\libc.a(lib_a-s_isinfd.o)
 .debug_frame   0x00002658       0x20 c:/program files (x86)/cypress/psoc creator/2.2/psoc creator/import/gnu_cs/arm/4.4.1/bin/../lib/gcc/arm-none-eabi/4.4.1/../../../../arm-none-eabi/lib/thumb2\libc.a(lib_a-s_isnand.o)
 .debug_frame   0x00002678       0x2c c:/program files (x86)/cypress/psoc creator/2.2/psoc creator/import/gnu_cs/arm/4.4.1/bin/../lib/gcc/arm-none-eabi/4.4.1/../../../../arm-none-eabi/lib/thumb2\libc.a(lib_a-sbrkr.o)
 .debug_frame   0x000026a4       0x20 c:/program files (x86)/cypress/psoc creator/2.2/psoc creator/import/gnu_cs/arm/4.4.1/bin/../lib/gcc/arm-none-eabi/4.4.1/../../../../arm-none-eabi/lib/thumb2\libc.a(lib_a-strlen.o)
 .debug_frame   0x000026c4       0x2c c:/program files (x86)/cypress/psoc creator/2.2/psoc creator/import/gnu_cs/arm/4.4.1/bin/../lib/gcc/arm-none-eabi/4.4.1/../../../../arm-none-eabi/lib/thumb2\libc.a(lib_a-callocr.o)
 .debug_frame   0x000026f0       0x64 c:/program files (x86)/cypress/psoc creator/2.2/psoc creator/import/gnu_cs/arm/4.4.1/bin/../lib/gcc/arm-none-eabi/4.4.1/../../../../arm-none-eabi/lib/thumb2\libc.a(lib_a-reent.o)
 .debug_frame   0x00002754       0x20 c:/program files (x86)/cypress/psoc creator/2.2/psoc creator/import/gnu_cs/arm/4.4.1/bin/../lib/gcc/arm-none-eabi/4.4.1/thumb2\libgcc.a(_udivsi3.o)
 .debug_frame   0x00002774       0x50 c:/program files (x86)/cypress/psoc creator/2.2/psoc creator/import/gnu_cs/arm/4.4.1/bin/../lib/gcc/arm-none-eabi/4.4.1/thumb2\libgcc.a(bpabi.o)
 .debug_frame   0x000027c4       0x3c c:/program files (x86)/cypress/psoc creator/2.2/psoc creator/import/gnu_cs/arm/4.4.1/bin/../lib/gcc/arm-none-eabi/4.4.1/thumb2\libgcc.a(_divdi3.o)
 .debug_frame   0x00002800       0x3c c:/program files (x86)/cypress/psoc creator/2.2/psoc creator/import/gnu_cs/arm/4.4.1/bin/../lib/gcc/arm-none-eabi/4.4.1/thumb2\libgcc.a(_udivdi3.o)
 .debug_frame   0x0000283c       0x40 c:/program files (x86)/cypress/psoc creator/2.2/psoc creator/import/gnu_cs/arm/4.4.1/bin/../lib/gcc/arm-none-eabi/4.4.1/../../../../arm-none-eabi/lib/thumb2\libcs3.a(start_c.o)
 .debug_frame   0x0000287c       0x28 c:/program files (x86)/cypress/psoc creator/2.2/psoc creator/import/gnu_cs/arm/4.4.1/bin/../lib/gcc/arm-none-eabi/4.4.1/../../../../arm-none-eabi/lib/thumb2\libcs3unhosted.a(unhosted-sbrk.o)
 .debug_frame   0x000028a4       0x20 c:/program files (x86)/cypress/psoc creator/2.2/psoc creator/import/gnu_cs/arm/4.4.1/bin/../lib/gcc/arm-none-eabi/4.4.1/../../../../arm-none-eabi/lib/thumb2\libc.a(lib_a-errno.o)
 .debug_frame   0x000028c4       0x2c c:/program files (x86)/cypress/psoc creator/2.2/psoc creator/import/gnu_cs/arm/4.4.1/bin/../lib/gcc/arm-none-eabi/4.4.1/../../../../arm-none-eabi/lib/thumb2\libc.a(lib_a-init.o)

.debug_str      0x00000000     0x21f5
 *(.debug_str)
 .debug_str     0x00000000      0x114 .\CortexM3\ARM_GCC_441\Debug\main.o
                                0x154 (size before relaxing)
 .debug_str     0x00000114       0xfd .\CortexM3\ARM_GCC_441\Debug\bal.o
                                0x22d (size before relaxing)
 .debug_str     0x00000211      0x111 .\CortexM3\ARM_GCC_441\Debug\bpl.o
                                0x250 (size before relaxing)
 .debug_str     0x00000322       0x32 .\CortexM3\ARM_GCC_441\Debug\bus.o
                                0x14e (size before relaxing)
 .debug_str     0x00000354      0x11c .\CortexM3\ARM_GCC_441\Debug\error.o
                                0x257 (size before relaxing)
 .debug_str     0x00000470      0x118 .\CortexM3\ARM_GCC_441\Debug\hal.o
                                0x260 (size before relaxing)
 .debug_str     0x00000588       0xfc .\CortexM3\ARM_GCC_441\Debug\scheduler.o
                                0x244 (size before relaxing)
 .debug_str     0x00000684       0xfc .\CortexM3\ARM_GCC_441\Debug\servo_cds5500.o
                                0x287 (size before relaxing)
 .debug_str     0x00000780       0x7d .\CortexM3\ARM_GCC_441\Debug\test.o
                                0x1a6 (size before relaxing)
 .debug_str     0x000007fd       0xee .\CortexM3\ARM_GCC_441\Debug\tmr.o
                                0x23c (size before relaxing)
 .debug_str     0x000008eb       0x8e .\CortexM3\ARM_GCC_441\Debug\Cm3Start.o
                                0x1b0 (size before relaxing)
 .debug_str     0x00000979      0x3a9 .\CortexM3\ARM_GCC_441\Debug\DrivePlatform2.a(UART.o)
                                0x4d4 (size before relaxing)
 .debug_str     0x00000d22       0x55 .\CortexM3\ARM_GCC_441\Debug\DrivePlatform2.a(UART_INT.o)
                                0x1fe (size before relaxing)
 .debug_str     0x00000d77      0x16e .\CortexM3\ARM_GCC_441\Debug\DrivePlatform2.a(TIMER.o)
                                0x299 (size before relaxing)
 .debug_str     0x00000ee5      0x105 .\CortexM3\ARM_GCC_441\Debug\DrivePlatform2.a(isr_tx.o)
                                0x238 (size before relaxing)
 .debug_str     0x00000fea       0xf6 .\CortexM3\ARM_GCC_441\Debug\DrivePlatform2.a(isr_rx.o)
                                0x238 (size before relaxing)
 .debug_str     0x000010e0      0x18c .\CortexM3\ARM_GCC_441\Debug\DrivePlatform2.a(TIMER_CLOCK.o)
                                0x2a8 (size before relaxing)
 .debug_str     0x0000126c      0x149 .\CortexM3\ARM_GCC_441\Debug\DrivePlatform2.a(UART_IntClock.o)
                                0x2be (size before relaxing)
 .debug_str     0x000013b5      0x583 .\CortexM3\ARM_GCC_441\Debug\DrivePlatform2.a(CyLib.o)
                                0x70f (size before relaxing)
 .debug_str     0x00001938      0x3bd .\CortexM3\ARM_GCC_441\Debug\DrivePlatform2.a(cyPm.o)
                                0x4ed (size before relaxing)
 .debug_str     0x00001cf5       0x86 .\CortexM3\ARM_GCC_441\Debug\DrivePlatform2.a(DEBUG_LED_1.o)
                                0x1a6 (size before relaxing)
 .debug_str     0x00001d7b      0x120 .\CortexM3\ARM_GCC_441\Debug\DrivePlatform2.a(Isr_timer.o)
                                0x262 (size before relaxing)
 .debug_str     0x00001e9b      0x149 .\CortexM3\ARM_GCC_441\Debug\DrivePlatform2.a(cyfitter_cfg.o)
                                0x28d (size before relaxing)
 .debug_str     0x00001fe4      0x10c .\CortexM3\ARM_GCC_441\Debug\DrivePlatform2.a(CyFlash.o)
                                0x261 (size before relaxing)
 .debug_str     0x000020f0      0x105 .\CortexM3\ARM_GCC_441\Debug\DrivePlatform2.a(CySpc.o)
                                0x254 (size before relaxing)

.debug_loc      0x00000000     0x3416
 *(.debug_loc)
 .debug_loc     0x00000000       0x37 .\CortexM3\ARM_GCC_441\Debug\main.o
 .debug_loc     0x00000037       0xfb .\CortexM3\ARM_GCC_441\Debug\bal.o
 .debug_loc     0x00000132      0x107 .\CortexM3\ARM_GCC_441\Debug\bpl.o
 .debug_loc     0x00000239      0x107 .\CortexM3\ARM_GCC_441\Debug\error.o
 .debug_loc     0x00000340      0x215 .\CortexM3\ARM_GCC_441\Debug\hal.o
 .debug_loc     0x00000555       0xa5 .\CortexM3\ARM_GCC_441\Debug\scheduler.o
 .debug_loc     0x000005fa      0x14a .\CortexM3\ARM_GCC_441\Debug\servo_cds5500.o
 .debug_loc     0x00000744       0x8d .\CortexM3\ARM_GCC_441\Debug\test.o
 .debug_loc     0x000007d1      0x132 .\CortexM3\ARM_GCC_441\Debug\tmr.o
 .debug_loc     0x00000903       0x62 .\CortexM3\ARM_GCC_441\Debug\Cm3Start.o
 .debug_loc     0x00000965      0x63d .\CortexM3\ARM_GCC_441\Debug\DrivePlatform2.a(UART.o)
 .debug_loc     0x00000fa2       0x62 .\CortexM3\ARM_GCC_441\Debug\DrivePlatform2.a(UART_INT.o)
 .debug_loc     0x00001004      0x2c1 .\CortexM3\ARM_GCC_441\Debug\DrivePlatform2.a(TIMER.o)
 .debug_loc     0x000012c5      0x26b .\CortexM3\ARM_GCC_441\Debug\DrivePlatform2.a(isr_tx.o)
 .debug_loc     0x00001530      0x26b .\CortexM3\ARM_GCC_441\Debug\DrivePlatform2.a(isr_rx.o)
 .debug_loc     0x0000179b      0x1ea .\CortexM3\ARM_GCC_441\Debug\DrivePlatform2.a(TIMER_CLOCK.o)
 .debug_loc     0x00001985      0x1ea .\CortexM3\ARM_GCC_441\Debug\DrivePlatform2.a(UART_IntClock.o)
 .debug_loc     0x00001b6f      0xb67 .\CortexM3\ARM_GCC_441\Debug\DrivePlatform2.a(CyLib.o)
 .debug_loc     0x000026d6      0x3b0 .\CortexM3\ARM_GCC_441\Debug\DrivePlatform2.a(cyPm.o)
 .debug_loc     0x00002a86       0xc4 .\CortexM3\ARM_GCC_441\Debug\DrivePlatform2.a(DEBUG_LED_1.o)
 .debug_loc     0x00002b4a      0x26b .\CortexM3\ARM_GCC_441\Debug\DrivePlatform2.a(Isr_timer.o)
 .debug_loc     0x00002db5      0x245 .\CortexM3\ARM_GCC_441\Debug\DrivePlatform2.a(cyfitter_cfg.o)
 .debug_loc     0x00002ffa      0x1f6 .\CortexM3\ARM_GCC_441\Debug\DrivePlatform2.a(CyFlash.o)
 .debug_loc     0x000031f0      0x226 .\CortexM3\ARM_GCC_441\Debug\DrivePlatform2.a(CySpc.o)

.debug_macinfo
 *(.debug_macinfo)

.debug_ranges   0x00000000      0x9d8
 *(.debug_ranges)
 .debug_ranges  0x00000000       0x18 .\CortexM3\ARM_GCC_441\Debug\main.o
 .debug_ranges  0x00000018       0x38 .\CortexM3\ARM_GCC_441\Debug\bal.o
 .debug_ranges  0x00000050       0x38 .\CortexM3\ARM_GCC_441\Debug\bpl.o
 .debug_ranges  0x00000088       0x38 .\CortexM3\ARM_GCC_441\Debug\error.o
 .debug_ranges  0x000000c0       0x68 .\CortexM3\ARM_GCC_441\Debug\hal.o
 .debug_ranges  0x00000128       0x28 .\CortexM3\ARM_GCC_441\Debug\scheduler.o
 .debug_ranges  0x00000150       0x40 .\CortexM3\ARM_GCC_441\Debug\servo_cds5500.o
 .debug_ranges  0x00000190       0x28 .\CortexM3\ARM_GCC_441\Debug\test.o
 .debug_ranges  0x000001b8       0x40 .\CortexM3\ARM_GCC_441\Debug\tmr.o
 .debug_ranges  0x000001f8       0x28 .\CortexM3\ARM_GCC_441\Debug\Cm3Start.o
 .debug_ranges  0x00000220      0x108 .\CortexM3\ARM_GCC_441\Debug\DrivePlatform2.a(UART.o)
 .debug_ranges  0x00000328       0x20 .\CortexM3\ARM_GCC_441\Debug\DrivePlatform2.a(UART_INT.o)
 .debug_ranges  0x00000348       0x88 .\CortexM3\ARM_GCC_441\Debug\DrivePlatform2.a(TIMER.o)
 .debug_ranges  0x000003d0       0x78 .\CortexM3\ARM_GCC_441\Debug\DrivePlatform2.a(isr_tx.o)
 .debug_ranges  0x00000448       0x78 .\CortexM3\ARM_GCC_441\Debug\DrivePlatform2.a(isr_rx.o)
 .debug_ranges  0x000004c0       0x60 .\CortexM3\ARM_GCC_441\Debug\DrivePlatform2.a(TIMER_CLOCK.o)
 .debug_ranges  0x00000520       0x60 .\CortexM3\ARM_GCC_441\Debug\DrivePlatform2.a(UART_IntClock.o)
 .debug_ranges  0x00000580      0x1d8 .\CortexM3\ARM_GCC_441\Debug\DrivePlatform2.a(CyLib.o)
 .debug_ranges  0x00000758       0xb0 .\CortexM3\ARM_GCC_441\Debug\DrivePlatform2.a(cyPm.o)
 .debug_ranges  0x00000808       0x30 .\CortexM3\ARM_GCC_441\Debug\DrivePlatform2.a(DEBUG_LED_1.o)
 .debug_ranges  0x00000838       0x78 .\CortexM3\ARM_GCC_441\Debug\DrivePlatform2.a(Isr_timer.o)
 .debug_ranges  0x000008b0       0x68 .\CortexM3\ARM_GCC_441\Debug\DrivePlatform2.a(cyfitter_cfg.o)
 .debug_ranges  0x00000918       0x60 .\CortexM3\ARM_GCC_441\Debug\DrivePlatform2.a(CyFlash.o)
 .debug_ranges  0x00000978       0x60 .\CortexM3\ARM_GCC_441\Debug\DrivePlatform2.a(CySpc.o)

.debug_weaknames
 *(.debug_weaknames)

.debug_funcnames
 *(.debug_funcnames)

.debug_typenames
 *(.debug_typenames)

.debug_varnames
 *(.debug_varnames)

.note.gnu.arm.ident
 *(.note.gnu.arm.ident)

.ARM.attributes
                0x00000000       0x25
 *(.ARM.attributes)
 .ARM.attributes
                0x00000000       0x19 c:/program files (x86)/cypress/psoc creator/2.2/psoc creator/import/gnu_cs/arm/4.4.1/bin/../lib/gcc/arm-none-eabi/4.4.1/thumb2/crti.o
 .ARM.attributes
                0x00000019       0x29 c:/program files (x86)/cypress/psoc creator/2.2/psoc creator/import/gnu_cs/arm/4.4.1/bin/../lib/gcc/arm-none-eabi/4.4.1/thumb2/crtbegin.o
 .ARM.attributes
                0x00000042       0x31 .\CortexM3\ARM_GCC_441\Debug\main.o
 .ARM.attributes
                0x00000073       0x31 .\CortexM3\ARM_GCC_441\Debug\bal.o
 .ARM.attributes
                0x000000a4       0x31 .\CortexM3\ARM_GCC_441\Debug\bpl.o
 .ARM.attributes
                0x000000d5       0x31 .\CortexM3\ARM_GCC_441\Debug\bus.o
 .ARM.attributes
                0x00000106       0x31 .\CortexM3\ARM_GCC_441\Debug\error.o
 .ARM.attributes
                0x00000137       0x31 .\CortexM3\ARM_GCC_441\Debug\hal.o
 .ARM.attributes
                0x00000168       0x31 .\CortexM3\ARM_GCC_441\Debug\scheduler.o
 .ARM.attributes
                0x00000199       0x31 .\CortexM3\ARM_GCC_441\Debug\servo_cds5500.o
 .ARM.attributes
                0x000001ca       0x31 .\CortexM3\ARM_GCC_441\Debug\test.o
 .ARM.attributes
                0x000001fb       0x31 .\CortexM3\ARM_GCC_441\Debug\tmr.o
 .ARM.attributes
                0x0000022c       0x31 .\CortexM3\ARM_GCC_441\Debug\Cm3Start.o
 .ARM.attributes
                0x0000025d       0x31 .\CortexM3\ARM_GCC_441\Debug\DrivePlatform2.a(UART.o)
 .ARM.attributes
                0x0000028e       0x31 .\CortexM3\ARM_GCC_441\Debug\DrivePlatform2.a(UART_INT.o)
 .ARM.attributes
                0x000002bf       0x31 .\CortexM3\ARM_GCC_441\Debug\DrivePlatform2.a(TIMER.o)
 .ARM.attributes
                0x000002f0       0x31 .\CortexM3\ARM_GCC_441\Debug\DrivePlatform2.a(isr_tx.o)
 .ARM.attributes
                0x00000321       0x31 .\CortexM3\ARM_GCC_441\Debug\DrivePlatform2.a(isr_rx.o)
 .ARM.attributes
                0x00000352       0x31 .\CortexM3\ARM_GCC_441\Debug\DrivePlatform2.a(TIMER_CLOCK.o)
 .ARM.attributes
                0x00000383       0x31 .\CortexM3\ARM_GCC_441\Debug\DrivePlatform2.a(UART_IntClock.o)
 .ARM.attributes
                0x000003b4       0x21 .\CortexM3\ARM_GCC_441\Debug\DrivePlatform2.a(CyBootAsmGnu.o)
 .ARM.attributes
                0x000003d5       0x31 .\CortexM3\ARM_GCC_441\Debug\DrivePlatform2.a(CyLib.o)
 .ARM.attributes
                0x00000406       0x31 .\CortexM3\ARM_GCC_441\Debug\DrivePlatform2.a(cyPm.o)
 .ARM.attributes
                0x00000437       0x31 .\CortexM3\ARM_GCC_441\Debug\DrivePlatform2.a(DEBUG_LED_1.o)
 .ARM.attributes
                0x00000468       0x31 .\CortexM3\ARM_GCC_441\Debug\DrivePlatform2.a(Isr_timer.o)
 .ARM.attributes
                0x00000499       0x31 .\CortexM3\ARM_GCC_441\Debug\DrivePlatform2.a(cyfitter_cfg.o)
 .ARM.attributes
                0x000004ca       0x31 .\CortexM3\ARM_GCC_441\Debug\DrivePlatform2.a(CyFlash.o)
 .ARM.attributes
                0x000004fb       0x31 .\CortexM3\ARM_GCC_441\Debug\DrivePlatform2.a(CySpc.o)
 .ARM.attributes
                0x0000052c       0x29 c:/program files (x86)/cypress/psoc creator/2.2/psoc creator/import/gnu_cs/arm/4.4.1/bin/../lib/gcc/arm-none-eabi/4.4.1/../../../../arm-none-eabi/lib/thumb2\libc.a(lib_a-memcpy.o)
 .ARM.attributes
                0x00000555       0x29 c:/program files (x86)/cypress/psoc creator/2.2/psoc creator/import/gnu_cs/arm/4.4.1/bin/../lib/gcc/arm-none-eabi/4.4.1/../../../../arm-none-eabi/lib/thumb2\libc.a(lib_a-memset.o)
 .ARM.attributes
                0x0000057e       0x29 c:/program files (x86)/cypress/psoc creator/2.2/psoc creator/import/gnu_cs/arm/4.4.1/bin/../lib/gcc/arm-none-eabi/4.4.1/../../../../arm-none-eabi/lib/thumb2\libc.a(lib_a-sprintf.o)
 .ARM.attributes
                0x000005a7       0x29 c:/program files (x86)/cypress/psoc creator/2.2/psoc creator/import/gnu_cs/arm/4.4.1/bin/../lib/gcc/arm-none-eabi/4.4.1/../../../../arm-none-eabi/lib/thumb2\libc.a(lib_a-strcmp.o)
 .ARM.attributes
                0x000005d0       0x29 c:/program files (x86)/cypress/psoc creator/2.2/psoc creator/import/gnu_cs/arm/4.4.1/bin/../lib/gcc/arm-none-eabi/4.4.1/../../../../arm-none-eabi/lib/thumb2\libc.a(lib_a-strncpy.o)
 .ARM.attributes
                0x000005f9       0x29 c:/program files (x86)/cypress/psoc creator/2.2/psoc creator/import/gnu_cs/arm/4.4.1/bin/../lib/gcc/arm-none-eabi/4.4.1/../../../../arm-none-eabi/lib/thumb2\libc.a(lib_a-svfprintf.o)
 .ARM.attributes
                0x00000622       0x29 c:/program files (x86)/cypress/psoc creator/2.2/psoc creator/import/gnu_cs/arm/4.4.1/bin/../lib/gcc/arm-none-eabi/4.4.1/../../../../arm-none-eabi/lib/thumb2\libc.a(lib_a-dtoa.o)
 .ARM.attributes
                0x0000064b       0x29 c:/program files (x86)/cypress/psoc creator/2.2/psoc creator/import/gnu_cs/arm/4.4.1/bin/../lib/gcc/arm-none-eabi/4.4.1/../../../../arm-none-eabi/lib/thumb2\libc.a(lib_a-freer.o)
 .ARM.attributes
                0x00000674       0x29 c:/program files (x86)/cypress/psoc creator/2.2/psoc creator/import/gnu_cs/arm/4.4.1/bin/../lib/gcc/arm-none-eabi/4.4.1/../../../../arm-none-eabi/lib/thumb2\libc.a(lib_a-impure.o)
 .ARM.attributes
                0x0000069d       0x29 c:/program files (x86)/cypress/psoc creator/2.2/psoc creator/import/gnu_cs/arm/4.4.1/bin/../lib/gcc/arm-none-eabi/4.4.1/../../../../arm-none-eabi/lib/thumb2\libc.a(lib_a-locale.o)
 .ARM.attributes
                0x000006c6       0x29 c:/program files (x86)/cypress/psoc creator/2.2/psoc creator/import/gnu_cs/arm/4.4.1/bin/../lib/gcc/arm-none-eabi/4.4.1/../../../../arm-none-eabi/lib/thumb2\libc.a(lib_a-malloc.o)
 .ARM.attributes
                0x000006ef       0x29 c:/program files (x86)/cypress/psoc creator/2.2/psoc creator/import/gnu_cs/arm/4.4.1/bin/../lib/gcc/arm-none-eabi/4.4.1/../../../../arm-none-eabi/lib/thumb2\libc.a(lib_a-mallocr.o)
 .ARM.attributes
                0x00000718       0x29 c:/program files (x86)/cypress/psoc creator/2.2/psoc creator/import/gnu_cs/arm/4.4.1/bin/../lib/gcc/arm-none-eabi/4.4.1/../../../../arm-none-eabi/lib/thumb2\libc.a(lib_a-memchr.o)
 .ARM.attributes
                0x00000741       0x29 c:/program files (x86)/cypress/psoc creator/2.2/psoc creator/import/gnu_cs/arm/4.4.1/bin/../lib/gcc/arm-none-eabi/4.4.1/../../../../arm-none-eabi/lib/thumb2\libc.a(lib_a-memmove.o)
 .ARM.attributes
                0x0000076a       0x29 c:/program files (x86)/cypress/psoc creator/2.2/psoc creator/import/gnu_cs/arm/4.4.1/bin/../lib/gcc/arm-none-eabi/4.4.1/../../../../arm-none-eabi/lib/thumb2\libc.a(lib_a-mlock.o)
 .ARM.attributes
                0x00000793       0x29 c:/program files (x86)/cypress/psoc creator/2.2/psoc creator/import/gnu_cs/arm/4.4.1/bin/../lib/gcc/arm-none-eabi/4.4.1/../../../../arm-none-eabi/lib/thumb2\libc.a(lib_a-mprec.o)
 .ARM.attributes
                0x000007bc       0x29 c:/program files (x86)/cypress/psoc creator/2.2/psoc creator/import/gnu_cs/arm/4.4.1/bin/../lib/gcc/arm-none-eabi/4.4.1/../../../../arm-none-eabi/lib/thumb2\libc.a(lib_a-reallocr.o)
 .ARM.attributes
                0x000007e5       0x29 c:/program files (x86)/cypress/psoc creator/2.2/psoc creator/import/gnu_cs/arm/4.4.1/bin/../lib/gcc/arm-none-eabi/4.4.1/../../../../arm-none-eabi/lib/thumb2\libc.a(lib_a-s_isinfd.o)
 .ARM.attributes
                0x0000080e       0x29 c:/program files (x86)/cypress/psoc creator/2.2/psoc creator/import/gnu_cs/arm/4.4.1/bin/../lib/gcc/arm-none-eabi/4.4.1/../../../../arm-none-eabi/lib/thumb2\libc.a(lib_a-s_isnand.o)
 .ARM.attributes
                0x00000837       0x29 c:/program files (x86)/cypress/psoc creator/2.2/psoc creator/import/gnu_cs/arm/4.4.1/bin/../lib/gcc/arm-none-eabi/4.4.1/../../../../arm-none-eabi/lib/thumb2\libc.a(lib_a-sbrkr.o)
 .ARM.attributes
                0x00000860       0x29 c:/program files (x86)/cypress/psoc creator/2.2/psoc creator/import/gnu_cs/arm/4.4.1/bin/../lib/gcc/arm-none-eabi/4.4.1/../../../../arm-none-eabi/lib/thumb2\libc.a(lib_a-strlen.o)
 .ARM.attributes
                0x00000889       0x29 c:/program files (x86)/cypress/psoc creator/2.2/psoc creator/import/gnu_cs/arm/4.4.1/bin/../lib/gcc/arm-none-eabi/4.4.1/../../../../arm-none-eabi/lib/thumb2\libc.a(lib_a-callocr.o)
 .ARM.attributes
                0x000008b2       0x29 c:/program files (x86)/cypress/psoc creator/2.2/psoc creator/import/gnu_cs/arm/4.4.1/bin/../lib/gcc/arm-none-eabi/4.4.1/../../../../arm-none-eabi/lib/thumb2\libc.a(lib_a-reent.o)
 .ARM.attributes
                0x000008db       0x1b c:/program files (x86)/cypress/psoc creator/2.2/psoc creator/import/gnu_cs/arm/4.4.1/bin/../lib/gcc/arm-none-eabi/4.4.1/thumb2\libgcc.a(_udivsi3.o)
 .ARM.attributes
                0x000008f6       0x1b c:/program files (x86)/cypress/psoc creator/2.2/psoc creator/import/gnu_cs/arm/4.4.1/bin/../lib/gcc/arm-none-eabi/4.4.1/thumb2\libgcc.a(_dvmd_tls.o)
 .ARM.attributes
                0x00000911       0x1b c:/program files (x86)/cypress/psoc creator/2.2/psoc creator/import/gnu_cs/arm/4.4.1/bin/../lib/gcc/arm-none-eabi/4.4.1/thumb2\libgcc.a(_arm_addsubdf3.o)
 .ARM.attributes
                0x0000092c       0x1b c:/program files (x86)/cypress/psoc creator/2.2/psoc creator/import/gnu_cs/arm/4.4.1/bin/../lib/gcc/arm-none-eabi/4.4.1/thumb2\libgcc.a(_arm_muldivdf3.o)
 .ARM.attributes
                0x00000947       0x1b c:/program files (x86)/cypress/psoc creator/2.2/psoc creator/import/gnu_cs/arm/4.4.1/bin/../lib/gcc/arm-none-eabi/4.4.1/thumb2\libgcc.a(_arm_cmpdf2.o)
 .ARM.attributes
                0x00000962       0x1b c:/program files (x86)/cypress/psoc creator/2.2/psoc creator/import/gnu_cs/arm/4.4.1/bin/../lib/gcc/arm-none-eabi/4.4.1/thumb2\libgcc.a(_arm_fixdfsi.o)
 .ARM.attributes
                0x0000097d       0x1b c:/program files (x86)/cypress/psoc creator/2.2/psoc creator/import/gnu_cs/arm/4.4.1/bin/../lib/gcc/arm-none-eabi/4.4.1/thumb2\libgcc.a(_aeabi_uldivmod.o)
 .ARM.attributes
                0x00000998       0x29 c:/program files (x86)/cypress/psoc creator/2.2/psoc creator/import/gnu_cs/arm/4.4.1/bin/../lib/gcc/arm-none-eabi/4.4.1/thumb2\libgcc.a(bpabi.o)
 .ARM.attributes
                0x000009c1       0x29 c:/program files (x86)/cypress/psoc creator/2.2/psoc creator/import/gnu_cs/arm/4.4.1/bin/../lib/gcc/arm-none-eabi/4.4.1/thumb2\libgcc.a(_divdi3.o)
 .ARM.attributes
                0x000009ea       0x29 c:/program files (x86)/cypress/psoc creator/2.2/psoc creator/import/gnu_cs/arm/4.4.1/bin/../lib/gcc/arm-none-eabi/4.4.1/thumb2\libgcc.a(_udivdi3.o)
 .ARM.attributes
                0x00000a13       0x29 c:/program files (x86)/cypress/psoc creator/2.2/psoc creator/import/gnu_cs/arm/4.4.1/bin/../lib/gcc/arm-none-eabi/4.4.1/thumb2/crtend.o
 .ARM.attributes
                0x00000a3c       0x19 c:/program files (x86)/cypress/psoc creator/2.2/psoc creator/import/gnu_cs/arm/4.4.1/bin/../lib/gcc/arm-none-eabi/4.4.1/thumb2/crtn.o
 .ARM.attributes
                0x00000a55       0x29 c:/program files (x86)/cypress/psoc creator/2.2/psoc creator/import/gnu_cs/arm/4.4.1/bin/../lib/gcc/arm-none-eabi/4.4.1/../../../../arm-none-eabi/lib/thumb2\libcs3.a(start_c.o)
 .ARM.attributes
                0x00000a7e       0x29 c:/program files (x86)/cypress/psoc creator/2.2/psoc creator/import/gnu_cs/arm/4.4.1/bin/../lib/gcc/arm-none-eabi/4.4.1/../../../../arm-none-eabi/lib/thumb2\libcs3unhosted.a(unhosted-sbrk.o)
 .ARM.attributes
                0x00000aa7       0x19 c:/program files (x86)/cypress/psoc creator/2.2/psoc creator/import/gnu_cs/arm/4.4.1/bin/../lib/gcc/arm-none-eabi/4.4.1/../../../../arm-none-eabi/lib/thumb2\libcs3micro.a(micro_isr_interrupt.o)
 .ARM.attributes
                0x00000ac0       0x29 c:/program files (x86)/cypress/psoc creator/2.2/psoc creator/import/gnu_cs/arm/4.4.1/bin/../lib/gcc/arm-none-eabi/4.4.1/../../../../arm-none-eabi/lib/thumb2\libc.a(lib_a-errno.o)
 .ARM.attributes
                0x00000ae9       0x29 c:/program files (x86)/cypress/psoc creator/2.2/psoc creator/import/gnu_cs/arm/4.4.1/bin/../lib/gcc/arm-none-eabi/4.4.1/../../../../arm-none-eabi/lib/thumb2\libc.a(lib_a-init.o)
 .ARM.attributes
                0x00000b12       0x29 c:/program files (x86)/cypress/psoc creator/2.2/psoc creator/import/gnu_cs/arm/4.4.1/bin/../lib/gcc/arm-none-eabi/4.4.1/../../../../arm-none-eabi/lib/thumb2\libcs3.a(heap.o)

/DISCARD/
 *(.note.GNU-stack)
OUTPUT(.\CortexM3\ARM_GCC_441\Debug\DrivePlatform2.elf elf32-littlearm)
