Archive member included because of file (symbol)

.\CortexM3\ARM_GCC_441\Debug\DrivePlatform2.a(UART.o)
                              .\CortexM3\ARM_GCC_441\Debug\hal.o (UART_Start)
.\CortexM3\ARM_GCC_441\Debug\DrivePlatform2.a(UART_INT.o)
                              .\CortexM3\ARM_GCC_441\Debug\DrivePlatform2.a(UART.o) (UART_RXISR)
.\CortexM3\ARM_GCC_441\Debug\DrivePlatform2.a(TIMER.o)
                              .\CortexM3\ARM_GCC_441\Debug\tmr.o (TIMER_Init)
.\CortexM3\ARM_GCC_441\Debug\DrivePlatform2.a(isr_tx.o)
                              .\CortexM3\ARM_GCC_441\Debug\hal.o (Isr_tx_Start)
.\CortexM3\ARM_GCC_441\Debug\DrivePlatform2.a(isr_rx.o)
                              .\CortexM3\ARM_GCC_441\Debug\hal.o (Isr_rx_Start)
.\CortexM3\ARM_GCC_441\Debug\DrivePlatform2.a(TIMER_CLOCK.o)
                              .\CortexM3\ARM_GCC_441\Debug\tmr.o (TIMER_CLOCK_Start)
.\CortexM3\ARM_GCC_441\Debug\DrivePlatform2.a(UART_IntClock.o)
                              .\CortexM3\ARM_GCC_441\Debug\DrivePlatform2.a(UART.o) (UART_IntClock_Start)
.\CortexM3\ARM_GCC_441\Debug\DrivePlatform2.a(CyBootAsmGnu.o)
                              .\CortexM3\ARM_GCC_441\Debug\DrivePlatform2.a(UART.o) (CyEnterCriticalSection)
.\CortexM3\ARM_GCC_441\Debug\DrivePlatform2.a(CyLib.o)
                              .\CortexM3\ARM_GCC_441\Debug\Cm3Start.o (CyResetStatus)
.\CortexM3\ARM_GCC_441\Debug\DrivePlatform2.a(cyPm.o)
                              .\CortexM3\ARM_GCC_441\Debug\DrivePlatform2.a(CyLib.o) (CyPmReadStatus)
.\CortexM3\ARM_GCC_441\Debug\DrivePlatform2.a(DEBUG_LED_1.o)
                              .\CortexM3\ARM_GCC_441\Debug\test.o (DEBUG_LED_1_Write)
.\CortexM3\ARM_GCC_441\Debug\DrivePlatform2.a(Isr_timer.o)
                              .\CortexM3\ARM_GCC_441\Debug\tmr.o (Isr_timer_Start)
.\CortexM3\ARM_GCC_441\Debug\DrivePlatform2.a(cyfitter_cfg.o)
                              .\CortexM3\ARM_GCC_441\Debug\Cm3Start.o (cyfitter_cfg)
.\CortexM3\ARM_GCC_441\Debug\DrivePlatform2.a(CyFlash.o)
                              .\CortexM3\ARM_GCC_441\Debug\DrivePlatform2.a(cyPm.o) (CyFlash_SetWaitCycles)
.\CortexM3\ARM_GCC_441\Debug\DrivePlatform2.a(CySpc.o)
                              .\CortexM3\ARM_GCC_441\Debug\DrivePlatform2.a(CyFlash.o) (CySpcStart)
c:/program files (x86)/cypress/psoc creator/2.2/psoc creator/import/gnu_cs/arm/4.4.1/bin/../lib/gcc/arm-none-eabi/4.4.1/../../../../arm-none-eabi/lib/thumb2\libc.a(lib_a-memcpy.o)
                              .\CortexM3\ARM_GCC_441\Debug\scheduler.o (memcpy)
c:/program files (x86)/cypress/psoc creator/2.2/psoc creator/import/gnu_cs/arm/4.4.1/bin/../lib/gcc/arm-none-eabi/4.4.1/../../../../arm-none-eabi/lib/thumb2\libc.a(lib_a-memset.o)
                              .\CortexM3\ARM_GCC_441\Debug\error.o (memset)
c:/program files (x86)/cypress/psoc creator/2.2/psoc creator/import/gnu_cs/arm/4.4.1/bin/../lib/gcc/arm-none-eabi/4.4.1/../../../../arm-none-eabi/lib/thumb2\libc.a(lib_a-sprintf.o)
                              .\CortexM3\ARM_GCC_441\Debug\scheduler.o (sprintf)
c:/program files (x86)/cypress/psoc creator/2.2/psoc creator/import/gnu_cs/arm/4.4.1/bin/../lib/gcc/arm-none-eabi/4.4.1/../../../../arm-none-eabi/lib/thumb2\libc.a(lib_a-strcmp.o)
                              .\CortexM3\ARM_GCC_441\Debug\scheduler.o (strcmp)
c:/program files (x86)/cypress/psoc creator/2.2/psoc creator/import/gnu_cs/arm/4.4.1/bin/../lib/gcc/arm-none-eabi/4.4.1/../../../../arm-none-eabi/lib/thumb2\libc.a(lib_a-strncpy.o)
                              .\CortexM3\ARM_GCC_441\Debug\error.o (strncpy)
c:/program files (x86)/cypress/psoc creator/2.2/psoc creator/import/gnu_cs/arm/4.4.1/bin/../lib/gcc/arm-none-eabi/4.4.1/../../../../arm-none-eabi/lib/thumb2\libc.a(lib_a-svfprintf.o)
                              c:/program files (x86)/cypress/psoc creator/2.2/psoc creator/import/gnu_cs/arm/4.4.1/bin/../lib/gcc/arm-none-eabi/4.4.1/../../../../arm-none-eabi/lib/thumb2\libc.a(lib_a-sprintf.o) (_svfprintf_r)
c:/program files (x86)/cypress/psoc creator/2.2/psoc creator/import/gnu_cs/arm/4.4.1/bin/../lib/gcc/arm-none-eabi/4.4.1/../../../../arm-none-eabi/lib/thumb2\libc.a(lib_a-dtoa.o)
                              c:/program files (x86)/cypress/psoc creator/2.2/psoc creator/import/gnu_cs/arm/4.4.1/bin/../lib/gcc/arm-none-eabi/4.4.1/../../../../arm-none-eabi/lib/thumb2\libc.a(lib_a-svfprintf.o) (_dtoa_r)
c:/program files (x86)/cypress/psoc creator/2.2/psoc creator/import/gnu_cs/arm/4.4.1/bin/../lib/gcc/arm-none-eabi/4.4.1/../../../../arm-none-eabi/lib/thumb2\libc.a(lib_a-freer.o)
                              c:/program files (x86)/cypress/psoc creator/2.2/psoc creator/import/gnu_cs/arm/4.4.1/bin/../lib/gcc/arm-none-eabi/4.4.1/../../../../arm-none-eabi/lib/thumb2\libc.a(lib_a-svfprintf.o) (_free_r)
c:/program files (x86)/cypress/psoc creator/2.2/psoc creator/import/gnu_cs/arm/4.4.1/bin/../lib/gcc/arm-none-eabi/4.4.1/../../../../arm-none-eabi/lib/thumb2\libc.a(lib_a-impure.o)
[...]
Memory Configuration

Name             Origin             Length             Attributes
rom              0x00000000         0x00040000         xr
ram              0x1fff8000         0x0000b000         xrw
*default*        0x00000000         0xffffffff

Linker script and memory map

LOAD c:/program files (x86)/cypress/psoc creator/2.2/psoc creator/import/gnu_cs/arm/4.4.1/bin/../lib/gcc/arm-none-eabi/4.4.1/thumb2/crti.o
LOAD c:/program files (x86)/cypress/psoc creator/2.2/psoc creator/import/gnu_cs/arm/4.4.1/bin/../lib/gcc/arm-none-eabi/4.4.1/thumb2/crtbegin.o
START GROUP
LOAD .\CortexM3\ARM_GCC_441\Debug\main.o
LOAD .\CortexM3\ARM_GCC_441\Debug\bal.o
LOAD .\CortexM3\ARM_GCC_441\Debug\bpl.o
LOAD .\CortexM3\ARM_GCC_441\Debug\bus.o
LOAD .\CortexM3\ARM_GCC_441\Debug\error.o
LOAD .\CortexM3\ARM_GCC_441\Debug\hal.o
LOAD .\CortexM3\ARM_GCC_441\Debug\scheduler.o
LOAD .\CortexM3\ARM_GCC_441\Debug\servo_cds5500.o
LOAD .\CortexM3\ARM_GCC_441\Debug\test.o
LOAD .\CortexM3\ARM_GCC_441\Debug\tmr.o
LOAD .\CortexM3\ARM_GCC_441\Debug\ring_buffer.o
LOAD .\CortexM3\ARM_GCC_441\Debug\Cm3Start.o
LOAD .\CortexM3\ARM_GCC_441\Debug\DrivePlatform2.a
LOAD C:\Program Files (x86)\Cypress\PSoC Creator\2.2\PSoC Creator\psoc\content\cycomponentlibrary\CyComponentLibrary.cylib\CortexM3\ARM_GCC_441\Debug\CyComponentLibrary.a
END GROUP
START GROUP
LOAD c:/program files (x86)/cypress/psoc creator/2.2/psoc creator/import/gnu_cs/arm/4.4.1/bin/../lib/gcc/arm-none-eabi/4.4.1/thumb2\libgcc.a
LOAD c:/program files (x86)/cypress/psoc creator/2.2/psoc creator/import/gnu_cs/arm/4.4.1/bin/../lib/gcc/arm-none-eabi/4.4.1/../../../../arm-none-eabi/lib/thumb2\libc.a
END GROUP
LOAD c:/program files (x86)/cypress/psoc creator/2.2/psoc creator/import/gnu_cs/arm/4.4.1/bin/../lib/gcc/arm-none-eabi/4.4.1/thumb2/crtend.o
LOAD c:/program files (x86)/cypress/psoc creator/2.2/psoc creator/import/gnu_cs/arm/4.4.1/bin/../lib/gcc/arm-none-eabi/4.4.1/thumb2/crtn.o
START GROUP
LOAD c:/program files (x86)/cypress/psoc creator/2.2/psoc creator/import/gnu_cs/arm/4.4.1/bin/../lib/gcc/arm-none-eabi/4.4.1/thumb2\libgcc.a
LOAD c:/program files (x86)/cypress/psoc creator/2.2/psoc creator/import/gnu_cs/arm/4.4.1/bin/../lib/gcc/arm-none-eabi/4.4.1/../../../../arm-none-eabi/lib/thumb2\libc.a
LOAD c:/program files (x86)/cypress/psoc creator/2.2/psoc creator/import/gnu_cs/arm/4.4.1/bin/../lib/gcc/arm-none-eabi/4.4.1/../../../../arm-none-eabi/lib/thumb2\libcs3.a
LOAD c:/program files (x86)/cypress/psoc creator/2.2/psoc creator/import/gnu_cs/arm/4.4.1/bin/../lib/gcc/arm-none-eabi/4.4.1/../../../../arm-none-eabi/lib/thumb2\libcs3unhosted.a
LOAD c:/program files (x86)/cypress/psoc creator/2.2/psoc creator/import/gnu_cs/arm/4.4.1/bin/../lib/gcc/arm-none-eabi/4.4.1/../../../../arm-none-eabi/lib/thumb2\libcs3micro.a
END GROUP
                0x1fff8978                PROVIDE (__cs3_heap_start, _end)
                0x00000001                PROVIDE (__cs3_region_num, ((__cs3_regions_end - __cs3_regions) / 0x14))
                0x20008000                PROVIDE (__cs3_stack, 0x20008000)
                0x20004000                PROVIDE (__cs3_heap_end, (__cs3_stack - 0x4000))

.text           0x00000000     0x2f7c
 CREATE_OBJECT_SYMBOLS
                0x00000000                PROVIDE (__cs3_interrupt_vector, RomVectors)
 *(.romvectors)
 .romvectors    0x00000000       0x10 .\CortexM3\ARM_GCC_441\Debug\Cm3Start.o
                0x00000000                RomVectors
 *(.cs3.interrupt_vector)
                0x00000001                ASSERT ((. != __cs3_interrupt_vector), No interrupt vector)
                0x00001a24                PROVIDE (__cs3_reset, Reset)
 *(.cs3.reset)
                0x00000001                ASSERT ((. != __cs3_reset), No reset code)
 *(.dma_init)
                0x00000001                ASSERT ((((0x0 + .) <= 0x10000) || 0x1), DMA Init must be within the first 64k of flash)
 *(.text.cs3.init)
 .text.cs3.init
                0x00000010       0x5c c:/program files (x86)/cypress/psoc creator/2.2/psoc creator/import/gnu_cs/arm/4.4.1/bin/../lib/gcc/arm-none-eabi/4.4.1/../../../../arm-none-eabi/lib/thumb2\libcs3.a(start_c.o)
                0x00000010                __cs3_start_c
 *(.text .text.* .gnu.linkonce.t.*)
 .text          0x0000006c       0x30 c:/program files (x86)/cypress/psoc creator/2.2/psoc creator/import/gnu_cs/arm/4.4.1/bin/../lib/gcc/arm-none-eabi/4.4.1/thumb2/crtbegin.o
 .text.main     0x0000009c       0x3c .\CortexM3\ARM_GCC_441\Debug\main.o
                0x0000009c                main
 .text.BAL_Init
                0x000000d8       0x10 .\CortexM3\ARM_GCC_441\Debug\bal.o
                0x000000d8                BAL_Init
 .text.BAL_HandleTask
                0x000000e8       0x10 .\CortexM3\ARM_GCC_441\Debug\bal.o
                0x000000e8                BAL_HandleTask
 .text.BPL_Init
                0x000000f8       0x48 .\CortexM3\ARM_GCC_441\Debug\bpl.o
                0x000000f8                BPL_Init
 .text.BPL_TransmitMessage
                0x00000140       0x34 .\CortexM3\ARM_GCC_441\Debug\bpl.o
                0x00000140                BPL_TransmitMessage
 .text.BPL_HandleTask
                0x00000174       0x94 .\CortexM3\ARM_GCC_441\Debug\bpl.o
                0x00000174                BPL_HandleTask
 .text.BPL_ucTest
                0x00000208       0x30 .\CortexM3\ARM_GCC_441\Debug\bpl.o
                0x00000208                BPL_ucTest
 .text.ERR_Error
                0x00000238       0x38 .\CortexM3\ARM_GCC_441\Debug\error.o
                0x00000238                ERR_Error
 .text.ERR_Init
                0x00000270       0x34 .\CortexM3\ARM_GCC_441\Debug\error.o
                0x00000270                ERR_Init
 .text.ERR_RegisterUcVariable
                0x000002a4       0xc0 .\CortexM3\ARM_GCC_441\Debug\error.o
                0x000002a4                ERR_RegisterUcVariable
 .text.ERR_HandleTask
                0x00000364      0x128 .\CortexM3\ARM_GCC_441\Debug\error.o
                0x00000364                ERR_HandleTask
 .text.isr_rx_routine
                0x0000048c       0x24 .\CortexM3\ARM_GCC_441\Debug\hal.o
                0x0000048c                isr_rx_routine
 .text.isr_tx_routine
                0x000004b0       0x28 .\CortexM3\ARM_GCC_441\Debug\hal.o
                0x000004b0                isr_tx_routine
 .text.HAL_Init
                0x000004d8       0x98 .\CortexM3\ARM_GCC_441\Debug\hal.o
                0x000004d8                HAL_Init
 .text.HAL_GetRxIsrCount
                0x00000570       0x18 .\CortexM3\ARM_GCC_441\Debug\hal.o
                0x00000570                HAL_GetRxIsrCount
 .text.HAL_GetByte
                0x00000588       0x34 .\CortexM3\ARM_GCC_441\Debug\hal.o
                0x00000588                HAL_GetByte
 .text.HAL_TransmitArray
                0x000005bc       0x60 .\CortexM3\ARM_GCC_441\Debug\hal.o
                0x000005bc                HAL_TransmitArray
 .text.SCH_GetTaskIndex
                0x0000061c       0x64 .\CortexM3\ARM_GCC_441\Debug\scheduler.o
 .text.SCH_TaskHandler
                0x00000680      0x304 .\CortexM3\ARM_GCC_441\Debug\scheduler.o
                0x00000680                SCH_TaskHandler
 .text.TST_Blink
                0x00000984       0x30 .\CortexM3\ARM_GCC_441\Debug\test.o
 .text.TST_Init
                0x000009b4       0x54 .\CortexM3\ARM_GCC_441\Debug\test.o
                0x000009b4                TST_Init
 .text.TST_HandleTask
                0x00000a08       0x1c .\CortexM3\ARM_GCC_441\Debug\test.o
                0x00000a08                TST_HandleTask
 .text.isr_timer_routine
                0x00000a24       0x18 .\CortexM3\ARM_GCC_441\Debug\tmr.o
                0x00000a24                isr_timer_routine
 .text.TMR_Init
                0x00000a3c       0x6c .\CortexM3\ARM_GCC_441\Debug\tmr.o
                0x00000a3c                TMR_Init
 .text.TMR_SetTimer
                0x00000aa8       0x98 .\CortexM3\ARM_GCC_441\Debug\tmr.o
                0x00000aa8                TMR_SetTimer
 .text.TMR_HandleTask
                0x00000b40      0x1e8 .\CortexM3\ARM_GCC_441\Debug\tmr.o
                0x00000b40                TMR_HandleTask
 .text.RBF_ucInit
                0x00000d28       0x20 .\CortexM3\ARM_GCC_441\Debug\ring_buffer.o
                0x00000d28                RBF_ucInit
 .text.RBF_ucRegisterBuffer
                0x00000d48      0x18c .\CortexM3\ARM_GCC_441\Debug\ring_buffer.o
                0x00000d48                RBF_ucRegisterBuffer
 .text.RBF_ucByteIn
                0x00000ed4      0x108 .\CortexM3\ARM_GCC_441\Debug\ring_buffer.o
                0x00000ed4                RBF_ucByteIn
 .text.RBF_ucHeadByteOut
                0x00000fdc      0x19c .\CortexM3\ARM_GCC_441\Debug\ring_buffer.o
                0x00000fdc                RBF_ucHeadByteOut
 .text.RBF_ucTailByteOut
                0x00001178      0x19c .\CortexM3\ARM_GCC_441\Debug\ring_buffer.o
                0x00001178                RBF_ucTailByteOut
 .text.RBF_ucMsgIn
                0x00001314      0x16c .\CortexM3\ARM_GCC_441\Debug\ring_buffer.o
                0x00001314                RBF_ucMsgIn
 .text.RBF_ucTailMsgOut
                0x00001480      0x11c .\CortexM3\ARM_GCC_441\Debug\ring_buffer.o
                0x00001480                RBF_ucTailMsgOut
 .text.RBF_ucGetMsgCount
                0x0000159c       0x38 .\CortexM3\ARM_GCC_441\Debug\ring_buffer.o
                0x0000159c                RBF_ucGetMsgCount
 .text.RBF_ucGetByteCount
                0x000015d4      0x180 .\CortexM3\ARM_GCC_441\Debug\ring_buffer.o
                0x000015d4                RBF_ucGetByteCount
 .text.IncHead  0x00001754       0xe0 .\CortexM3\ARM_GCC_441\Debug\ring_buffer.o
 .text.DecHead  0x00001834      0x110 .\CortexM3\ARM_GCC_441\Debug\ring_buffer.o
 .text.IncTail  0x00001944       0xd8 .\CortexM3\ARM_GCC_441\Debug\ring_buffer.o
 .text.IntDefaultHandler
                0x00001a1c        0x8 .\CortexM3\ARM_GCC_441\Debug\Cm3Start.o
                0x00001a1c                IntDefaultHandler
 .text.Reset    0x00001a24       0x24 .\CortexM3\ARM_GCC_441\Debug\Cm3Start.o
                0x00001a24                Reset
 .text.initialize_psoc
                0x00001a48       0xb4 .\CortexM3\ARM_GCC_441\Debug\Cm3Start.o
                0x00001a48                initialize_psoc
 .text.UART_Start
                0x00001afc       0x2c .\CortexM3\ARM_GCC_441\Debug\DrivePlatform2.a(UART.o)
                0x00001afc                UART_Start
 .text.UART_Init
                0x00001b28       0x84 .\CortexM3\ARM_GCC_441\Debug\DrivePlatform2.a(UART.o)
                0x00001b28                UART_Init
 .text.UART_Enable
                0x00001bac       0x94 .\CortexM3\ARM_GCC_441\Debug\DrivePlatform2.a(UART.o)
                0x00001bac                UART_Enable
 .text.UART_EnableRxInt
                0x00001c40       0x18 .\CortexM3\ARM_GCC_441\Debug\DrivePlatform2.a(UART.o)
                0x00001c40                UART_EnableRxInt
 .text.UART_DisableRxInt
                0x00001c58       0x18 .\CortexM3\ARM_GCC_441\Debug\DrivePlatform2.a(UART.o)
                0x00001c58                UART_DisableRxInt
 .text.UART_ReadRxData
                0x00001c70       0xa8 .\CortexM3\ARM_GCC_441\Debug\DrivePlatform2.a(UART.o)
                0x00001c70                UART_ReadRxData
 .text.UART_EnableTxInt
                0x00001d18       0x18 .\CortexM3\ARM_GCC_441\Debug\DrivePlatform2.a(UART.o)
                0x00001d18                UART_EnableTxInt
 .text.UART_PutChar
                0x00001d30       0xb8 .\CortexM3\ARM_GCC_441\Debug\DrivePlatform2.a(UART.o)
                0x00001d30                UART_PutChar
 .text.UART_PutArray
                0x00001de8       0x48 .\CortexM3\ARM_GCC_441\Debug\DrivePlatform2.a(UART.o)
                0x00001de8                UART_PutArray
 .text.UART_RXISR
                0x00001e30       0xec .\CortexM3\ARM_GCC_441\Debug\DrivePlatform2.a(UART_INT.o)
                0x00001e30                UART_RXISR
 .text.UART_TXISR
                0x00001f1c       0x98 .\CortexM3\ARM_GCC_441\Debug\DrivePlatform2.a(UART_INT.o)
                0x00001f1c                UART_TXISR
 .text.TIMER_Init
                0x00001fb4       0x60 .\CortexM3\ARM_GCC_441\Debug\DrivePlatform2.a(TIMER.o)
                0x00001fb4                TIMER_Init
 .text.TIMER_Enable
                0x00002014       0x2c .\CortexM3\ARM_GCC_441\Debug\DrivePlatform2.a(TIMER.o)
                0x00002014                TIMER_Enable
 .text.TIMER_SetInterruptMode
                0x00002040       0x20 .\CortexM3\ARM_GCC_441\Debug\DrivePlatform2.a(TIMER.o)
                0x00002040                TIMER_SetInterruptMode
 .text.TIMER_ReadStatusRegister
                0x00002060       0x18 .\CortexM3\ARM_GCC_441\Debug\DrivePlatform2.a(TIMER.o)
                0x00002060                TIMER_ReadStatusRegister
 .text.TIMER_WritePeriod
                0x00002078       0x20 .\CortexM3\ARM_GCC_441\Debug\DrivePlatform2.a(TIMER.o)
                0x00002078                TIMER_WritePeriod
 .text.TIMER_ReadCapture
                0x00002098       0x18 .\CortexM3\ARM_GCC_441\Debug\DrivePlatform2.a(TIMER.o)
                0x00002098                TIMER_ReadCapture
 .text.TIMER_WriteCounter
                0x000020b0       0x20 .\CortexM3\ARM_GCC_441\Debug\DrivePlatform2.a(TIMER.o)
                0x000020b0                TIMER_WriteCounter
 .text.TIMER_ReadCounter
                0x000020d0       0x20 .\CortexM3\ARM_GCC_441\Debug\DrivePlatform2.a(TIMER.o)
                0x000020d0                TIMER_ReadCounter
 .text.TIMER_ClearFIFO
                0x000020f0       0x1c .\CortexM3\ARM_GCC_441\Debug\DrivePlatform2.a(TIMER.o)
                0x000020f0                TIMER_ClearFIFO
 .text.Isr_tx_Start
                0x0000210c       0x24 .\CortexM3\ARM_GCC_441\Debug\DrivePlatform2.a(isr_tx.o)
                0x0000210c                Isr_tx_Start
 .text.Isr_tx_Interrupt
                0x00002130        0xc .\CortexM3\ARM_GCC_441\Debug\DrivePlatform2.a(isr_tx.o)
                0x00002130                Isr_tx_Interrupt
 .text.Isr_tx_SetVector
                0x0000213c       0x28 .\CortexM3\ARM_GCC_441\Debug\DrivePlatform2.a(isr_tx.o)
                0x0000213c                Isr_tx_SetVector
 .text.Isr_tx_SetPriority
                0x00002164       0x28 .\CortexM3\ARM_GCC_441\Debug\DrivePlatform2.a(isr_tx.o)
                0x00002164                Isr_tx_SetPriority
 .text.Isr_tx_Enable
                0x0000218c       0x18 .\CortexM3\ARM_GCC_441\Debug\DrivePlatform2.a(isr_tx.o)
                0x0000218c                Isr_tx_Enable
 .text.Isr_tx_Disable
                0x000021a4       0x18 .\CortexM3\ARM_GCC_441\Debug\DrivePlatform2.a(isr_tx.o)
                0x000021a4                Isr_tx_Disable
 .text.Isr_rx_Start
                0x000021bc       0x24 .\CortexM3\ARM_GCC_441\Debug\DrivePlatform2.a(isr_rx.o)
                0x000021bc                Isr_rx_Start
 .text.Isr_rx_Interrupt
                0x000021e0        0xc .\CortexM3\ARM_GCC_441\Debug\DrivePlatform2.a(isr_rx.o)
                0x000021e0                Isr_rx_Interrupt
 .text.Isr_rx_SetVector
                0x000021ec       0x28 .\CortexM3\ARM_GCC_441\Debug\DrivePlatform2.a(isr_rx.o)
                0x000021ec                Isr_rx_SetVector
 .text.Isr_rx_SetPriority
                0x00002214       0x28 .\CortexM3\ARM_GCC_441\Debug\DrivePlatform2.a(isr_rx.o)
                0x00002214                Isr_rx_SetPriority
 .text.Isr_rx_Enable
                0x0000223c       0x18 .\CortexM3\ARM_GCC_441\Debug\DrivePlatform2.a(isr_rx.o)
                0x0000223c                Isr_rx_Enable
 .text.Isr_rx_Disable
                0x00002254       0x18 .\CortexM3\ARM_GCC_441\Debug\DrivePlatform2.a(isr_rx.o)
                0x00002254                Isr_rx_Disable
 .text.TIMER_CLOCK_Start
                0x0000226c       0x44 .\CortexM3\ARM_GCC_441\Debug\DrivePlatform2.a(TIMER_CLOCK.o)
                0x0000226c                TIMER_CLOCK_Start
 .text.UART_IntClock_Start
                0x000022b0       0x44 .\CortexM3\ARM_GCC_441\Debug\DrivePlatform2.a(UART_IntClock.o)
                0x000022b0                UART_IntClock_Start
 *fill*         0x000022f4        0x4 00
 .text          0x000022f8       0x20 .\CortexM3\ARM_GCC_441\Debug\DrivePlatform2.a(CyBootAsmGnu.o)
                0x000022f8                CyDelayCycles
                0x00002308                CyEnterCriticalSection
                0x00002310                CyExitCriticalSection
 .text.CyHalt   0x00002318       0x18 .\CortexM3\ARM_GCC_441\Debug\DrivePlatform2.a(CyLib.o)
                0x00002318                CyHalt
 .text.CyIntSetVector
                0x00002330       0x60 .\CortexM3\ARM_GCC_441\Debug\DrivePlatform2.a(CyLib.o)
                0x00002330                CyIntSetVector
 .text.CyIntSetPriority
                0x00002390       0x4c .\CortexM3\ARM_GCC_441\Debug\DrivePlatform2.a(CyLib.o)
                0x00002390                CyIntSetPriority
 .text.DEBUG_LED_1_Write
                0x000023dc       0x40 .\CortexM3\ARM_GCC_441\Debug\DrivePlatform2.a(DEBUG_LED_1.o)
                0x000023dc                DEBUG_LED_1_Write
 .text.Isr_timer_Start
                0x0000241c       0x24 .\CortexM3\ARM_GCC_441\Debug\DrivePlatform2.a(Isr_timer.o)
                0x0000241c                Isr_timer_Start
 .text.Isr_timer_Interrupt
                0x00002440        0xc .\CortexM3\ARM_GCC_441\Debug\DrivePlatform2.a(Isr_timer.o)
                0x00002440                Isr_timer_Interrupt
 .text.Isr_timer_SetVector
                0x0000244c       0x28 .\CortexM3\ARM_GCC_441\Debug\DrivePlatform2.a(Isr_timer.o)
                0x0000244c                Isr_timer_SetVector
 .text.Isr_timer_SetPriority
                0x00002474       0x28 .\CortexM3\ARM_GCC_441\Debug\DrivePlatform2.a(Isr_timer.o)
                0x00002474                Isr_timer_SetPriority
 .text.Isr_timer_Enable
                0x0000249c       0x18 .\CortexM3\ARM_GCC_441\Debug\DrivePlatform2.a(Isr_timer.o)
                0x0000249c                Isr_timer_Enable
 .text.Isr_timer_Disable
                0x000024b4       0x18 .\CortexM3\ARM_GCC_441\Debug\DrivePlatform2.a(Isr_timer.o)
                0x000024b4                Isr_timer_Disable
 .text.CYMEMZERO8
                0x000024cc       0x3c .\CortexM3\ARM_GCC_441\Debug\DrivePlatform2.a(cyfitter_cfg.o)
 .text.CYCONFIGCPY8
                0x00002508       0x48 .\CortexM3\ARM_GCC_441\Debug\DrivePlatform2.a(cyfitter_cfg.o)
 .text.CYMEMZERO
                0x00002550       0x20 .\CortexM3\ARM_GCC_441\Debug\DrivePlatform2.a(cyfitter_cfg.o)
 .text.CYCONFIGCPY
                0x00002570       0x20 .\CortexM3\ARM_GCC_441\Debug\DrivePlatform2.a(cyfitter_cfg.o)
 .text.cfg_write_bytes32
                0x00002590       0x84 .\CortexM3\ARM_GCC_441\Debug\DrivePlatform2.a(cyfitter_cfg.o)
 .text.ClockSetup
                0x00002614      0x130 .\CortexM3\ARM_GCC_441\Debug\DrivePlatform2.a(cyfitter_cfg.o)
 .text.AnalogSetDefault
                0x00002744       0x98 .\CortexM3\ARM_GCC_441\Debug\DrivePlatform2.a(cyfitter_cfg.o)
 .text.cyfitter_cfg
                0x000027dc      0x264 .\CortexM3\ARM_GCC_441\Debug\DrivePlatform2.a(cyfitter_cfg.o)
                0x000027dc                cyfitter_cfg
 .text          0x00002a40      0x190 c:/program files (x86)/cypress/psoc creator/2.2/psoc creator/import/gnu_cs/arm/4.4.1/bin/../lib/gcc/arm-none-eabi/4.4.1/../../../../arm-none-eabi/lib/thumb2\libc.a(lib_a-memcpy.o)
                0x00002a40                memcpy
 .text          0x00002bd0       0xd4 c:/program files (x86)/cypress/psoc creator/2.2/psoc creator/import/gnu_cs/arm/4.4.1/bin/../lib/gcc/arm-none-eabi/4.4.1/../../../../arm-none-eabi/lib/thumb2\libc.a(lib_a-memset.o)
                0x00002bd0                memset
 .text          0x00002ca4      0x1dc c:/program files (x86)/cypress/psoc creator/2.2/psoc creator/import/gnu_cs/arm/4.4.1/bin/../lib/gcc/arm-none-eabi/4.4.1/../../../../arm-none-eabi/lib/thumb2\libc.a(lib_a-strcmp.o)
                0x00002ca4                strcmp
 .text          0x00002e80       0x78 c:/program files (x86)/cypress/psoc creator/2.2/psoc creator/import/gnu_cs/arm/4.4.1/bin/../lib/gcc/arm-none-eabi/4.4.1/../../../../arm-none-eabi/lib/thumb2\libc.a(lib_a-strncpy.o)
                0x00002e80                strncpy
 .text          0x00002ef8       0x30 c:/program files (x86)/cypress/psoc creator/2.2/psoc creator/import/gnu_cs/arm/4.4.1/bin/../lib/gcc/arm-none-eabi/4.4.1/../../../../arm-none-eabi/lib/thumb2\libcs3.a(start_c.o)
                0x00002ef8                __cs3_premain
 .text          0x00002f28        0x2 c:/program files (x86)/cypress/psoc creator/2.2/psoc creator/import/gnu_cs/arm/4.4.1/bin/../lib/gcc/arm-none-eabi/4.4.1/../../../../arm-none-eabi/lib/thumb2\libcs3micro.a(micro_isr_interrupt.o)
                0x00002f28                __cs3_isr_external_24
                0x00002f28                __cs3_isr_external_9
                0x00002f28                __cs3_isr_external_14
                0x00002f28                __cs3_isr_reserved_9
                0x00002f28                __cs3_isr_external_4
                0x00002f28                __cs3_isr_external_21
                0x00002f28                __cs3_isr_external_0
                0x00002f28                __cs3_isr_external_27
                0x00002f28                __cs3_isr_external_11
                0x00002f28                __cs3_isr_usage_fault
                0x00002f28                __cs3_isr_svcall
                0x00002f28                __cs3_isr_external_3
                0x00002f28                __cs3_isr_mpu_fault
                0x00002f28                __cs3_isr_external_16
                0x00002f28                __cs3_isr_pendsv
                0x00002f28                __cs3_isr_external_31
                0x00002f28                __cs3_isr_nmi
                0x00002f28                __cs3_isr_external_5
                0x00002f28                __cs3_isr_external_6
                0x00002f28                __cs3_isr_external_12
                0x00002f28                __cs3_isr_hard_fault
                0x00002f28                __cs3_isr_bus_fault
                0x00002f28                __cs3_isr_external_1
                0x00002f28                __cs3_isr_external_13
                0x00002f28                __cs3_isr_external_30
                0x00002f28                __cs3_isr_external_23
                0x00002f28                __cs3_isr_external_20
                0x00002f28                __cs3_isr_debug
                0x00002f28                __cs3_isr_reserved_13
                0x00002f28                __cs3_isr_external_8
                0x00002f28                __cs3_isr_external_26
                0x00002f28                __cs3_isr_reserved_8
                0x00002f28                __cs3_isr_reserved_7
                0x00002f28                __cs3_isr_external_7
                0x00002f28                __cs3_isr_external_28
                0x00002f28                __cs3_isr_systick
                0x00002f28                __cs3_isr_external_22
                0x00002f28                __cs3_isr_external_10
                0x00002f28                __cs3_isr_external_15
                0x00002f28                __cs3_isr_interrupt
                0x00002f28                __cs3_isr_external_18
                0x00002f28                __cs3_isr_external_29
                0x00002f28                __cs3_isr_external_25
                0x00002f28                __cs3_isr_reserved_10
                0x00002f28                __cs3_isr_external_2
                0x00002f28                __cs3_isr_external_17
                0x00002f28                __cs3_isr_external_19
 *fill*         0x00002f2a        0x2 00
 .text          0x00002f2c       0x50 c:/program files (x86)/cypress/psoc creator/2.2/psoc creator/import/gnu_cs/arm/4.4.1/bin/../lib/gcc/arm-none-eabi/4.4.1/../../../../arm-none-eabi/lib/thumb2\libc.a(lib_a-init.o)
                0x00002f2c                __libc_init_array
 *(.plt)
 *(.gnu.warning)
 *(.glue_7t)
 .glue_7t       0x00000000        0x0 linker stubs
 *(.glue_7)
 .glue_7        0x00000000        0x0 linker stubs
 *(.vfp11_veneer)
 .vfp11_veneer  0x00000000        0x0 linker stubs
 *(.bootloader)
 *(.ARM.extab* .gnu.linkonce.armextab.*)
 *(.gcc_except_table)

.v4_bx          0x00002f7c        0x0
 .v4_bx         0x00000000        0x0 linker stubs

.eh_frame_hdr
 *(.eh_frame_hdr)

.eh_frame
 *(.eh_frame)
                0x00002f7c                PROVIDE (__exidx_start, .)

.ARM.exidx
 *(.ARM.exidx* .gnu.linkonce.armexidx.*)
                0x00002f7c                __exidx_end = .

.rodata         0x00002f7c       0x7c
 *(.rodata .rodata.* .gnu.linkonce.r.*)
 .rodata        0x00002f7c       0x10 .\CortexM3\ARM_GCC_441\Debug\hal.o
 .rodata        0x00002f8c       0x30 .\CortexM3\ARM_GCC_441\Debug\DrivePlatform2.a(cyfitter_cfg.o)
                0x00002fbc                . = ALIGN (0x4)
 *(.init)
 .init          0x00002fbc        0x4 c:/program files (x86)/cypress/psoc creator/2.2/psoc creator/import/gnu_cs/arm/4.4.1/bin/../lib/gcc/arm-none-eabi/4.4.1/thumb2/crti.o
                0x00002fbc                _init
 .init          0x00002fc0        0x8 c:/program files (x86)/cypress/psoc creator/2.2/psoc creator/import/gnu_cs/arm/4.4.1/bin/../lib/gcc/arm-none-eabi/4.4.1/thumb2/crtn.o
                0x00002fc8                . = ALIGN (0x4)
                0x00002fc8                __preinit_array_start = .
 *(.preinit_array)
                0x00002fc8                __preinit_array_end = .
                0x00002fc8                . = ALIGN (0x4)
                0x00002fc8                __init_array_start = .
 *(SORT(.init_array.*))
 *(.init_array)
 .init_array    0x00002fc8        0x4 c:/program files (x86)/cypress/psoc creator/2.2/psoc creator/import/gnu_cs/arm/4.4.1/bin/../lib/gcc/arm-none-eabi/4.4.1/thumb2/crtbegin.o
 .init_array    0x00002fcc        0x4 .\CortexM3\ARM_GCC_441\Debug\Cm3Start.o
                0x00002fd0                __init_array_end = .
                0x00002fd0                . = ALIGN (0x4)
 *(.fini)
 .fini          0x00002fd0        0x4 c:/program files (x86)/cypress/psoc creator/2.2/psoc creator/import/gnu_cs/arm/4.4.1/bin/../lib/gcc/arm-none-eabi/4.4.1/thumb2/crti.o
                0x00002fd0                _fini
 .fini          0x00002fd4        0x8 c:/program files (x86)/cypress/psoc creator/2.2/psoc creator/import/gnu_cs/arm/4.4.1/bin/../lib/gcc/arm-none-eabi/4.4.1/thumb2/crtn.o
                0x00002fdc                . = ALIGN (0x4)
                0x00002fdc                __fini_array_start = .
 *(.fini_array)
 .fini_array    0x00002fdc        0x4 c:/program files (x86)/cypress/psoc creator/2.2/psoc creator/import/gnu_cs/arm/4.4.1/bin/../lib/gcc/arm-none-eabi/4.4.1/thumb2/crtbegin.o
 *(SORT(.fini_array.*))
                0x00002fe0                __fini_array_end = .
                0x00002fe0                . = ALIGN (0x4)
 *crtbegin.o(.ctors)
 *(EXCLUDE_FILE(*crtend.o) .ctors)
 *(SORT(.ctors.*))
 *crtend.o(.ctors)
                0x00002fe0                . = ALIGN (0x4)
 *crtbegin.o(.dtors)
 *(EXCLUDE_FILE(*crtend.o) .dtors)
 *(SORT(.dtors.*))
 *crtend.o(.dtors)
                0x00002fe0                . = ALIGN (0x4)
                0x00002fe0                __cs3_regions = .
                0x00002fe0        0x4 LONG 0x0
                0x00002fe4        0x4 LONG 0x2ff8 __cs3_region_init_ram
                0x00002fe8        0x4 LONG 0x1fff8108 __cs3_region_start_data
                0x00002fec        0x4 LONG 0xd8 __cs3_region_init_size_ram
                0x00002ff0        0x4 LONG 0x798 __cs3_region_zero_size_ram
                0x00002ff4                __cs3_regions_end = .
                0x00002ff8                . = ALIGN (0x8)
 *fill*         0x00002ff4        0x4 00
                0x00002ff8                _etext = .

.ramvectors     0x1fff8000      0x100
                0x1fff8000                __cs3_region_start_ram = .
 *(.cs3.region-head.ram)
                0x1fff8001                ASSERT ((. == __cs3_region_start_ram), .cs3.region-head.ram not permitted)
 *(.ramvectors)
 .ramvectors    0x1fff8000      0x100 .\CortexM3\ARM_GCC_441\Debug\Cm3Start.o
                0x1fff8000                CyRamVectors

.noinit         0x1fff8100        0x4
 *(.noinit)
 .noinit        0x1fff8100        0x4 .\CortexM3\ARM_GCC_441\Debug\Cm3Start.o

.data           0x1fff8108       0xd8 load address 0x00002ff8
                0x1fff8108                __cs3_region_start_data = .
 *(.jcr)
 .jcr           0x1fff8108        0x0 c:/program files (x86)/cypress/psoc creator/2.2/psoc creator/import/gnu_cs/arm/4.4.1/bin/../lib/gcc/arm-none-eabi/4.4.1/thumb2/crtbegin.o
 .jcr           0x1fff8108        0x4 c:/program files (x86)/cypress/psoc creator/2.2/psoc creator/import/gnu_cs/arm/4.4.1/bin/../lib/gcc/arm-none-eabi/4.4.1/thumb2/crtend.o
 *(.got.plt)
 *(.got)
 *(.shdata)
 *(.data .data.* .gnu.linkonce.d.*)
 .data          0x1fff810c        0x8 .\CortexM3\ARM_GCC_441\Debug\bpl.o
 .data          0x1fff8114       0xc4 .\CortexM3\ARM_GCC_441\Debug\scheduler.o
 .data          0x1fff81d8        0x1 .\CortexM3\ARM_GCC_441\Debug\tmr.o
                0x1fff81e0                . = ALIGN (0x8)
 *fill*         0x1fff81d9        0x7 00
 *(.ram)
                0x1fff81e0                _edata = .

.bss            0x1fff81e0      0x798 load address 0x000030d0
 *(.shbss)
 *(.bss .bss.* .gnu.linkonce.b.*)
 .bss           0x1fff81e0        0x1 c:/program files (x86)/cypress/psoc creator/2.2/psoc creator/import/gnu_cs/arm/4.4.1/bin/../lib/gcc/arm-none-eabi/4.4.1/thumb2/crtbegin.o
 *fill*         0x1fff81e1        0x3 00
 .bss           0x1fff81e4      0x204 .\CortexM3\ARM_GCC_441\Debug\bpl.o
 .bss           0x1fff83e8       0xa0 .\CortexM3\ARM_GCC_441\Debug\error.o
 .bss           0x1fff8488        0x3 .\CortexM3\ARM_GCC_441\Debug\hal.o
 *fill*         0x1fff848b        0x1 00
 .bss           0x1fff848c      0x408 .\CortexM3\ARM_GCC_441\Debug\scheduler.o
 .bss           0x1fff8894        0x1 .\CortexM3\ARM_GCC_441\Debug\test.o
 *fill*         0x1fff8895        0x3 00
 .bss           0x1fff8898       0x6c .\CortexM3\ARM_GCC_441\Debug\tmr.o
 .bss           0x1fff8904       0x28 .\CortexM3\ARM_GCC_441\Debug\ring_buffer.o
 .bss           0x1fff892c        0x8 .\CortexM3\ARM_GCC_441\Debug\DrivePlatform2.a(UART.o)
                0x1fff892c                UART_initVar
                0x1fff892d                UART_txBufferRead
                0x1fff892e                UART_txBufferWrite
                0x1fff892f                UART_rxBufferRead
                0x1fff8930                UART_rxBufferWrite
                0x1fff8931                UART_rxBufferLoopDetect
                0x1fff8932                UART_rxBufferOverflow
 *(COMMON)
 COMMON         0x1fff8934       0x40 .\CortexM3\ARM_GCC_441\Debug\DrivePlatform2.a(UART.o)
                0x1fff8934                UART_rxBuffer
                0x1fff8954                UART_txBuffer
 COMMON         0x1fff8974        0x1 .\CortexM3\ARM_GCC_441\Debug\DrivePlatform2.a(CyLib.o)
                0x1fff8974                CyResetStatus
                0x1fff8978                . = ALIGN (0x8)
 *fill*         0x1fff8975        0x3 00
 *(.ram.b)
                0x1fff8978                _end = .
                0x1fff8978                __end = .
                0x20003000                __cs3_region_end_ram = (__cs3_region_start_ram + 0xb000)
                0x0000b000                __cs3_region_size_ram = 0xb000
                0x00002ff8                __cs3_region_init_ram = LOADADDR (.data)
                0x000000d8                __cs3_region_init_size_ram = (_edata - ADDR (.data))
                0x00000798                __cs3_region_zero_size_ram = (_end - _edata)

.stab
 *(.stab)

.stabstr
 *(.stabstr)

.debug
 *(.debug)

.line
 *(.line)

.debug_srcinfo
 *(.debug_srcinfo)

.debug_sfnames
 *(.debug_sfnames)

.comment        0x00000000      0x45e
 .comment       0x00000000       0x2b .\CortexM3\ARM_GCC_441\Debug\main.o
 .comment       0x0000002b       0x2b .\CortexM3\ARM_GCC_441\Debug\bal.o
 .comment       0x00000056       0x2b .\CortexM3\ARM_GCC_441\Debug\bpl.o
 .comment       0x00000081       0x2b .\CortexM3\ARM_GCC_441\Debug\bus.o
 .comment       0x000000ac       0x2b .\CortexM3\ARM_GCC_441\Debug\error.o
 .comment       0x000000d7       0x2b .\CortexM3\ARM_GCC_441\Debug\hal.o
 .comment       0x00000102       0x2b .\CortexM3\ARM_GCC_441\Debug\scheduler.o
 .comment       0x0000012d       0x2b .\CortexM3\ARM_GCC_441\Debug\servo_cds5500.o
 .comment       0x00000158       0x2b .\CortexM3\ARM_GCC_441\Debug\test.o
 .comment       0x00000183       0x2b .\CortexM3\ARM_GCC_441\Debug\tmr.o
 .comment       0x000001ae       0x2b .\CortexM3\ARM_GCC_441\Debug\ring_buffer.o
 .comment       0x000001d9       0x2b .\CortexM3\ARM_GCC_441\Debug\Cm3Start.o
 .comment       0x00000204       0x2b .\CortexM3\ARM_GCC_441\Debug\DrivePlatform2.a(UART.o)
 .comment       0x0000022f       0x2b .\CortexM3\ARM_GCC_441\Debug\DrivePlatform2.a(UART_INT.o)
 .comment       0x0000025a       0x2b .\CortexM3\ARM_GCC_441\Debug\DrivePlatform2.a(TIMER.o)
 .comment       0x00000285       0x2b .\CortexM3\ARM_GCC_441\Debug\DrivePlatform2.a(isr_tx.o)
 .comment       0x000002b0       0x2b .\CortexM3\ARM_GCC_441\Debug\DrivePlatform2.a(isr_rx.o)
 .comment       0x000002db       0x2b .\CortexM3\ARM_GCC_441\Debug\DrivePlatform2.a(TIMER_CLOCK.o)
 .comment       0x00000306       0x2b .\CortexM3\ARM_GCC_441\Debug\DrivePlatform2.a(UART_IntClock.o)
 .comment       0x00000331       0x2b .\CortexM3\ARM_GCC_441\Debug\DrivePlatform2.a(CyLib.o)
 .comment       0x0000035c       0x2b .\CortexM3\ARM_GCC_441\Debug\DrivePlatform2.a(cyPm.o)
 .comment       0x00000387       0x2b .\CortexM3\ARM_GCC_441\Debug\DrivePlatform2.a(DEBUG_LED_1.o)
 .comment       0x000003b2       0x2b .\CortexM3\ARM_GCC_441\Debug\DrivePlatform2.a(Isr_timer.o)
 .comment       0x000003dd       0x2b .\CortexM3\ARM_GCC_441\Debug\DrivePlatform2.a(cyfitter_cfg.o)
 .comment       0x00000408       0x2b .\CortexM3\ARM_GCC_441\Debug\DrivePlatform2.a(CyFlash.o)
 .comment       0x00000433       0x2b .\CortexM3\ARM_GCC_441\Debug\DrivePlatform2.a(CySpc.o)

.debug_aranges  0x00000000      0xb48
 *(.debug_aranges)
 .debug_aranges
                0x00000000       0x20 .\CortexM3\ARM_GCC_441\Debug\main.o
 .debug_aranges
                0x00000020       0x38 .\CortexM3\ARM_GCC_441\Debug\bal.o
 .debug_aranges
                0x00000058       0x48 .\CortexM3\ARM_GCC_441\Debug\bpl.o
 .debug_aranges
                0x000000a0       0x40 .\CortexM3\ARM_GCC_441\Debug\error.o
 .debug_aranges
                0x000000e0       0x70 .\CortexM3\ARM_GCC_441\Debug\hal.o
 .debug_aranges
                0x00000150       0x30 .\CortexM3\ARM_GCC_441\Debug\scheduler.o
 .debug_aranges
                0x00000180       0x48 .\CortexM3\ARM_GCC_441\Debug\servo_cds5500.o
 .debug_aranges
                0x000001c8       0x30 .\CortexM3\ARM_GCC_441\Debug\test.o
 .debug_aranges
                0x000001f8       0x48 .\CortexM3\ARM_GCC_441\Debug\tmr.o
 .debug_aranges
                0x00000240       0x90 .\CortexM3\ARM_GCC_441\Debug\ring_buffer.o
 .debug_aranges
                0x000002d0       0x30 .\CortexM3\ARM_GCC_441\Debug\Cm3Start.o
 .debug_aranges
                0x00000300      0x110 .\CortexM3\ARM_GCC_441\Debug\DrivePlatform2.a(UART.o)
 .debug_aranges
                0x00000410       0x28 .\CortexM3\ARM_GCC_441\Debug\DrivePlatform2.a(UART_INT.o)
 .debug_aranges
                0x00000438       0x90 .\CortexM3\ARM_GCC_441\Debug\DrivePlatform2.a(TIMER.o)
 .debug_aranges
                0x000004c8       0x80 .\CortexM3\ARM_GCC_441\Debug\DrivePlatform2.a(isr_tx.o)
 .debug_aranges
                0x00000548       0x80 .\CortexM3\ARM_GCC_441\Debug\DrivePlatform2.a(isr_rx.o)
 .debug_aranges
                0x000005c8       0x68 .\CortexM3\ARM_GCC_441\Debug\DrivePlatform2.a(TIMER_CLOCK.o)
 .debug_aranges
                0x00000630       0x68 .\CortexM3\ARM_GCC_441\Debug\DrivePlatform2.a(UART_IntClock.o)
 .debug_aranges
                0x00000698       0x20 .\CortexM3\ARM_GCC_441\Debug\DrivePlatform2.a(CyBootAsmGnu.o)
 .debug_aranges
                0x000006b8      0x1e0 .\CortexM3\ARM_GCC_441\Debug\DrivePlatform2.a(CyLib.o)
 .debug_aranges
                0x00000898       0xb8 .\CortexM3\ARM_GCC_441\Debug\DrivePlatform2.a(cyPm.o)
 .debug_aranges
                0x00000950       0x38 .\CortexM3\ARM_GCC_441\Debug\DrivePlatform2.a(DEBUG_LED_1.o)
 .debug_aranges
                0x00000988       0x80 .\CortexM3\ARM_GCC_441\Debug\DrivePlatform2.a(Isr_timer.o)
 .debug_aranges
                0x00000a08       0x70 .\CortexM3\ARM_GCC_441\Debug\DrivePlatform2.a(cyfitter_cfg.o)
 .debug_aranges
                0x00000a78       0x68 .\CortexM3\ARM_GCC_441\Debug\DrivePlatform2.a(CyFlash.o)
 .debug_aranges
                0x00000ae0       0x68 .\CortexM3\ARM_GCC_441\Debug\DrivePlatform2.a(CySpc.o)

.debug_pubnames
                0x00000000     0x1818
 *(.debug_pubnames)
 .debug_pubnames
                0x00000000       0x1b .\CortexM3\ARM_GCC_441\Debug\main.o
 .debug_pubnames
                0x0000001b       0x53 .\CortexM3\ARM_GCC_441\Debug\bal.o
 .debug_pubnames
                0x0000006e       0x87 .\CortexM3\ARM_GCC_441\Debug\bpl.o
 .debug_pubnames
                0x000000f5       0x76 .\CortexM3\ARM_GCC_441\Debug\error.o
 .debug_pubnames
                0x0000016b       0xef .\CortexM3\ARM_GCC_441\Debug\hal.o
 .debug_pubnames
                0x0000025a       0x3f .\CortexM3\ARM_GCC_441\Debug\scheduler.o
 .debug_pubnames
                0x00000299       0x58 .\CortexM3\ARM_GCC_441\Debug\servo_cds5500.o
 .debug_pubnames
                0x000002f1       0x32 .\CortexM3\ARM_GCC_441\Debug\test.o
 .debug_pubnames
                0x00000323       0x7e .\CortexM3\ARM_GCC_441\Debug\tmr.o
 .debug_pubnames
                0x000003a1      0x10f .\CortexM3\ARM_GCC_441\Debug\ring_buffer.o
 .debug_pubnames
                0x000004b0       0x66 .\CortexM3\ARM_GCC_441\Debug\Cm3Start.o
 .debug_pubnames
                0x00000516      0x36e .\CortexM3\ARM_GCC_441\Debug\DrivePlatform2.a(UART.o)
 .debug_pubnames
                0x00000884       0x30 .\CortexM3\ARM_GCC_441\Debug\DrivePlatform2.a(UART_INT.o)
 .debug_pubnames
                0x000008b4      0x174 .\CortexM3\ARM_GCC_441\Debug\DrivePlatform2.a(TIMER.o)
 .debug_pubnames
                0x00000a28      0x11a .\CortexM3\ARM_GCC_441\Debug\DrivePlatform2.a(isr_tx.o)
 .debug_pubnames
                0x00000b42      0x11a .\CortexM3\ARM_GCC_441\Debug\DrivePlatform2.a(isr_rx.o)
 .debug_pubnames
                0x00000c5c      0x146 .\CortexM3\ARM_GCC_441\Debug\DrivePlatform2.a(TIMER_CLOCK.o)
 .debug_pubnames
                0x00000da2      0x15a .\CortexM3\ARM_GCC_441\Debug\DrivePlatform2.a(UART_IntClock.o)
 .debug_pubnames
                0x00000efc      0x4be .\CortexM3\ARM_GCC_441\Debug\DrivePlatform2.a(CyLib.o)
 .debug_pubnames
                0x000013ba       0xbb .\CortexM3\ARM_GCC_441\Debug\DrivePlatform2.a(cyPm.o)
 .debug_pubnames
                0x00001475       0x76 .\CortexM3\ARM_GCC_441\Debug\DrivePlatform2.a(DEBUG_LED_1.o)
 .debug_pubnames
                0x000014eb      0x141 .\CortexM3\ARM_GCC_441\Debug\DrivePlatform2.a(Isr_timer.o)
 .debug_pubnames
                0x0000162c       0x3d .\CortexM3\ARM_GCC_441\Debug\DrivePlatform2.a(cyfitter_cfg.o)
 .debug_pubnames
                0x00001669       0xdf .\CortexM3\ARM_GCC_441\Debug\DrivePlatform2.a(CyFlash.o)
 .debug_pubnames
                0x00001748       0xd0 .\CortexM3\ARM_GCC_441\Debug\DrivePlatform2.a(CySpc.o)

.debug_info     0x00000000     0x51ce
 *(.debug_info .gnu.linkonce.wi.*)
 .debug_info    0x00000000      0x103 .\CortexM3\ARM_GCC_441\Debug\main.o
 .debug_info    0x00000103      0x212 .\CortexM3\ARM_GCC_441\Debug\bal.o
 .debug_info    0x00000315      0x2a4 .\CortexM3\ARM_GCC_441\Debug\bpl.o
 .debug_info    0x000005b9       0x97 .\CortexM3\ARM_GCC_441\Debug\bus.o
 .debug_info    0x00000650      0x337 .\CortexM3\ARM_GCC_441\Debug\error.o
 .debug_info    0x00000987      0x295 .\CortexM3\ARM_GCC_441\Debug\hal.o
 .debug_info    0x00000c1c      0x27d .\CortexM3\ARM_GCC_441\Debug\scheduler.o
 .debug_info    0x00000e99      0x302 .\CortexM3\ARM_GCC_441\Debug\servo_cds5500.o
 .debug_info    0x0000119b      0x153 .\CortexM3\ARM_GCC_441\Debug\test.o
 .debug_info    0x000012ee      0x2f0 .\CortexM3\ARM_GCC_441\Debug\tmr.o
 .debug_info    0x000015de      0x5db .\CortexM3\ARM_GCC_441\Debug\ring_buffer.o
 .debug_info    0x00001bb9      0x168 .\CortexM3\ARM_GCC_441\Debug\Cm3Start.o
 .debug_info    0x00001d21      0x6bd .\CortexM3\ARM_GCC_441\Debug\DrivePlatform2.a(UART.o)
 .debug_info    0x000023de      0x16d .\CortexM3\ARM_GCC_441\Debug\DrivePlatform2.a(UART_INT.o)
 .debug_info    0x0000254b      0x26d .\CortexM3\ARM_GCC_441\Debug\DrivePlatform2.a(TIMER.o)
 .debug_info    0x000027b8      0x23b .\CortexM3\ARM_GCC_441\Debug\DrivePlatform2.a(isr_tx.o)
 .debug_info    0x000029f3      0x23b .\CortexM3\ARM_GCC_441\Debug\DrivePlatform2.a(isr_rx.o)
 .debug_info    0x00002c2e      0x237 .\CortexM3\ARM_GCC_441\Debug\DrivePlatform2.a(TIMER_CLOCK.o)
 .debug_info    0x00002e65      0x237 .\CortexM3\ARM_GCC_441\Debug\DrivePlatform2.a(UART_IntClock.o)
 .debug_info    0x0000309c       0xbe .\CortexM3\ARM_GCC_441\Debug\DrivePlatform2.a(CyBootAsmGnu.o)
 .debug_info    0x0000315a      0xbce .\CortexM3\ARM_GCC_441\Debug\DrivePlatform2.a(CyLib.o)
 .debug_info    0x00003d28      0x63e .\CortexM3\ARM_GCC_441\Debug\DrivePlatform2.a(cyPm.o)
 .debug_info    0x00004366      0x120 .\CortexM3\ARM_GCC_441\Debug\DrivePlatform2.a(DEBUG_LED_1.o)
 .debug_info    0x00004486      0x23b .\CortexM3\ARM_GCC_441\Debug\DrivePlatform2.a(Isr_timer.o)
 .debug_info    0x000046c1      0x459 .\CortexM3\ARM_GCC_441\Debug\DrivePlatform2.a(cyfitter_cfg.o)
 .debug_info    0x00004b1a      0x308 .\CortexM3\ARM_GCC_441\Debug\DrivePlatform2.a(CyFlash.o)
 .debug_info    0x00004e22      0x3ac .\CortexM3\ARM_GCC_441\Debug\DrivePlatform2.a(CySpc.o)

.debug_abbrev   0x00000000     0x194b
 *(.debug_abbrev)
 .debug_abbrev  0x00000000       0x80 .\CortexM3\ARM_GCC_441\Debug\main.o
 .debug_abbrev  0x00000080       0xf7 .\CortexM3\ARM_GCC_441\Debug\bal.o
 .debug_abbrev  0x00000177       0xe9 .\CortexM3\ARM_GCC_441\Debug\bpl.o
 .debug_abbrev  0x00000260       0x4b .\CortexM3\ARM_GCC_441\Debug\bus.o
 .debug_abbrev  0x000002ab      0x11d .\CortexM3\ARM_GCC_441\Debug\error.o
 .debug_abbrev  0x000003c8      0x110 .\CortexM3\ARM_GCC_441\Debug\hal.o
 .debug_abbrev  0x000004d8      0x100 .\CortexM3\ARM_GCC_441\Debug\scheduler.o
 .debug_abbrev  0x000005d8      0x116 .\CortexM3\ARM_GCC_441\Debug\servo_cds5500.o
 .debug_abbrev  0x000006ee       0xc4 .\CortexM3\ARM_GCC_441\Debug\test.o
 .debug_abbrev  0x000007b2      0x148 .\CortexM3\ARM_GCC_441\Debug\tmr.o
 .debug_abbrev  0x000008fa      0x145 .\CortexM3\ARM_GCC_441\Debug\ring_buffer.o
 .debug_abbrev  0x00000a3f       0xec .\CortexM3\ARM_GCC_441\Debug\Cm3Start.o
 .debug_abbrev  0x00000b2b      0x13a .\CortexM3\ARM_GCC_441\Debug\DrivePlatform2.a(UART.o)
 .debug_abbrev  0x00000c65       0xa7 .\CortexM3\ARM_GCC_441\Debug\DrivePlatform2.a(UART_INT.o)
 .debug_abbrev  0x00000d0c       0xe0 .\CortexM3\ARM_GCC_441\Debug\DrivePlatform2.a(TIMER.o)
 .debug_abbrev  0x00000dec       0xe1 .\CortexM3\ARM_GCC_441\Debug\DrivePlatform2.a(isr_tx.o)
 .debug_abbrev  0x00000ecd       0xe1 .\CortexM3\ARM_GCC_441\Debug\DrivePlatform2.a(isr_rx.o)
 .debug_abbrev  0x00000fae       0xcf .\CortexM3\ARM_GCC_441\Debug\DrivePlatform2.a(TIMER_CLOCK.o)
 .debug_abbrev  0x0000107d       0xcf .\CortexM3\ARM_GCC_441\Debug\DrivePlatform2.a(UART_IntClock.o)
 .debug_abbrev  0x0000114c       0x14 .\CortexM3\ARM_GCC_441\Debug\DrivePlatform2.a(CyBootAsmGnu.o)
 .debug_abbrev  0x00001160      0x182 .\CortexM3\ARM_GCC_441\Debug\DrivePlatform2.a(CyLib.o)
 .debug_abbrev  0x000012e2      0x13e .\CortexM3\ARM_GCC_441\Debug\DrivePlatform2.a(cyPm.o)
 .debug_abbrev  0x00001420       0x85 .\CortexM3\ARM_GCC_441\Debug\DrivePlatform2.a(DEBUG_LED_1.o)
 .debug_abbrev  0x000014a5       0xe1 .\CortexM3\ARM_GCC_441\Debug\DrivePlatform2.a(Isr_timer.o)
 .debug_abbrev  0x00001586      0x16d .\CortexM3\ARM_GCC_441\Debug\DrivePlatform2.a(cyfitter_cfg.o)
 .debug_abbrev  0x000016f3      0x14a .\CortexM3\ARM_GCC_441\Debug\DrivePlatform2.a(CyFlash.o)
 .debug_abbrev  0x0000183d      0x10e .\CortexM3\ARM_GCC_441\Debug\DrivePlatform2.a(CySpc.o)

.debug_line     0x00000000     0x2e52
 *(.debug_line)
 .debug_line    0x00000000       0x85 .\CortexM3\ARM_GCC_441\Debug\main.o
 .debug_line    0x00000085      0x12b .\CortexM3\ARM_GCC_441\Debug\bal.o
 .debug_line    0x000001b0      0x1e0 .\CortexM3\ARM_GCC_441\Debug\bpl.o
 .debug_line    0x00000390       0x44 .\CortexM3\ARM_GCC_441\Debug\bus.o
 .debug_line    0x000003d4      0x153 .\CortexM3\ARM_GCC_441\Debug\error.o
 .debug_line    0x00000527      0x241 .\CortexM3\ARM_GCC_441\Debug\hal.o
 .debug_line    0x00000768      0x208 .\CortexM3\ARM_GCC_441\Debug\scheduler.o
 .debug_line    0x00000970      0x163 .\CortexM3\ARM_GCC_441\Debug\servo_cds5500.o
 .debug_line    0x00000ad3      0x104 .\CortexM3\ARM_GCC_441\Debug\test.o
 .debug_line    0x00000bd7      0x1ff .\CortexM3\ARM_GCC_441\Debug\tmr.o
 .debug_line    0x00000dd6      0x365 .\CortexM3\ARM_GCC_441\Debug\ring_buffer.o
 .debug_line    0x0000113b       0xb8 .\CortexM3\ARM_GCC_441\Debug\Cm3Start.o
 .debug_line    0x000011f3      0x35c .\CortexM3\ARM_GCC_441\Debug\DrivePlatform2.a(UART.o)
 .debug_line    0x0000154f       0xc4 .\CortexM3\ARM_GCC_441\Debug\DrivePlatform2.a(UART_INT.o)
 .debug_line    0x00001613      0x18a .\CortexM3\ARM_GCC_441\Debug\DrivePlatform2.a(TIMER.o)
 .debug_line    0x0000179d      0x15a .\CortexM3\ARM_GCC_441\Debug\DrivePlatform2.a(isr_tx.o)
 .debug_line    0x000018f7      0x15a .\CortexM3\ARM_GCC_441\Debug\DrivePlatform2.a(isr_rx.o)
 .debug_line    0x00001a51      0x162 .\CortexM3\ARM_GCC_441\Debug\DrivePlatform2.a(TIMER_CLOCK.o)
 .debug_line    0x00001bb3      0x164 .\CortexM3\ARM_GCC_441\Debug\DrivePlatform2.a(UART_IntClock.o)
 .debug_line    0x00001d17       0x67 .\CortexM3\ARM_GCC_441\Debug\DrivePlatform2.a(CyBootAsmGnu.o)
 .debug_line    0x00001d7e      0x5c7 .\CortexM3\ARM_GCC_441\Debug\DrivePlatform2.a(CyLib.o)
 .debug_line    0x00002345      0x3f2 .\CortexM3\ARM_GCC_441\Debug\DrivePlatform2.a(cyPm.o)
 .debug_line    0x00002737       0xb6 .\CortexM3\ARM_GCC_441\Debug\DrivePlatform2.a(DEBUG_LED_1.o)
 .debug_line    0x000027ed      0x15d .\CortexM3\ARM_GCC_441\Debug\DrivePlatform2.a(Isr_timer.o)
 .debug_line    0x0000294a      0x212 .\CortexM3\ARM_GCC_441\Debug\DrivePlatform2.a(cyfitter_cfg.o)
 .debug_line    0x00002b5c      0x170 .\CortexM3\ARM_GCC_441\Debug\DrivePlatform2.a(CyFlash.o)
 .debug_line    0x00002ccc      0x186 .\CortexM3\ARM_GCC_441\Debug\DrivePlatform2.a(CySpc.o)

.debug_frame    0x00000000     0x2ac0
 *(.debug_frame)
 .debug_frame   0x00000000       0x30 .\CortexM3\ARM_GCC_441\Debug\main.o
 .debug_frame   0x00000030       0x88 .\CortexM3\ARM_GCC_441\Debug\bal.o
 .debug_frame   0x000000b8       0xc8 .\CortexM3\ARM_GCC_441\Debug\bpl.o
 .debug_frame   0x00000180       0xa8 .\CortexM3\ARM_GCC_441\Debug\error.o
 .debug_frame   0x00000228      0x154 .\CortexM3\ARM_GCC_441\Debug\hal.o
 .debug_frame   0x0000037c       0x70 .\CortexM3\ARM_GCC_441\Debug\scheduler.o
 .debug_frame   0x000003ec       0xcc .\CortexM3\ARM_GCC_441\Debug\servo_cds5500.o
 .debug_frame   0x000004b8       0x68 .\CortexM3\ARM_GCC_441\Debug\test.o
 .debug_frame   0x00000520       0xbc .\CortexM3\ARM_GCC_441\Debug\tmr.o
 .debug_frame   0x000005dc      0x1d8 .\CortexM3\ARM_GCC_441\Debug\ring_buffer.o
 .debug_frame   0x000007b4       0x5c .\CortexM3\ARM_GCC_441\Debug\Cm3Start.o
 .debug_frame   0x00000810      0x3ac .\CortexM3\ARM_GCC_441\Debug\DrivePlatform2.a(UART.o)
 .debug_frame   0x00000bbc       0x48 .\CortexM3\ARM_GCC_441\Debug\DrivePlatform2.a(UART_INT.o)
 .debug_frame   0x00000c04      0x1b8 .\CortexM3\ARM_GCC_441\Debug\DrivePlatform2.a(TIMER.o)
 .debug_frame   0x00000dbc      0x180 .\CortexM3\ARM_GCC_441\Debug\DrivePlatform2.a(isr_tx.o)
 .debug_frame   0x00000f3c      0x180 .\CortexM3\ARM_GCC_441\Debug\DrivePlatform2.a(isr_rx.o)
 .debug_frame   0x000010bc      0x130 .\CortexM3\ARM_GCC_441\Debug\DrivePlatform2.a(TIMER_CLOCK.o)
 .debug_frame   0x000011ec      0x130 .\CortexM3\ARM_GCC_441\Debug\DrivePlatform2.a(UART_IntClock.o)
 .debug_frame   0x0000131c      0x6b8 .\CortexM3\ARM_GCC_441\Debug\DrivePlatform2.a(CyLib.o)
 .debug_frame   0x000019d4      0x25c .\CortexM3\ARM_GCC_441\Debug\DrivePlatform2.a(cyPm.o)
 .debug_frame   0x00001c30       0x80 .\CortexM3\ARM_GCC_441\Debug\DrivePlatform2.a(DEBUG_LED_1.o)
 .debug_frame   0x00001cb0      0x180 .\CortexM3\ARM_GCC_441\Debug\DrivePlatform2.a(Isr_timer.o)
 .debug_frame   0x00001e30      0x158 .\CortexM3\ARM_GCC_441\Debug\DrivePlatform2.a(cyfitter_cfg.o)
 .debug_frame   0x00001f88      0x140 .\CortexM3\ARM_GCC_441\Debug\DrivePlatform2.a(CyFlash.o)
 .debug_frame   0x000020c8      0x13c .\CortexM3\ARM_GCC_441\Debug\DrivePlatform2.a(CySpc.o)
 .debug_frame   0x00002204       0x34 c:/program files (x86)/cypress/psoc creator/2.2/psoc creator/import/gnu_cs/arm/4.4.1/bin/../lib/gcc/arm-none-eabi/4.4.1/../../../../arm-none-eabi/lib/thumb2\libc.a(lib_a-memcpy.o)
 .debug_frame   0x00002238       0x28 c:/program files (x86)/cypress/psoc creator/2.2/psoc creator/import/gnu_cs/arm/4.4.1/bin/../lib/gcc/arm-none-eabi/4.4.1/../../../../arm-none-eabi/lib/thumb2\libc.a(lib_a-memset.o)
 .debug_frame   0x00002260       0x5c c:/program files (x86)/cypress/psoc creator/2.2/psoc creator/import/gnu_cs/arm/4.4.1/bin/../lib/gcc/arm-none-eabi/4.4.1/../../../../arm-none-eabi/lib/thumb2\libc.a(lib_a-sprintf.o)
 .debug_frame   0x000022bc       0x30 c:/program files (x86)/cypress/psoc creator/2.2/psoc creator/import/gnu_cs/arm/4.4.1/bin/../lib/gcc/arm-none-eabi/4.4.1/../../../../arm-none-eabi/lib/thumb2\libc.a(lib_a-strcmp.o)
 .debug_frame   0x000022ec       0x28 c:/program files (x86)/cypress/psoc creator/2.2/psoc creator/import/gnu_cs/arm/4.4.1/bin/../lib/gcc/arm-none-eabi/4.4.1/../../../../arm-none-eabi/lib/thumb2\libc.a(lib_a-strncpy.o)
 .debug_frame   0x00002314       0x68 c:/program files (x86)/cypress/psoc creator/2.2/psoc creator/import/gnu_cs/arm/4.4.1/bin/../lib/gcc/arm-none-eabi/4.4.1/../../../../arm-none-eabi/lib/thumb2\libc.a(lib_a-svfprintf.o)
 .debug_frame   0x0000237c       0x64 c:/program files (x86)/cypress/psoc creator/2.2/psoc creator/import/gnu_cs/arm/4.4.1/bin/../lib/gcc/arm-none-eabi/4.4.1/../../../../arm-none-eabi/lib/thumb2\libc.a(lib_a-dtoa.o)
 .debug_frame   0x000023e0       0x50 c:/program files (x86)/cypress/psoc creator/2.2/psoc creator/import/gnu_cs/arm/4.4.1/bin/../lib/gcc/arm-none-eabi/4.4.1/../../../../arm-none-eabi/lib/thumb2\libc.a(lib_a-freer.o)
 .debug_frame   0x00002430       0x6c c:/program files (x86)/cypress/psoc creator/2.2/psoc creator/import/gnu_cs/arm/4.4.1/bin/../lib/gcc/arm-none-eabi/4.4.1/../../../../arm-none-eabi/lib/thumb2\libc.a(lib_a-locale.o)
 .debug_frame   0x0000249c       0x30 c:/program files (x86)/cypress/psoc creator/2.2/psoc creator/import/gnu_cs/arm/4.4.1/bin/../lib/gcc/arm-none-eabi/4.4.1/../../../../arm-none-eabi/lib/thumb2\libc.a(lib_a-malloc.o)
 .debug_frame   0x000024cc       0x3c c:/program files (x86)/cypress/psoc creator/2.2/psoc creator/import/gnu_cs/arm/4.4.1/bin/../lib/gcc/arm-none-eabi/4.4.1/../../../../arm-none-eabi/lib/thumb2\libc.a(lib_a-mallocr.o)
 .debug_frame   0x00002508       0x28 c:/program files (x86)/cypress/psoc creator/2.2/psoc creator/import/gnu_cs/arm/4.4.1/bin/../lib/gcc/arm-none-eabi/4.4.1/../../../../arm-none-eabi/lib/thumb2\libc.a(lib_a-memchr.o)
 .debug_frame   0x00002530       0x2c c:/program files (x86)/cypress/psoc creator/2.2/psoc creator/import/gnu_cs/arm/4.4.1/bin/../lib/gcc/arm-none-eabi/4.4.1/../../../../arm-none-eabi/lib/thumb2\libc.a(lib_a-memmove.o)
 .debug_frame   0x0000255c       0x30 c:/program files (x86)/cypress/psoc creator/2.2/psoc creator/import/gnu_cs/arm/4.4.1/bin/../lib/gcc/arm-none-eabi/4.4.1/../../../../arm-none-eabi/lib/thumb2\libc.a(lib_a-mlock.o)
 .debug_frame   0x0000258c      0x240 c:/program files (x86)/cypress/psoc creator/2.2/psoc creator/import/gnu_cs/arm/4.4.1/bin/../lib/gcc/arm-none-eabi/4.4.1/../../../../arm-none-eabi/lib/thumb2\libc.a(lib_a-mprec.o)
 .debug_frame   0x000027cc       0x3c c:/program files (x86)/cypress/psoc creator/2.2/psoc creator/import/gnu_cs/arm/4.4.1/bin/../lib/gcc/arm-none-eabi/4.4.1/../../../../arm-none-eabi/lib/thumb2\libc.a(lib_a-reallocr.o)
 .debug_frame   0x00002808       0x20 c:/program files (x86)/cypress/psoc creator/2.2/psoc creator/import/gnu_cs/arm/4.4.1/bin/../lib/gcc/arm-none-eabi/4.4.1/../../../../arm-none-eabi/lib/thumb2\libc.a(lib_a-s_isinfd.o)
 .debug_frame   0x00002828       0x20 c:/program files (x86)/cypress/psoc creator/2.2/psoc creator/import/gnu_cs/arm/4.4.1/bin/../lib/gcc/arm-none-eabi/4.4.1/../../../../arm-none-eabi/lib/thumb2\libc.a(lib_a-s_isnand.o)
 .debug_frame   0x00002848       0x2c c:/program files (x86)/cypress/psoc creator/2.2/psoc creator/import/gnu_cs/arm/4.4.1/bin/../lib/gcc/arm-none-eabi/4.4.1/../../../../arm-none-eabi/lib/thumb2\libc.a(lib_a-sbrkr.o)
 .debug_frame   0x00002874       0x20 c:/program files (x86)/cypress/psoc creator/2.2/psoc creator/import/gnu_cs/arm/4.4.1/bin/../lib/gcc/arm-none-eabi/4.4.1/../../../../arm-none-eabi/lib/thumb2\libc.a(lib_a-strlen.o)
 .debug_frame   0x00002894       0x2c c:/program files (x86)/cypress/psoc creator/2.2/psoc creator/import/gnu_cs/arm/4.4.1/bin/../lib/gcc/arm-none-eabi/4.4.1/../../../../arm-none-eabi/lib/thumb2\libc.a(lib_a-callocr.o)
 .debug_frame   0x000028c0       0x64 c:/program files (x86)/cypress/psoc creator/2.2/psoc creator/import/gnu_cs/arm/4.4.1/bin/../lib/gcc/arm-none-eabi/4.4.1/../../../../arm-none-eabi/lib/thumb2\libc.a(lib_a-reent.o)
 .debug_frame   0x00002924       0x20 c:/program files (x86)/cypress/psoc creator/2.2/psoc creator/import/gnu_cs/arm/4.4.1/bin/../lib/gcc/arm-none-eabi/4.4.1/thumb2\libgcc.a(_udivsi3.o)
 .debug_frame   0x00002944       0x50 c:/program files (x86)/cypress/psoc creator/2.2/psoc creator/import/gnu_cs/arm/4.4.1/bin/../lib/gcc/arm-none-eabi/4.4.1/thumb2\libgcc.a(bpabi.o)
 .debug_frame   0x00002994       0x3c c:/program files (x86)/cypress/psoc creator/2.2/psoc creator/import/gnu_cs/arm/4.4.1/bin/../lib/gcc/arm-none-eabi/4.4.1/thumb2\libgcc.a(_divdi3.o)
 .debug_frame   0x000029d0       0x3c c:/program files (x86)/cypress/psoc creator/2.2/psoc creator/import/gnu_cs/arm/4.4.1/bin/../lib/gcc/arm-none-eabi/4.4.1/thumb2\libgcc.a(_udivdi3.o)
 .debug_frame   0x00002a0c       0x40 c:/program files (x86)/cypress/psoc creator/2.2/psoc creator/import/gnu_cs/arm/4.4.1/bin/../lib/gcc/arm-none-eabi/4.4.1/../../../../arm-none-eabi/lib/thumb2\libcs3.a(start_c.o)
 .debug_frame   0x00002a4c       0x28 c:/program files (x86)/cypress/psoc creator/2.2/psoc creator/import/gnu_cs/arm/4.4.1/bin/../lib/gcc/arm-none-eabi/4.4.1/../../../../arm-none-eabi/lib/thumb2\libcs3unhosted.a(unhosted-sbrk.o)
 .debug_frame   0x00002a74       0x20 c:/program files (x86)/cypress/psoc creator/2.2/psoc creator/import/gnu_cs/arm/4.4.1/bin/../lib/gcc/arm-none-eabi/4.4.1/../../../../arm-none-eabi/lib/thumb2\libc.a(lib_a-errno.o)
 .debug_frame   0x00002a94       0x2c c:/program files (x86)/cypress/psoc creator/2.2/psoc creator/import/gnu_cs/arm/4.4.1/bin/../lib/gcc/arm-none-eabi/4.4.1/../../../../arm-none-eabi/lib/thumb2\libc.a(lib_a-init.o)

.debug_str      0x00000000     0x23ab
 *(.debug_str)
 .debug_str     0x00000000      0x114 .\CortexM3\ARM_GCC_441\Debug\main.o
                                0x154 (size before relaxing)
 .debug_str     0x00000114       0xe7 .\CortexM3\ARM_GCC_441\Debug\bal.o
                                0x21e (size before relaxing)
 .debug_str     0x000001fb      0x143 .\CortexM3\ARM_GCC_441\Debug\bpl.o
                                0x273 (size before relaxing)
 .debug_str     0x0000033e       0x32 .\CortexM3\ARM_GCC_441\Debug\bus.o
                                0x14e (size before relaxing)
 .debug_str     0x00000370      0x115 .\CortexM3\ARM_GCC_441\Debug\error.o
                                0x257 (size before relaxing)
 .debug_str     0x00000485      0x11e .\CortexM3\ARM_GCC_441\Debug\hal.o
                                0x260 (size before relaxing)
 .debug_str     0x000005a3       0xfc .\CortexM3\ARM_GCC_441\Debug\scheduler.o
                                0x244 (size before relaxing)
 .debug_str     0x0000069f       0xfc .\CortexM3\ARM_GCC_441\Debug\servo_cds5500.o
                                0x287 (size before relaxing)
 .debug_str     0x0000079b       0x96 .\CortexM3\ARM_GCC_441\Debug\test.o
                                0x1c6 (size before relaxing)
 .debug_str     0x00000831       0xe8 .\CortexM3\ARM_GCC_441\Debug\tmr.o
                                0x276 (size before relaxing)
 .debug_str     0x00000919      0x18d .\CortexM3\ARM_GCC_441\Debug\ring_buffer.o
                                0x2d4 (size before relaxing)
 .debug_str     0x00000aa6       0x8e .\CortexM3\ARM_GCC_441\Debug\Cm3Start.o
                                0x1b0 (size before relaxing)
 .debug_str     0x00000b34      0x3a4 .\CortexM3\ARM_GCC_441\Debug\DrivePlatform2.a(UART.o)
                                0x4d4 (size before relaxing)
 .debug_str     0x00000ed8       0x55 .\CortexM3\ARM_GCC_441\Debug\DrivePlatform2.a(UART_INT.o)
                                0x1fe (size before relaxing)
 .debug_str     0x00000f2d      0x16e .\CortexM3\ARM_GCC_441\Debug\DrivePlatform2.a(TIMER.o)
                                0x299 (size before relaxing)
 .debug_str     0x0000109b      0x105 .\CortexM3\ARM_GCC_441\Debug\DrivePlatform2.a(isr_tx.o)
                                0x238 (size before relaxing)
 .debug_str     0x000011a0       0xf6 .\CortexM3\ARM_GCC_441\Debug\DrivePlatform2.a(isr_rx.o)
                                0x238 (size before relaxing)
 .debug_str     0x00001296      0x18c .\CortexM3\ARM_GCC_441\Debug\DrivePlatform2.a(TIMER_CLOCK.o)
                                0x2a8 (size before relaxing)
 .debug_str     0x00001422      0x149 .\CortexM3\ARM_GCC_441\Debug\DrivePlatform2.a(UART_IntClock.o)
                                0x2be (size before relaxing)
 .debug_str     0x0000156b      0x583 .\CortexM3\ARM_GCC_441\Debug\DrivePlatform2.a(CyLib.o)
                                0x70f (size before relaxing)
 .debug_str     0x00001aee      0x3bd .\CortexM3\ARM_GCC_441\Debug\DrivePlatform2.a(cyPm.o)
                                0x4ed (size before relaxing)
 .debug_str     0x00001eab       0x86 .\CortexM3\ARM_GCC_441\Debug\DrivePlatform2.a(DEBUG_LED_1.o)
                                0x1a6 (size before relaxing)
 .debug_str     0x00001f31      0x120 .\CortexM3\ARM_GCC_441\Debug\DrivePlatform2.a(Isr_timer.o)
                                0x262 (size before relaxing)
 .debug_str     0x00002051      0x149 .\CortexM3\ARM_GCC_441\Debug\DrivePlatform2.a(cyfitter_cfg.o)
                                0x28d (size before relaxing)
 .debug_str     0x0000219a      0x10c .\CortexM3\ARM_GCC_441\Debug\DrivePlatform2.a(CyFlash.o)
                                0x261 (size before relaxing)
 .debug_str     0x000022a6      0x105 .\CortexM3\ARM_GCC_441\Debug\DrivePlatform2.a(CySpc.o)
                                0x254 (size before relaxing)

.debug_loc      0x00000000     0x3743
 *(.debug_loc)
 .debug_loc     0x00000000       0x37 .\CortexM3\ARM_GCC_441\Debug\main.o
 .debug_loc     0x00000037       0xc4 .\CortexM3\ARM_GCC_441\Debug\bal.o
 .debug_loc     0x000000fb      0x132 .\CortexM3\ARM_GCC_441\Debug\bpl.o
 .debug_loc     0x0000022d      0x107 .\CortexM3\ARM_GCC_441\Debug\error.o
 .debug_loc     0x00000334      0x215 .\CortexM3\ARM_GCC_441\Debug\hal.o
 .debug_loc     0x00000549       0xa5 .\CortexM3\ARM_GCC_441\Debug\scheduler.o
 .debug_loc     0x000005ee      0x14a .\CortexM3\ARM_GCC_441\Debug\servo_cds5500.o
 .debug_loc     0x00000738       0x99 .\CortexM3\ARM_GCC_441\Debug\test.o
 .debug_loc     0x000007d1      0x132 .\CortexM3\ARM_GCC_441\Debug\tmr.o
 .debug_loc     0x00000903      0x32d .\CortexM3\ARM_GCC_441\Debug\ring_buffer.o
 .debug_loc     0x00000c30       0x62 .\CortexM3\ARM_GCC_441\Debug\Cm3Start.o
 .debug_loc     0x00000c92      0x63d .\CortexM3\ARM_GCC_441\Debug\DrivePlatform2.a(UART.o)
 .debug_loc     0x000012cf       0x62 .\CortexM3\ARM_GCC_441\Debug\DrivePlatform2.a(UART_INT.o)
 .debug_loc     0x00001331      0x2c1 .\CortexM3\ARM_GCC_441\Debug\DrivePlatform2.a(TIMER.o)
 .debug_loc     0x000015f2      0x26b .\CortexM3\ARM_GCC_441\Debug\DrivePlatform2.a(isr_tx.o)
 .debug_loc     0x0000185d      0x26b .\CortexM3\ARM_GCC_441\Debug\DrivePlatform2.a(isr_rx.o)
 .debug_loc     0x00001ac8      0x1ea .\CortexM3\ARM_GCC_441\Debug\DrivePlatform2.a(TIMER_CLOCK.o)
 .debug_loc     0x00001cb2      0x1ea .\CortexM3\ARM_GCC_441\Debug\DrivePlatform2.a(UART_IntClock.o)
 .debug_loc     0x00001e9c      0xb67 .\CortexM3\ARM_GCC_441\Debug\DrivePlatform2.a(CyLib.o)
 .debug_loc     0x00002a03      0x3b0 .\CortexM3\ARM_GCC_441\Debug\DrivePlatform2.a(cyPm.o)
 .debug_loc     0x00002db3       0xc4 .\CortexM3\ARM_GCC_441\Debug\DrivePlatform2.a(DEBUG_LED_1.o)
 .debug_loc     0x00002e77      0x26b .\CortexM3\ARM_GCC_441\Debug\DrivePlatform2.a(Isr_timer.o)
 .debug_loc     0x000030e2      0x245 .\CortexM3\ARM_GCC_441\Debug\DrivePlatform2.a(cyfitter_cfg.o)
 .debug_loc     0x00003327      0x1f6 .\CortexM3\ARM_GCC_441\Debug\DrivePlatform2.a(CyFlash.o)
 .debug_loc     0x0000351d      0x226 .\CortexM3\ARM_GCC_441\Debug\DrivePlatform2.a(CySpc.o)

.debug_macinfo
 *(.debug_macinfo)

.debug_ranges   0x00000000      0xa60
 *(.debug_ranges)
 .debug_ranges  0x00000000       0x18 .\CortexM3\ARM_GCC_441\Debug\main.o
 .debug_ranges  0x00000018       0x30 .\CortexM3\ARM_GCC_441\Debug\bal.o
 .debug_ranges  0x00000048       0x40 .\CortexM3\ARM_GCC_441\Debug\bpl.o
 .debug_ranges  0x00000088       0x38 .\CortexM3\ARM_GCC_441\Debug\error.o
 .debug_ranges  0x000000c0       0x68 .\CortexM3\ARM_GCC_441\Debug\hal.o
 .debug_ranges  0x00000128       0x28 .\CortexM3\ARM_GCC_441\Debug\scheduler.o
 .debug_ranges  0x00000150       0x40 .\CortexM3\ARM_GCC_441\Debug\servo_cds5500.o
 .debug_ranges  0x00000190       0x28 .\CortexM3\ARM_GCC_441\Debug\test.o
 .debug_ranges  0x000001b8       0x40 .\CortexM3\ARM_GCC_441\Debug\tmr.o
 .debug_ranges  0x000001f8       0x88 .\CortexM3\ARM_GCC_441\Debug\ring_buffer.o
 .debug_ranges  0x00000280       0x28 .\CortexM3\ARM_GCC_441\Debug\Cm3Start.o
 .debug_ranges  0x000002a8      0x108 .\CortexM3\ARM_GCC_441\Debug\DrivePlatform2.a(UART.o)
 .debug_ranges  0x000003b0       0x20 .\CortexM3\ARM_GCC_441\Debug\DrivePlatform2.a(UART_INT.o)
 .debug_ranges  0x000003d0       0x88 .\CortexM3\ARM_GCC_441\Debug\DrivePlatform2.a(TIMER.o)
 .debug_ranges  0x00000458       0x78 .\CortexM3\ARM_GCC_441\Debug\DrivePlatform2.a(isr_tx.o)
 .debug_ranges  0x000004d0       0x78 .\CortexM3\ARM_GCC_441\Debug\DrivePlatform2.a(isr_rx.o)
 .debug_ranges  0x00000548       0x60 .\CortexM3\ARM_GCC_441\Debug\DrivePlatform2.a(TIMER_CLOCK.o)
 .debug_ranges  0x000005a8       0x60 .\CortexM3\ARM_GCC_441\Debug\DrivePlatform2.a(UART_IntClock.o)
 .debug_ranges  0x00000608      0x1d8 .\CortexM3\ARM_GCC_441\Debug\DrivePlatform2.a(CyLib.o)
 .debug_ranges  0x000007e0       0xb0 .\CortexM3\ARM_GCC_441\Debug\DrivePlatform2.a(cyPm.o)
 .debug_ranges  0x00000890       0x30 .\CortexM3\ARM_GCC_441\Debug\DrivePlatform2.a(DEBUG_LED_1.o)
 .debug_ranges  0x000008c0       0x78 .\CortexM3\ARM_GCC_441\Debug\DrivePlatform2.a(Isr_timer.o)
 .debug_ranges  0x00000938       0x68 .\CortexM3\ARM_GCC_441\Debug\DrivePlatform2.a(cyfitter_cfg.o)
 .debug_ranges  0x000009a0       0x60 .\CortexM3\ARM_GCC_441\Debug\DrivePlatform2.a(CyFlash.o)
 .debug_ranges  0x00000a00       0x60 .\CortexM3\ARM_GCC_441\Debug\DrivePlatform2.a(CySpc.o)

.debug_weaknames
 *(.debug_weaknames)

.debug_funcnames
 *(.debug_funcnames)

.debug_typenames
 *(.debug_typenames)

.debug_varnames
 *(.debug_varnames)

.note.gnu.arm.ident
 *(.note.gnu.arm.ident)

.ARM.attributes
                0x00000000       0x25
 *(.ARM.attributes)
 .ARM.attributes
                0x00000000       0x19 c:/program files (x86)/cypress/psoc creator/2.2/psoc creator/import/gnu_cs/arm/4.4.1/bin/../lib/gcc/arm-none-eabi/4.4.1/thumb2/crti.o
 .ARM.attributes
                0x00000019       0x29 c:/program files (x86)/cypress/psoc creator/2.2/psoc creator/import/gnu_cs/arm/4.4.1/bin/../lib/gcc/arm-none-eabi/4.4.1/thumb2/crtbegin.o
 .ARM.attributes
                0x00000042       0x31 .\CortexM3\ARM_GCC_441\Debug\main.o
 .ARM.attributes
                0x00000073       0x31 .\CortexM3\ARM_GCC_441\Debug\bal.o
 .ARM.attributes
                0x000000a4       0x31 .\CortexM3\ARM_GCC_441\Debug\bpl.o
 .ARM.attributes
                0x000000d5       0x31 .\CortexM3\ARM_GCC_441\Debug\bus.o
 .ARM.attributes
                0x00000106       0x31 .\CortexM3\ARM_GCC_441\Debug\error.o
 .ARM.attributes
                0x00000137       0x31 .\CortexM3\ARM_GCC_441\Debug\hal.o
 .ARM.attributes
                0x00000168       0x31 .\CortexM3\ARM_GCC_441\Debug\scheduler.o
 .ARM.attributes
                0x00000199       0x31 .\CortexM3\ARM_GCC_441\Debug\servo_cds5500.o
 .ARM.attributes
                0x000001ca       0x31 .\CortexM3\ARM_GCC_441\Debug\test.o
 .ARM.attributes
                0x000001fb       0x31 .\CortexM3\ARM_GCC_441\Debug\tmr.o
 .ARM.attributes
                0x0000022c       0x31 .\CortexM3\ARM_GCC_441\Debug\ring_buffer.o
 .ARM.attributes
                0x0000025d       0x31 .\CortexM3\ARM_GCC_441\Debug\Cm3Start.o
 .ARM.attributes
                0x0000028e       0x31 .\CortexM3\ARM_GCC_441\Debug\DrivePlatform2.a(UART.o)
 .ARM.attributes
                0x000002bf       0x31 .\CortexM3\ARM_GCC_441\Debug\DrivePlatform2.a(UART_INT.o)
 .ARM.attributes
                0x000002f0       0x31 .\CortexM3\ARM_GCC_441\Debug\DrivePlatform2.a(TIMER.o)
 .ARM.attributes
                0x00000321       0x31 .\CortexM3\ARM_GCC_441\Debug\DrivePlatform2.a(isr_tx.o)
 .ARM.attributes
                0x00000352       0x31 .\CortexM3\ARM_GCC_441\Debug\DrivePlatform2.a(isr_rx.o)
 .ARM.attributes
                0x00000383       0x31 .\CortexM3\ARM_GCC_441\Debug\DrivePlatform2.a(TIMER_CLOCK.o)
 .ARM.attributes
                0x000003b4       0x31 .\CortexM3\ARM_GCC_441\Debug\DrivePlatform2.a(UART_IntClock.o)
 .ARM.attributes
                0x000003e5       0x21 .\CortexM3\ARM_GCC_441\Debug\DrivePlatform2.a(CyBootAsmGnu.o)
 .ARM.attributes
                0x00000406       0x31 .\CortexM3\ARM_GCC_441\Debug\DrivePlatform2.a(CyLib.o)
 .ARM.attributes
                0x00000437       0x31 .\CortexM3\ARM_GCC_441\Debug\DrivePlatform2.a(cyPm.o)
 .ARM.attributes
                0x00000468       0x31 .\CortexM3\ARM_GCC_441\Debug\DrivePlatform2.a(DEBUG_LED_1.o)
 .ARM.attributes
                0x00000499       0x31 .\CortexM3\ARM_GCC_441\Debug\DrivePlatform2.a(Isr_timer.o)
 .ARM.attributes
                0x000004ca       0x31 .\CortexM3\ARM_GCC_441\Debug\DrivePlatform2.a(cyfitter_cfg.o)
 .ARM.attributes
                0x000004fb       0x31 .\CortexM3\ARM_GCC_441\Debug\DrivePlatform2.a(CyFlash.o)
 .ARM.attributes
                0x0000052c       0x31 .\CortexM3\ARM_GCC_441\Debug\DrivePlatform2.a(CySpc.o)
 .ARM.attributes
                0x0000055d       0x29 c:/program files (x86)/cypress/psoc creator/2.2/psoc creator/import/gnu_cs/arm/4.4.1/bin/../lib/gcc/arm-none-eabi/4.4.1/../../../../arm-none-eabi/lib/thumb2\libc.a(lib_a-memcpy.o)
 .ARM.attributes
                0x00000586       0x29 c:/program files (x86)/cypress/psoc creator/2.2/psoc creator/import/gnu_cs/arm/4.4.1/bin/../lib/gcc/arm-none-eabi/4.4.1/../../../../arm-none-eabi/lib/thumb2\libc.a(lib_a-memset.o)
 .ARM.attributes
                0x000005af       0x29 c:/program files (x86)/cypress/psoc creator/2.2/psoc creator/import/gnu_cs/arm/4.4.1/bin/../lib/gcc/arm-none-eabi/4.4.1/../../../../arm-none-eabi/lib/thumb2\libc.a(lib_a-sprintf.o)
 .ARM.attributes
                0x000005d8       0x29 c:/program files (x86)/cypress/psoc creator/2.2/psoc creator/import/gnu_cs/arm/4.4.1/bin/../lib/gcc/arm-none-eabi/4.4.1/../../../../arm-none-eabi/lib/thumb2\libc.a(lib_a-strcmp.o)
 .ARM.attributes
                0x00000601       0x29 c:/program files (x86)/cypress/psoc creator/2.2/psoc creator/import/gnu_cs/arm/4.4.1/bin/../lib/gcc/arm-none-eabi/4.4.1/../../../../arm-none-eabi/lib/thumb2\libc.a(lib_a-strncpy.o)
 .ARM.attributes
                0x0000062a       0x29 c:/program files (x86)/cypress/psoc creator/2.2/psoc creator/import/gnu_cs/arm/4.4.1/bin/../lib/gcc/arm-none-eabi/4.4.1/../../../../arm-none-eabi/lib/thumb2\libc.a(lib_a-svfprintf.o)
 .ARM.attributes
                0x00000653       0x29 c:/program files (x86)/cypress/psoc creator/2.2/psoc creator/import/gnu_cs/arm/4.4.1/bin/../lib/gcc/arm-none-eabi/4.4.1/../../../../arm-none-eabi/lib/thumb2\libc.a(lib_a-dtoa.o)
 .ARM.attributes
                0x0000067c       0x29 c:/program files (x86)/cypress/psoc creator/2.2/psoc creator/import/gnu_cs/arm/4.4.1/bin/../lib/gcc/arm-none-eabi/4.4.1/../../../../arm-none-eabi/lib/thumb2\libc.a(lib_a-freer.o)
 .ARM.attributes
                0x000006a5       0x29 c:/program files (x86)/cypress/psoc creator/2.2/psoc creator/import/gnu_cs/arm/4.4.1/bin/../lib/gcc/arm-none-eabi/4.4.1/../../../../arm-none-eabi/lib/thumb2\libc.a(lib_a-impure.o)
 .ARM.attributes
                0x000006ce       0x29 c:/program files (x86)/cypress/psoc creator/2.2/psoc creator/import/gnu_cs/arm/4.4.1/bin/../lib/gcc/arm-none-eabi/4.4.1/../../../../arm-none-eabi/lib/thumb2\libc.a(lib_a-locale.o)
 .ARM.attributes
                0x000006f7       0x29 c:/program files (x86)/cypress/psoc creator/2.2/psoc creator/import/gnu_cs/arm/4.4.1/bin/../lib/gcc/arm-none-eabi/4.4.1/../../../../arm-none-eabi/lib/thumb2\libc.a(lib_a-malloc.o)
 .ARM.attributes
                0x00000720       0x29 c:/program files (x86)/cypress/psoc creator/2.2/psoc creator/import/gnu_cs/arm/4.4.1/bin/../lib/gcc/arm-none-eabi/4.4.1/../../../../arm-none-eabi/lib/thumb2\libc.a(lib_a-mallocr.o)
 .ARM.attributes
                0x00000749       0x29 c:/program files (x86)/cypress/psoc creator/2.2/psoc creator/import/gnu_cs/arm/4.4.1/bin/../lib/gcc/arm-none-eabi/4.4.1/../../../../arm-none-eabi/lib/thumb2\libc.a(lib_a-memchr.o)
 .ARM.attributes
                0x00000772       0x29 c:/program files (x86)/cypress/psoc creator/2.2/psoc creator/import/gnu_cs/arm/4.4.1/bin/../lib/gcc/arm-none-eabi/4.4.1/../../../../arm-none-eabi/lib/thumb2\libc.a(lib_a-memmove.o)
 .ARM.attributes
                0x0000079b       0x29 c:/program files (x86)/cypress/psoc creator/2.2/psoc creator/import/gnu_cs/arm/4.4.1/bin/../lib/gcc/arm-none-eabi/4.4.1/../../../../arm-none-eabi/lib/thumb2\libc.a(lib_a-mlock.o)
 .ARM.attributes
                0x000007c4       0x29 c:/program files (x86)/cypress/psoc creator/2.2/psoc creator/import/gnu_cs/arm/4.4.1/bin/../lib/gcc/arm-none-eabi/4.4.1/../../../../arm-none-eabi/lib/thumb2\libc.a(lib_a-mprec.o)
 .ARM.attributes
                0x000007ed       0x29 c:/program files (x86)/cypress/psoc creator/2.2/psoc creator/import/gnu_cs/arm/4.4.1/bin/../lib/gcc/arm-none-eabi/4.4.1/../../../../arm-none-eabi/lib/thumb2\libc.a(lib_a-reallocr.o)
 .ARM.attributes
                0x00000816       0x29 c:/program files (x86)/cypress/psoc creator/2.2/psoc creator/import/gnu_cs/arm/4.4.1/bin/../lib/gcc/arm-none-eabi/4.4.1/../../../../arm-none-eabi/lib/thumb2\libc.a(lib_a-s_isinfd.o)
 .ARM.attributes
                0x0000083f       0x29 c:/program files (x86)/cypress/psoc creator/2.2/psoc creator/import/gnu_cs/arm/4.4.1/bin/../lib/gcc/arm-none-eabi/4.4.1/../../../../arm-none-eabi/lib/thumb2\libc.a(lib_a-s_isnand.o)
 .ARM.attributes
                0x00000868       0x29 c:/program files (x86)/cypress/psoc creator/2.2/psoc creator/import/gnu_cs/arm/4.4.1/bin/../lib/gcc/arm-none-eabi/4.4.1/../../../../arm-none-eabi/lib/thumb2\libc.a(lib_a-sbrkr.o)
 .ARM.attributes
                0x00000891       0x29 c:/program files (x86)/cypress/psoc creator/2.2/psoc creator/import/gnu_cs/arm/4.4.1/bin/../lib/gcc/arm-none-eabi/4.4.1/../../../../arm-none-eabi/lib/thumb2\libc.a(lib_a-strlen.o)
 .ARM.attributes
                0x000008ba       0x29 c:/program files (x86)/cypress/psoc creator/2.2/psoc creator/import/gnu_cs/arm/4.4.1/bin/../lib/gcc/arm-none-eabi/4.4.1/../../../../arm-none-eabi/lib/thumb2\libc.a(lib_a-callocr.o)
 .ARM.attributes
                0x000008e3       0x29 c:/program files (x86)/cypress/psoc creator/2.2/psoc creator/import/gnu_cs/arm/4.4.1/bin/../lib/gcc/arm-none-eabi/4.4.1/../../../../arm-none-eabi/lib/thumb2\libc.a(lib_a-reent.o)
 .ARM.attributes
                0x0000090c       0x1b c:/program files (x86)/cypress/psoc creator/2.2/psoc creator/import/gnu_cs/arm/4.4.1/bin/../lib/gcc/arm-none-eabi/4.4.1/thumb2\libgcc.a(_udivsi3.o)
 .ARM.attributes
                0x00000927       0x1b c:/program files (x86)/cypress/psoc creator/2.2/psoc creator/import/gnu_cs/arm/4.4.1/bin/../lib/gcc/arm-none-eabi/4.4.1/thumb2\libgcc.a(_dvmd_tls.o)
 .ARM.attributes
                0x00000942       0x1b c:/program files (x86)/cypress/psoc creator/2.2/psoc creator/import/gnu_cs/arm/4.4.1/bin/../lib/gcc/arm-none-eabi/4.4.1/thumb2\libgcc.a(_arm_addsubdf3.o)
 .ARM.attributes
                0x0000095d       0x1b c:/program files (x86)/cypress/psoc creator/2.2/psoc creator/import/gnu_cs/arm/4.4.1/bin/../lib/gcc/arm-none-eabi/4.4.1/thumb2\libgcc.a(_arm_muldivdf3.o)
 .ARM.attributes
                0x00000978       0x1b c:/program files (x86)/cypress/psoc creator/2.2/psoc creator/import/gnu_cs/arm/4.4.1/bin/../lib/gcc/arm-none-eabi/4.4.1/thumb2\libgcc.a(_arm_cmpdf2.o)
 .ARM.attributes
                0x00000993       0x1b c:/program files (x86)/cypress/psoc creator/2.2/psoc creator/import/gnu_cs/arm/4.4.1/bin/../lib/gcc/arm-none-eabi/4.4.1/thumb2\libgcc.a(_arm_fixdfsi.o)
 .ARM.attributes
                0x000009ae       0x1b c:/program files (x86)/cypress/psoc creator/2.2/psoc creator/import/gnu_cs/arm/4.4.1/bin/../lib/gcc/arm-none-eabi/4.4.1/thumb2\libgcc.a(_aeabi_uldivmod.o)
 .ARM.attributes
                0x000009c9       0x29 c:/program files (x86)/cypress/psoc creator/2.2/psoc creator/import/gnu_cs/arm/4.4.1/bin/../lib/gcc/arm-none-eabi/4.4.1/thumb2\libgcc.a(bpabi.o)
 .ARM.attributes
                0x000009f2       0x29 c:/program files (x86)/cypress/psoc creator/2.2/psoc creator/import/gnu_cs/arm/4.4.1/bin/../lib/gcc/arm-none-eabi/4.4.1/thumb2\libgcc.a(_divdi3.o)
 .ARM.attributes
                0x00000a1b       0x29 c:/program files (x86)/cypress/psoc creator/2.2/psoc creator/import/gnu_cs/arm/4.4.1/bin/../lib/gcc/arm-none-eabi/4.4.1/thumb2\libgcc.a(_udivdi3.o)
 .ARM.attributes
                0x00000a44       0x29 c:/program files (x86)/cypress/psoc creator/2.2/psoc creator/import/gnu_cs/arm/4.4.1/bin/../lib/gcc/arm-none-eabi/4.4.1/thumb2/crtend.o
 .ARM.attributes
                0x00000a6d       0x19 c:/program files (x86)/cypress/psoc creator/2.2/psoc creator/import/gnu_cs/arm/4.4.1/bin/../lib/gcc/arm-none-eabi/4.4.1/thumb2/crtn.o
 .ARM.attributes
                0x00000a86       0x29 c:/program files (x86)/cypress/psoc creator/2.2/psoc creator/import/gnu_cs/arm/4.4.1/bin/../lib/gcc/arm-none-eabi/4.4.1/../../../../arm-none-eabi/lib/thumb2\libcs3.a(start_c.o)
 .ARM.attributes
                0x00000aaf       0x29 c:/program files (x86)/cypress/psoc creator/2.2/psoc creator/import/gnu_cs/arm/4.4.1/bin/../lib/gcc/arm-none-eabi/4.4.1/../../../../arm-none-eabi/lib/thumb2\libcs3unhosted.a(unhosted-sbrk.o)
 .ARM.attributes
                0x00000ad8       0x19 c:/program files (x86)/cypress/psoc creator/2.2/psoc creator/import/gnu_cs/arm/4.4.1/bin/../lib/gcc/arm-none-eabi/4.4.1/../../../../arm-none-eabi/lib/thumb2\libcs3micro.a(micro_isr_interrupt.o)
 .ARM.attributes
                0x00000af1       0x29 c:/program files (x86)/cypress/psoc creator/2.2/psoc creator/import/gnu_cs/arm/4.4.1/bin/../lib/gcc/arm-none-eabi/4.4.1/../../../../arm-none-eabi/lib/thumb2\libc.a(lib_a-errno.o)
 .ARM.attributes
                0x00000b1a       0x29 c:/program files (x86)/cypress/psoc creator/2.2/psoc creator/import/gnu_cs/arm/4.4.1/bin/../lib/gcc/arm-none-eabi/4.4.1/../../../../arm-none-eabi/lib/thumb2\libc.a(lib_a-init.o)
 .ARM.attributes
                0x00000b43       0x29 c:/program files (x86)/cypress/psoc creator/2.2/psoc creator/import/gnu_cs/arm/4.4.1/bin/../lib/gcc/arm-none-eabi/4.4.1/../../../../arm-none-eabi/lib/thumb2\libcs3.a(heap.o)

/DISCARD/
 *(.note.GNU-stack)
OUTPUT(.\CortexM3\ARM_GCC_441\Debug\DrivePlatform2.elf elf32-littlearm)
