Archive member included because of file (symbol)

.\CortexM3\ARM_GCC_441\Debug\DrivePlatform.a(Isr_timer.o)
                              .\CortexM3\ARM_GCC_441\Debug\tmr.o (Isr_timer_Start)
.\CortexM3\ARM_GCC_441\Debug\DrivePlatform.a(DEBUG_LED_1.o)
                              .\CortexM3\ARM_GCC_441\Debug\test.o (DEBUG_LED_1_Write)
.\CortexM3\ARM_GCC_441\Debug\DrivePlatform.a(TIMER.o)
                              .\CortexM3\ARM_GCC_441\Debug\tmr.o (TIMER_Init)
.\CortexM3\ARM_GCC_441\Debug\DrivePlatform.a(TIMER_CLOCK.o)
                              .\CortexM3\ARM_GCC_441\Debug\tmr.o (TIMER_CLOCK_Start)
.\CortexM3\ARM_GCC_441\Debug\DrivePlatform.a(UART_TEST.o)
                              .\CortexM3\ARM_GCC_441\Debug\test.o (UART_TEST_Start)
.\CortexM3\ARM_GCC_441\Debug\DrivePlatform.a(UART.o)
                              .\CortexM3\ARM_GCC_441\Debug\hal.o (UART_Start)
.\CortexM3\ARM_GCC_441\Debug\DrivePlatform.a(UART_INT.o)
                              .\CortexM3\ARM_GCC_441\Debug\DrivePlatform.a(UART.o) (UART_RXISR)
.\CortexM3\ARM_GCC_441\Debug\DrivePlatform.a(Isr_rx.o)
                              .\CortexM3\ARM_GCC_441\Debug\hal.o (Isr_rx_Start)
.\CortexM3\ARM_GCC_441\Debug\DrivePlatform.a(Isr_tx.o)
                              .\CortexM3\ARM_GCC_441\Debug\hal.o (Isr_tx_Start)
.\CortexM3\ARM_GCC_441\Debug\DrivePlatform.a(UART_TEST_IntClock.o)
                              .\CortexM3\ARM_GCC_441\Debug\DrivePlatform.a(UART_TEST.o) (UART_TEST_IntClock_Start)
.\CortexM3\ARM_GCC_441\Debug\DrivePlatform.a(UART_IntClock.o)
                              .\CortexM3\ARM_GCC_441\Debug\DrivePlatform.a(UART.o) (UART_IntClock_Start)
.\CortexM3\ARM_GCC_441\Debug\DrivePlatform.a(CyBootAsmGnu.o)
                              .\CortexM3\ARM_GCC_441\Debug\DrivePlatform.a(TIMER.o) (CyEnterCriticalSection)
.\CortexM3\ARM_GCC_441\Debug\DrivePlatform.a(CyLib.o)
                              .\CortexM3\ARM_GCC_441\Debug\Cm3Start.o (CyResetStatus)
.\CortexM3\ARM_GCC_441\Debug\DrivePlatform.a(cyPm.o)
                              .\CortexM3\ARM_GCC_441\Debug\DrivePlatform.a(CyLib.o) (CyPmReadStatus)
.\CortexM3\ARM_GCC_441\Debug\DrivePlatform.a(cyfitter_cfg.o)
                              .\CortexM3\ARM_GCC_441\Debug\Cm3Start.o (cyfitter_cfg)
.\CortexM3\ARM_GCC_441\Debug\DrivePlatform.a(CyFlash.o)
                              .\CortexM3\ARM_GCC_441\Debug\DrivePlatform.a(cyPm.o) (CyFlash_SetWaitCycles)
.\CortexM3\ARM_GCC_441\Debug\DrivePlatform.a(CySpc.o)
                              .\CortexM3\ARM_GCC_441\Debug\DrivePlatform.a(CyFlash.o) (CySpcStart)
c:/program files (x86)/cypress/psoc creator/2.2/psoc creator/import/gnu_cs/arm/4.4.1/bin/../lib/gcc/arm-none-eabi/4.4.1/../../../../arm-none-eabi/lib/thumb2\libc.a(lib_a-memcpy.o)
                              .\CortexM3\ARM_GCC_441\Debug\bal.o (memcpy)
c:/program files (x86)/cypress/psoc creator/2.2/psoc creator/import/gnu_cs/arm/4.4.1/bin/../lib/gcc/arm-none-eabi/4.4.1/../../../../arm-none-eabi/lib/thumb2\libc.a(lib_a-memset.o)
                              .\CortexM3\ARM_GCC_441\Debug\tmr.o (memset)
c:/program files (x86)/cypress/psoc creator/2.2/psoc creator/import/gnu_cs/arm/4.4.1/bin/../lib/gcc/arm-none-eabi/4.4.1/../../../../arm-none-eabi/lib/thumb2\libcs3.a(start_c.o)
                              (__cs3_start_c)
c:/program files (x86)/cypress/psoc creator/2.2/psoc creator/import/gnu_cs/arm/4.4.1/bin/../lib/gcc/arm-none-eabi/4.4.1/../../../../arm-none-eabi/lib/thumb2\libcs3micro.a(micro_isr_interrupt.o)
                              (__cs3_isr_nmi)
c:/program files (x86)/cypress/psoc creator/2.2/psoc creator/import/gnu_cs/arm/4.4.1/bin/../lib/gcc/arm-none-eabi/4.4.1/../../../../arm-none-eabi/lib/thumb2\libc.a(lib_a-init.o)
                              c:/program files (x86)/cypress/psoc creator/2.2/psoc creator/import/gnu_cs/arm/4.4.1/bin/../lib/gcc/arm-none-eabi/4.4.1/../../../../arm-none-eabi/lib/thumb2\libcs3.a(start_c.o) (__libc_init_array)

Allocating common symbols
Common symbol       size              file

UART_rxBuffer       0x20              .\CortexM3\ARM_GCC_441\Debug\DrivePlatform.a(UART.o)
CyResetStatus       0x1               .\CortexM3\ARM_GCC_441\Debug\DrivePlatform.a(CyLib.o)
dieTemperature      0x2               .\CortexM3\ARM_GCC_441\Debug\DrivePlatform.a(CyFlash.o)
UART_txBuffer       0x20              .\CortexM3\ARM_GCC_441\Debug\DrivePlatform.a(UART.o)

Discarded input sections

 .text          0x00000000        0x0 c:/program files (x86)/cypress/psoc creator/2.2/psoc creator/import/gnu_cs/arm/4.4.1/bin/../lib/gcc/arm-none-eabi/4.4.1/thumb2/crti.o
 .data          0x00000000        0x0 c:/program files (x86)/cypress/psoc creator/2.2/psoc creator/import/gnu_cs/arm/4.4.1/bin/../lib/gcc/arm-none-eabi/4.4.1/thumb2/crti.o
[...]
Memory Configuration

Name             Origin             Length             Attributes
rom              0x00000000         0x00040000         xr
ram              0x1fff8000         0x0000b000         xrw
*default*        0x00000000         0xffffffff

Linker script and memory map

LOAD c:/program files (x86)/cypress/psoc creator/2.2/psoc creator/import/gnu_cs/arm/4.4.1/bin/../lib/gcc/arm-none-eabi/4.4.1/thumb2/crti.o
LOAD c:/program files (x86)/cypress/psoc creator/2.2/psoc creator/import/gnu_cs/arm/4.4.1/bin/../lib/gcc/arm-none-eabi/4.4.1/thumb2/crtbegin.o
START GROUP
LOAD .\CortexM3\ARM_GCC_441\Debug\bal.o
LOAD .\CortexM3\ARM_GCC_441\Debug\bpl.o
LOAD .\CortexM3\ARM_GCC_441\Debug\bus.o
LOAD .\CortexM3\ARM_GCC_441\Debug\hal.o
LOAD .\CortexM3\ARM_GCC_441\Debug\servo_cds5500.o
LOAD .\CortexM3\ARM_GCC_441\Debug\test.o
LOAD .\CortexM3\ARM_GCC_441\Debug\tmr.o
LOAD .\CortexM3\ARM_GCC_441\Debug\main.o
LOAD .\CortexM3\ARM_GCC_441\Debug\Cm3Start.o
LOAD .\CortexM3\ARM_GCC_441\Debug\DrivePlatform.a
LOAD C:\Program Files (x86)\Cypress\PSoC Creator\2.2\PSoC Creator\psoc\content\cycomponentlibrary\CyComponentLibrary.cylib\CortexM3\ARM_GCC_441\Debug\CyComponentLibrary.a
END GROUP
START GROUP
LOAD c:/program files (x86)/cypress/psoc creator/2.2/psoc creator/import/gnu_cs/arm/4.4.1/bin/../lib/gcc/arm-none-eabi/4.4.1/thumb2\libgcc.a
LOAD c:/program files (x86)/cypress/psoc creator/2.2/psoc creator/import/gnu_cs/arm/4.4.1/bin/../lib/gcc/arm-none-eabi/4.4.1/../../../../arm-none-eabi/lib/thumb2\libc.a
END GROUP
LOAD c:/program files (x86)/cypress/psoc creator/2.2/psoc creator/import/gnu_cs/arm/4.4.1/bin/../lib/gcc/arm-none-eabi/4.4.1/thumb2/crtend.o
LOAD c:/program files (x86)/cypress/psoc creator/2.2/psoc creator/import/gnu_cs/arm/4.4.1/bin/../lib/gcc/arm-none-eabi/4.4.1/thumb2/crtn.o
START GROUP
LOAD c:/program files (x86)/cypress/psoc creator/2.2/psoc creator/import/gnu_cs/arm/4.4.1/bin/../lib/gcc/arm-none-eabi/4.4.1/thumb2\libgcc.a
LOAD c:/program files (x86)/cypress/psoc creator/2.2/psoc creator/import/gnu_cs/arm/4.4.1/bin/../lib/gcc/arm-none-eabi/4.4.1/../../../../arm-none-eabi/lib/thumb2\libc.a
LOAD c:/program files (x86)/cypress/psoc creator/2.2/psoc creator/import/gnu_cs/arm/4.4.1/bin/../lib/gcc/arm-none-eabi/4.4.1/../../../../arm-none-eabi/lib/thumb2\libcs3.a
LOAD c:/program files (x86)/cypress/psoc creator/2.2/psoc creator/import/gnu_cs/arm/4.4.1/bin/../lib/gcc/arm-none-eabi/4.4.1/../../../../arm-none-eabi/lib/thumb2\libcs3unhosted.a
LOAD c:/program files (x86)/cypress/psoc creator/2.2/psoc creator/import/gnu_cs/arm/4.4.1/bin/../lib/gcc/arm-none-eabi/4.4.1/../../../../arm-none-eabi/lib/thumb2\libcs3micro.a
END GROUP
                0x1fff8430                PROVIDE (__cs3_heap_start, _end)
                0x00000001                PROVIDE (__cs3_region_num, ((__cs3_regions_end - __cs3_regions) / 0x14))
                0x20008000                PROVIDE (__cs3_stack, 0x20008000)
                0x20004000                PROVIDE (__cs3_heap_end, (__cs3_stack - 0x4000))

.text           0x00000000     0x1ec8
 CREATE_OBJECT_SYMBOLS
                0x00000000                PROVIDE (__cs3_interrupt_vector, RomVectors)
 *(.romvectors)
 .romvectors    0x00000000       0x10 .\CortexM3\ARM_GCC_441\Debug\Cm3Start.o
                0x00000000                RomVectors
 *(.cs3.interrupt_vector)
                0x00000001                ASSERT ((. != __cs3_interrupt_vector), No interrupt vector)
                0x00000a34                PROVIDE (__cs3_reset, Reset)
 *(.cs3.reset)
                0x00000001                ASSERT ((. != __cs3_reset), No reset code)
 *(.dma_init)
                0x00000001                ASSERT ((((0x0 + .) <= 0x10000) || 0x1), DMA Init must be within the first 64k of flash)
 *(.text.cs3.init)
 .text.cs3.init
                0x00000010       0x5c c:/program files (x86)/cypress/psoc creator/2.2/psoc creator/import/gnu_cs/arm/4.4.1/bin/../lib/gcc/arm-none-eabi/4.4.1/../../../../arm-none-eabi/lib/thumb2\libcs3.a(start_c.o)
                0x00000010                __cs3_start_c
 *(.text .text.* .gnu.linkonce.t.*)
 .text          0x0000006c       0x30 c:/program files (x86)/cypress/psoc creator/2.2/psoc creator/import/gnu_cs/arm/4.4.1/bin/../lib/gcc/arm-none-eabi/4.4.1/thumb2/crtbegin.o
 .text.BAL_SendServoMsg
                0x0000009c      0x128 .\CortexM3\ARM_GCC_441\Debug\bal.o
                0x0000009c                BAL_SendServoMsg
 .text.BAL_Handler
                0x000001c4        0xc .\CortexM3\ARM_GCC_441\Debug\bal.o
                0x000001c4                BAL_Handler
 .text.BPL_TransmitMessage
                0x000001d0       0xb8 .\CortexM3\ARM_GCC_441\Debug\bpl.o
                0x000001d0                BPL_TransmitMessage
 .text.BPL_HandleTask
                0x00000288      0x1cc .\CortexM3\ARM_GCC_441\Debug\bpl.o
                0x00000288                BPL_HandleTask
 .text.isr_rx_routine
                0x00000454       0x24 .\CortexM3\ARM_GCC_441\Debug\hal.o
                0x00000454                isr_rx_routine
 .text.isr_tx_routine
                0x00000478       0x40 .\CortexM3\ARM_GCC_441\Debug\hal.o
                0x00000478                isr_tx_routine
 .text.HAL_Init
                0x000004b8       0x50 .\CortexM3\ARM_GCC_441\Debug\hal.o
                0x000004b8                HAL_Init
 .text.HAL_GetRxIsrCount
                0x00000508       0x18 .\CortexM3\ARM_GCC_441\Debug\hal.o
                0x00000508                HAL_GetRxIsrCount
 .text.HAL_GetByte
                0x00000520       0x3c .\CortexM3\ARM_GCC_441\Debug\hal.o
                0x00000520                HAL_GetByte
 .text.HAL_TransmitArray
                0x0000055c       0x60 .\CortexM3\ARM_GCC_441\Debug\hal.o
                0x0000055c                HAL_TransmitArray
 .text.Checksum
                0x000005bc       0x5c .\CortexM3\ARM_GCC_441\Debug\servo_cds5500.o
 .text.Ping     0x00000618       0x78 .\CortexM3\ARM_GCC_441\Debug\servo_cds5500.o
                0x00000618                Ping
 .text.TST_Blink
                0x00000690       0x30 .\CortexM3\ARM_GCC_441\Debug\test.o
 .text.TST_SendMotorMsg
                0x000006c0       0x18 .\CortexM3\ARM_GCC_441\Debug\test.o
 .text.TST_Init
                0x000006d8       0x54 .\CortexM3\ARM_GCC_441\Debug\test.o
                0x000006d8                TST_Init
 .text.isr_timer_routine
                0x0000072c       0x18 .\CortexM3\ARM_GCC_441\Debug\tmr.o
                0x0000072c                isr_timer_routine
 .text.TMR_Init
                0x00000744       0x6c .\CortexM3\ARM_GCC_441\Debug\tmr.o
                0x00000744                TMR_Init
 .text.TMR_SetTimer
                0x000007b0       0x98 .\CortexM3\ARM_GCC_441\Debug\tmr.o
                0x000007b0                TMR_SetTimer
 .text.TMR_HandleTask
                0x00000848      0x1b8 .\CortexM3\ARM_GCC_441\Debug\tmr.o
                0x00000848                TMR_HandleTask
 .text.main     0x00000a00       0x2c .\CortexM3\ARM_GCC_441\Debug\main.o
                0x00000a00                main
 .text.IntDefaultHandler
                0x00000a2c        0x8 .\CortexM3\ARM_GCC_441\Debug\Cm3Start.o
                0x00000a2c                IntDefaultHandler
 .text.Reset    0x00000a34       0x24 .\CortexM3\ARM_GCC_441\Debug\Cm3Start.o
                0x00000a34                Reset
 .text.initialize_psoc
                0x00000a58       0xb4 .\CortexM3\ARM_GCC_441\Debug\Cm3Start.o
                0x00000a58                initialize_psoc
 .text.Isr_timer_Start
                0x00000b0c       0x24 .\CortexM3\ARM_GCC_441\Debug\DrivePlatform.a(Isr_timer.o)
                0x00000b0c                Isr_timer_Start
 .text.Isr_timer_Interrupt
                0x00000b30        0xc .\CortexM3\ARM_GCC_441\Debug\DrivePlatform.a(Isr_timer.o)
                0x00000b30                Isr_timer_Interrupt
 .text.Isr_timer_SetVector
                0x00000b3c       0x28 .\CortexM3\ARM_GCC_441\Debug\DrivePlatform.a(Isr_timer.o)
                0x00000b3c                Isr_timer_SetVector
 .text.Isr_timer_SetPriority
                0x00000b64       0x28 .\CortexM3\ARM_GCC_441\Debug\DrivePlatform.a(Isr_timer.o)
                0x00000b64                Isr_timer_SetPriority
 .text.Isr_timer_Enable
                0x00000b8c       0x18 .\CortexM3\ARM_GCC_441\Debug\DrivePlatform.a(Isr_timer.o)
                0x00000b8c                Isr_timer_Enable
 .text.Isr_timer_Disable
                0x00000ba4       0x18 .\CortexM3\ARM_GCC_441\Debug\DrivePlatform.a(Isr_timer.o)
                0x00000ba4                Isr_timer_Disable
 .text.DEBUG_LED_1_Write
                0x00000bbc       0x40 .\CortexM3\ARM_GCC_441\Debug\DrivePlatform.a(DEBUG_LED_1.o)
                0x00000bbc                DEBUG_LED_1_Write
 .text.TIMER_Init
                0x00000bfc       0x60 .\CortexM3\ARM_GCC_441\Debug\DrivePlatform.a(TIMER.o)
                0x00000bfc                TIMER_Init
 .text.TIMER_Enable
                0x00000c5c       0x2c .\CortexM3\ARM_GCC_441\Debug\DrivePlatform.a(TIMER.o)
                0x00000c5c                TIMER_Enable
 .text.TIMER_SetInterruptMode
                0x00000c88       0x20 .\CortexM3\ARM_GCC_441\Debug\DrivePlatform.a(TIMER.o)
                0x00000c88                TIMER_SetInterruptMode
 .text.TIMER_ReadStatusRegister
                0x00000ca8       0x18 .\CortexM3\ARM_GCC_441\Debug\DrivePlatform.a(TIMER.o)
                0x00000ca8                TIMER_ReadStatusRegister
 .text.TIMER_WritePeriod
                0x00000cc0       0x20 .\CortexM3\ARM_GCC_441\Debug\DrivePlatform.a(TIMER.o)
                0x00000cc0                TIMER_WritePeriod
 .text.TIMER_ReadCapture
                0x00000ce0       0x18 .\CortexM3\ARM_GCC_441\Debug\DrivePlatform.a(TIMER.o)
                0x00000ce0                TIMER_ReadCapture
 .text.TIMER_WriteCounter
                0x00000cf8       0x20 .\CortexM3\ARM_GCC_441\Debug\DrivePlatform.a(TIMER.o)
                0x00000cf8                TIMER_WriteCounter
 .text.TIMER_ReadCounter
                0x00000d18       0x20 .\CortexM3\ARM_GCC_441\Debug\DrivePlatform.a(TIMER.o)
                0x00000d18                TIMER_ReadCounter
 .text.TIMER_ClearFIFO
                0x00000d38       0x1c .\CortexM3\ARM_GCC_441\Debug\DrivePlatform.a(TIMER.o)
                0x00000d38                TIMER_ClearFIFO
 .text.TIMER_CLOCK_Start
                0x00000d54       0x44 .\CortexM3\ARM_GCC_441\Debug\DrivePlatform.a(TIMER_CLOCK.o)
                0x00000d54                TIMER_CLOCK_Start
 .text.UART_TEST_Start
                0x00000d98       0x2c .\CortexM3\ARM_GCC_441\Debug\DrivePlatform.a(UART_TEST.o)
                0x00000d98                UART_TEST_Start
 .text.UART_TEST_Init
                0x00000dc4       0x34 .\CortexM3\ARM_GCC_441\Debug\DrivePlatform.a(UART_TEST.o)
                0x00000dc4                UART_TEST_Init
 .text.UART_TEST_Enable
                0x00000df8       0x40 .\CortexM3\ARM_GCC_441\Debug\DrivePlatform.a(UART_TEST.o)
                0x00000df8                UART_TEST_Enable
 .text.UART_Start
                0x00000e38       0x2c .\CortexM3\ARM_GCC_441\Debug\DrivePlatform.a(UART.o)
                0x00000e38                UART_Start
 .text.UART_Init
                0x00000e64       0x84 .\CortexM3\ARM_GCC_441\Debug\DrivePlatform.a(UART.o)
                0x00000e64                UART_Init
 .text.UART_Enable
                0x00000ee8       0x94 .\CortexM3\ARM_GCC_441\Debug\DrivePlatform.a(UART.o)
                0x00000ee8                UART_Enable
 .text.UART_EnableRxInt
                0x00000f7c       0x18 .\CortexM3\ARM_GCC_441\Debug\DrivePlatform.a(UART.o)
                0x00000f7c                UART_EnableRxInt
 .text.UART_DisableRxInt
                0x00000f94       0x18 .\CortexM3\ARM_GCC_441\Debug\DrivePlatform.a(UART.o)
                0x00000f94                UART_DisableRxInt
 .text.UART_ReadRxData
                0x00000fac       0xa8 .\CortexM3\ARM_GCC_441\Debug\DrivePlatform.a(UART.o)
                0x00000fac                UART_ReadRxData
 .text.UART_EnableTxInt
                0x00001054       0x18 .\CortexM3\ARM_GCC_441\Debug\DrivePlatform.a(UART.o)
                0x00001054                UART_EnableTxInt
 .text.UART_PutChar
                0x0000106c       0xb8 .\CortexM3\ARM_GCC_441\Debug\DrivePlatform.a(UART.o)
                0x0000106c                UART_PutChar
 .text.UART_PutArray
                0x00001124       0x48 .\CortexM3\ARM_GCC_441\Debug\DrivePlatform.a(UART.o)
                0x00001124                UART_PutArray
 .text.UART_RXISR
                0x0000116c       0xec .\CortexM3\ARM_GCC_441\Debug\DrivePlatform.a(UART_INT.o)
                0x0000116c                UART_RXISR
 .text.UART_TXISR
                0x00001258       0x98 .\CortexM3\ARM_GCC_441\Debug\DrivePlatform.a(UART_INT.o)
                0x00001258                UART_TXISR
 .text.Isr_rx_Start
                0x000012f0       0x24 .\CortexM3\ARM_GCC_441\Debug\DrivePlatform.a(Isr_rx.o)
                0x000012f0                Isr_rx_Start
 .text.Isr_rx_Interrupt
                0x00001314        0xc .\CortexM3\ARM_GCC_441\Debug\DrivePlatform.a(Isr_rx.o)
                0x00001314                Isr_rx_Interrupt
 .text.Isr_rx_SetVector
                0x00001320       0x28 .\CortexM3\ARM_GCC_441\Debug\DrivePlatform.a(Isr_rx.o)
                0x00001320                Isr_rx_SetVector
 .text.Isr_rx_SetPriority
                0x00001348       0x28 .\CortexM3\ARM_GCC_441\Debug\DrivePlatform.a(Isr_rx.o)
                0x00001348                Isr_rx_SetPriority
 .text.Isr_rx_Enable
                0x00001370       0x18 .\CortexM3\ARM_GCC_441\Debug\DrivePlatform.a(Isr_rx.o)
                0x00001370                Isr_rx_Enable
 .text.Isr_rx_Disable
                0x00001388       0x18 .\CortexM3\ARM_GCC_441\Debug\DrivePlatform.a(Isr_rx.o)
                0x00001388                Isr_rx_Disable
 .text.Isr_tx_Start
                0x000013a0       0x24 .\CortexM3\ARM_GCC_441\Debug\DrivePlatform.a(Isr_tx.o)
                0x000013a0                Isr_tx_Start
 .text.Isr_tx_Interrupt
                0x000013c4        0xc .\CortexM3\ARM_GCC_441\Debug\DrivePlatform.a(Isr_tx.o)
                0x000013c4                Isr_tx_Interrupt
 .text.Isr_tx_SetVector
                0x000013d0       0x28 .\CortexM3\ARM_GCC_441\Debug\DrivePlatform.a(Isr_tx.o)
                0x000013d0                Isr_tx_SetVector
 .text.Isr_tx_SetPriority
                0x000013f8       0x28 .\CortexM3\ARM_GCC_441\Debug\DrivePlatform.a(Isr_tx.o)
                0x000013f8                Isr_tx_SetPriority
 .text.Isr_tx_Enable
                0x00001420       0x18 .\CortexM3\ARM_GCC_441\Debug\DrivePlatform.a(Isr_tx.o)
                0x00001420                Isr_tx_Enable
 .text.Isr_tx_Disable
                0x00001438       0x18 .\CortexM3\ARM_GCC_441\Debug\DrivePlatform.a(Isr_tx.o)
                0x00001438                Isr_tx_Disable
 .text.UART_TEST_IntClock_Start
                0x00001450       0x44 .\CortexM3\ARM_GCC_441\Debug\DrivePlatform.a(UART_TEST_IntClock.o)
                0x00001450                UART_TEST_IntClock_Start
 .text.UART_IntClock_Start
                0x00001494       0x44 .\CortexM3\ARM_GCC_441\Debug\DrivePlatform.a(UART_IntClock.o)
                0x00001494                UART_IntClock_Start
 .text          0x000014d8       0x20 .\CortexM3\ARM_GCC_441\Debug\DrivePlatform.a(CyBootAsmGnu.o)
                0x000014d8                CyDelayCycles
                0x000014e8                CyEnterCriticalSection
                0x000014f0                CyExitCriticalSection
 .text.CyHalt   0x000014f8       0x18 .\CortexM3\ARM_GCC_441\Debug\DrivePlatform.a(CyLib.o)
                0x000014f8                CyHalt
 .text.CyIntSetVector
                0x00001510       0x60 .\CortexM3\ARM_GCC_441\Debug\DrivePlatform.a(CyLib.o)
                0x00001510                CyIntSetVector
 .text.CyIntSetPriority
                0x00001570       0x4c .\CortexM3\ARM_GCC_441\Debug\DrivePlatform.a(CyLib.o)
                0x00001570                CyIntSetPriority
 .text.CYMEMZERO8
                0x000015bc       0x3c .\CortexM3\ARM_GCC_441\Debug\DrivePlatform.a(cyfitter_cfg.o)
 .text.CYCONFIGCPY8
                0x000015f8       0x48 .\CortexM3\ARM_GCC_441\Debug\DrivePlatform.a(cyfitter_cfg.o)
 .text.CYMEMZERO
                0x00001640       0x20 .\CortexM3\ARM_GCC_441\Debug\DrivePlatform.a(cyfitter_cfg.o)
 .text.CYCONFIGCPY
                0x00001660       0x20 .\CortexM3\ARM_GCC_441\Debug\DrivePlatform.a(cyfitter_cfg.o)
 .text.cfg_write_bytes32
                0x00001680       0x84 .\CortexM3\ARM_GCC_441\Debug\DrivePlatform.a(cyfitter_cfg.o)
 .text.ClockSetup
                0x00001704      0x14c .\CortexM3\ARM_GCC_441\Debug\DrivePlatform.a(cyfitter_cfg.o)
 .text.AnalogSetDefault
                0x00001850       0x98 .\CortexM3\ARM_GCC_441\Debug\DrivePlatform.a(cyfitter_cfg.o)
 .text.cyfitter_cfg
                0x000018e8      0x2f8 .\CortexM3\ARM_GCC_441\Debug\DrivePlatform.a(cyfitter_cfg.o)
                0x000018e8                cyfitter_cfg
 .text          0x00001be0      0x190 c:/program files (x86)/cypress/psoc creator/2.2/psoc creator/import/gnu_cs/arm/4.4.1/bin/../lib/gcc/arm-none-eabi/4.4.1/../../../../arm-none-eabi/lib/thumb2\libc.a(lib_a-memcpy.o)
                0x00001be0                memcpy
 .text          0x00001d70       0xd4 c:/program files (x86)/cypress/psoc creator/2.2/psoc creator/import/gnu_cs/arm/4.4.1/bin/../lib/gcc/arm-none-eabi/4.4.1/../../../../arm-none-eabi/lib/thumb2\libc.a(lib_a-memset.o)
                0x00001d70                memset
 .text          0x00001e44       0x30 c:/program files (x86)/cypress/psoc creator/2.2/psoc creator/import/gnu_cs/arm/4.4.1/bin/../lib/gcc/arm-none-eabi/4.4.1/../../../../arm-none-eabi/lib/thumb2\libcs3.a(start_c.o)
                0x00001e44                __cs3_premain
 .text          0x00001e74        0x2 c:/program files (x86)/cypress/psoc creator/2.2/psoc creator/import/gnu_cs/arm/4.4.1/bin/../lib/gcc/arm-none-eabi/4.4.1/../../../../arm-none-eabi/lib/thumb2\libcs3micro.a(micro_isr_interrupt.o)
                0x00001e74                __cs3_isr_external_24
                0x00001e74                __cs3_isr_external_9
                0x00001e74                __cs3_isr_external_14
                0x00001e74                __cs3_isr_reserved_9
                0x00001e74                __cs3_isr_external_4
                0x00001e74                __cs3_isr_external_21
                0x00001e74                __cs3_isr_external_0
                0x00001e74                __cs3_isr_external_27
                0x00001e74                __cs3_isr_external_11
                0x00001e74                __cs3_isr_usage_fault
                0x00001e74                __cs3_isr_svcall
                0x00001e74                __cs3_isr_external_3
                0x00001e74                __cs3_isr_mpu_fault
                0x00001e74                __cs3_isr_external_16
                0x00001e74                __cs3_isr_pendsv
                0x00001e74                __cs3_isr_external_31
                0x00001e74                __cs3_isr_nmi
                0x00001e74                __cs3_isr_external_5
                0x00001e74                __cs3_isr_external_6
                0x00001e74                __cs3_isr_external_12
                0x00001e74                __cs3_isr_hard_fault
                0x00001e74                __cs3_isr_bus_fault
                0x00001e74                __cs3_isr_external_1
                0x00001e74                __cs3_isr_external_13
                0x00001e74                __cs3_isr_external_30
                0x00001e74                __cs3_isr_external_23
                0x00001e74                __cs3_isr_external_20
                0x00001e74                __cs3_isr_debug
                0x00001e74                __cs3_isr_reserved_13
                0x00001e74                __cs3_isr_external_8
                0x00001e74                __cs3_isr_external_26
                0x00001e74                __cs3_isr_reserved_8
                0x00001e74                __cs3_isr_reserved_7
                0x00001e74                __cs3_isr_external_7
                0x00001e74                __cs3_isr_external_28
                0x00001e74                __cs3_isr_systick
                0x00001e74                __cs3_isr_external_22
                0x00001e74                __cs3_isr_external_10
                0x00001e74                __cs3_isr_external_15
                0x00001e74                __cs3_isr_interrupt
                0x00001e74                __cs3_isr_external_18
                0x00001e74                __cs3_isr_external_29
                0x00001e74                __cs3_isr_external_25
                0x00001e74                __cs3_isr_reserved_10
                0x00001e74                __cs3_isr_external_2
                0x00001e74                __cs3_isr_external_17
                0x00001e74                __cs3_isr_external_19
 *fill*         0x00001e76        0x2 00
 .text          0x00001e78       0x50 c:/program files (x86)/cypress/psoc creator/2.2/psoc creator/import/gnu_cs/arm/4.4.1/bin/../lib/gcc/arm-none-eabi/4.4.1/../../../../arm-none-eabi/lib/thumb2\libc.a(lib_a-init.o)
                0x00001e78                __libc_init_array
 *(.plt)
 *(.gnu.warning)
 *(.glue_7t)
 .glue_7t       0x00000000        0x0 linker stubs
 *(.glue_7)
 .glue_7        0x00000000        0x0 linker stubs
 *(.vfp11_veneer)
 .vfp11_veneer  0x00000000        0x0 linker stubs
 *(.bootloader)
 *(.ARM.extab* .gnu.linkonce.armextab.*)
 *(.gcc_except_table)

.v4_bx          0x00001ec8        0x0
 .v4_bx         0x00000000        0x0 linker stubs

.eh_frame_hdr
 *(.eh_frame_hdr)

.eh_frame
 *(.eh_frame)
                0x00001ec8                PROVIDE (__exidx_start, .)

.ARM.exidx
 *(.ARM.exidx* .gnu.linkonce.armexidx.*)
                0x00001ec8                __exidx_end = .

.rodata         0x00001ec8       0x80
 *(.rodata .rodata.* .gnu.linkonce.r.*)
 .rodata        0x00001ec8       0x44 .\CortexM3\ARM_GCC_441\Debug\DrivePlatform.a(cyfitter_cfg.o)
                0x00001f0c                . = ALIGN (0x4)
 *(.init)
 .init          0x00001f0c        0x4 c:/program files (x86)/cypress/psoc creator/2.2/psoc creator/import/gnu_cs/arm/4.4.1/bin/../lib/gcc/arm-none-eabi/4.4.1/thumb2/crti.o
                0x00001f0c                _init
 .init          0x00001f10        0x8 c:/program files (x86)/cypress/psoc creator/2.2/psoc creator/import/gnu_cs/arm/4.4.1/bin/../lib/gcc/arm-none-eabi/4.4.1/thumb2/crtn.o
                0x00001f18                . = ALIGN (0x4)
                0x00001f18                __preinit_array_start = .
 *(.preinit_array)
                0x00001f18                __preinit_array_end = .
                0x00001f18                . = ALIGN (0x4)
                0x00001f18                __init_array_start = .
 *(SORT(.init_array.*))
 *(.init_array)
 .init_array    0x00001f18        0x4 c:/program files (x86)/cypress/psoc creator/2.2/psoc creator/import/gnu_cs/arm/4.4.1/bin/../lib/gcc/arm-none-eabi/4.4.1/thumb2/crtbegin.o
 .init_array    0x00001f1c        0x4 .\CortexM3\ARM_GCC_441\Debug\Cm3Start.o
                0x00001f20                __init_array_end = .
                0x00001f20                . = ALIGN (0x4)
 *(.fini)
 .fini          0x00001f20        0x4 c:/program files (x86)/cypress/psoc creator/2.2/psoc creator/import/gnu_cs/arm/4.4.1/bin/../lib/gcc/arm-none-eabi/4.4.1/thumb2/crti.o
                0x00001f20                _fini
 .fini          0x00001f24        0x8 c:/program files (x86)/cypress/psoc creator/2.2/psoc creator/import/gnu_cs/arm/4.4.1/bin/../lib/gcc/arm-none-eabi/4.4.1/thumb2/crtn.o
                0x00001f2c                . = ALIGN (0x4)
                0x00001f2c                __fini_array_start = .
 *(.fini_array)
 .fini_array    0x00001f2c        0x4 c:/program files (x86)/cypress/psoc creator/2.2/psoc creator/import/gnu_cs/arm/4.4.1/bin/../lib/gcc/arm-none-eabi/4.4.1/thumb2/crtbegin.o
 *(SORT(.fini_array.*))
                0x00001f30                __fini_array_end = .
                0x00001f30                . = ALIGN (0x4)
 *crtbegin.o(.ctors)
 *(EXCLUDE_FILE(*crtend.o) .ctors)
 *(SORT(.ctors.*))
 *crtend.o(.ctors)
                0x00001f30                . = ALIGN (0x4)
 *crtbegin.o(.dtors)
 *(EXCLUDE_FILE(*crtend.o) .dtors)
 *(SORT(.dtors.*))
 *crtend.o(.dtors)
                0x00001f30                . = ALIGN (0x4)
                0x00001f30                __cs3_regions = .
                0x00001f30        0x4 LONG 0x0
                0x00001f34        0x4 LONG 0x1f48 __cs3_region_init_ram
                0x00001f38        0x4 LONG 0x1fff8108 __cs3_region_start_data
                0x00001f3c        0x4 LONG 0x18 __cs3_region_init_size_ram
                0x00001f40        0x4 LONG 0x310 __cs3_region_zero_size_ram
                0x00001f44                __cs3_regions_end = .
                0x00001f48                . = ALIGN (0x8)
 *fill*         0x00001f44        0x4 00
                0x00001f48                _etext = .

.ramvectors     0x1fff8000      0x100
                0x1fff8000                __cs3_region_start_ram = .
 *(.cs3.region-head.ram)
                0x1fff8001                ASSERT ((. == __cs3_region_start_ram), .cs3.region-head.ram not permitted)
 *(.ramvectors)
 .ramvectors    0x1fff8000      0x100 .\CortexM3\ARM_GCC_441\Debug\Cm3Start.o
                0x1fff8000                CyRamVectors

.noinit         0x1fff8100        0x4
 *(.noinit)
 .noinit        0x1fff8100        0x4 .\CortexM3\ARM_GCC_441\Debug\Cm3Start.o

.data           0x1fff8108       0x18 load address 0x00001f48
                0x1fff8108                __cs3_region_start_data = .
 *(.jcr)
 .jcr           0x1fff8108        0x0 c:/program files (x86)/cypress/psoc creator/2.2/psoc creator/import/gnu_cs/arm/4.4.1/bin/../lib/gcc/arm-none-eabi/4.4.1/thumb2/crtbegin.o
 .jcr           0x1fff8108        0x4 c:/program files (x86)/cypress/psoc creator/2.2/psoc creator/import/gnu_cs/arm/4.4.1/bin/../lib/gcc/arm-none-eabi/4.4.1/thumb2/crtend.o
 *(.got.plt)
 *(.got)
 *(.shdata)
 *(.data .data.* .gnu.linkonce.d.*)
 .data          0x1fff810c       0x10 .\CortexM3\ARM_GCC_441\Debug\bpl.o
 .data          0x1fff811c        0x1 .\CortexM3\ARM_GCC_441\Debug\tmr.o
                0x1fff8120                . = ALIGN (0x8)
 *fill*         0x1fff811d        0x3 00
 *(.ram)
                0x1fff8120                _edata = .

.bss            0x1fff8120      0x310 load address 0x00001f60
 *(.shbss)
 *(.bss .bss.* .gnu.linkonce.b.*)
 .bss           0x1fff8120        0x1 c:/program files (x86)/cypress/psoc creator/2.2/psoc creator/import/gnu_cs/arm/4.4.1/bin/../lib/gcc/arm-none-eabi/4.4.1/thumb2/crtbegin.o
 *fill*         0x1fff8121        0x3 00
 .bss           0x1fff8124      0x208 .\CortexM3\ARM_GCC_441\Debug\bpl.o
 .bss           0x1fff832c        0x3 .\CortexM3\ARM_GCC_441\Debug\hal.o
 .bss           0x1fff832f        0x1 .\CortexM3\ARM_GCC_441\Debug\test.o
 .bss           0x1fff8330       0xac .\CortexM3\ARM_GCC_441\Debug\tmr.o
 .bss           0x1fff83dc        0x2 .\CortexM3\ARM_GCC_441\Debug\DrivePlatform.a(UART_TEST.o)
                0x1fff83dc                UART_TEST_initVar
 .bss           0x1fff83de        0x8 .\CortexM3\ARM_GCC_441\Debug\DrivePlatform.a(UART.o)
                0x1fff83de                UART_initVar
                0x1fff83df                UART_txBufferRead
                0x1fff83e0                UART_txBufferWrite
                0x1fff83e1                UART_rxBufferRead
                0x1fff83e2                UART_rxBufferWrite
                0x1fff83e3                UART_rxBufferLoopDetect
                0x1fff83e4                UART_rxBufferOverflow
 *(COMMON)
 *fill*         0x1fff83e6        0x2 00
 COMMON         0x1fff83e8       0x40 .\CortexM3\ARM_GCC_441\Debug\DrivePlatform.a(UART.o)
                0x1fff83e8                UART_rxBuffer
                0x1fff8408                UART_txBuffer
 COMMON         0x1fff8428        0x1 .\CortexM3\ARM_GCC_441\Debug\DrivePlatform.a(CyLib.o)
                0x1fff8428                CyResetStatus
                0x1fff8430                . = ALIGN (0x8)
 *fill*         0x1fff8429        0x7 00
 *(.ram.b)
                0x1fff8430                _end = .
                0x1fff8430                __end = .
                0x20003000                __cs3_region_end_ram = (__cs3_region_start_ram + 0xb000)
                0x0000b000                __cs3_region_size_ram = 0xb000
                0x00001f48                __cs3_region_init_ram = LOADADDR (.data)
                0x00000018                __cs3_region_init_size_ram = (_edata - ADDR (.data))
                0x00000310                __cs3_region_zero_size_ram = (_end - _edata)

.stab
 *(.stab)

.stabstr
 *(.stabstr)

.debug
 *(.debug)

.line
 *(.line)

.debug_srcinfo
 *(.debug_srcinfo)

.debug_sfnames
 *(.debug_sfnames)

.comment        0x00000000      0x433
 .comment       0x00000000       0x2b .\CortexM3\ARM_GCC_441\Debug\bal.o
 .comment       0x0000002b       0x2b .\CortexM3\ARM_GCC_441\Debug\bpl.o
 .comment       0x00000056       0x2b .\CortexM3\ARM_GCC_441\Debug\bus.o
 .comment       0x00000081       0x2b .\CortexM3\ARM_GCC_441\Debug\hal.o
 .comment       0x000000ac       0x2b .\CortexM3\ARM_GCC_441\Debug\servo_cds5500.o
 .comment       0x000000d7       0x2b .\CortexM3\ARM_GCC_441\Debug\test.o
 .comment       0x00000102       0x2b .\CortexM3\ARM_GCC_441\Debug\tmr.o
 .comment       0x0000012d       0x2b .\CortexM3\ARM_GCC_441\Debug\main.o
 .comment       0x00000158       0x2b .\CortexM3\ARM_GCC_441\Debug\Cm3Start.o
 .comment       0x00000183       0x2b .\CortexM3\ARM_GCC_441\Debug\DrivePlatform.a(Isr_timer.o)
 .comment       0x000001ae       0x2b .\CortexM3\ARM_GCC_441\Debug\DrivePlatform.a(DEBUG_LED_1.o)
 .comment       0x000001d9       0x2b .\CortexM3\ARM_GCC_441\Debug\DrivePlatform.a(TIMER.o)
 .comment       0x00000204       0x2b .\CortexM3\ARM_GCC_441\Debug\DrivePlatform.a(TIMER_CLOCK.o)
 .comment       0x0000022f       0x2b .\CortexM3\ARM_GCC_441\Debug\DrivePlatform.a(UART_TEST.o)
 .comment       0x0000025a       0x2b .\CortexM3\ARM_GCC_441\Debug\DrivePlatform.a(UART.o)
 .comment       0x00000285       0x2b .\CortexM3\ARM_GCC_441\Debug\DrivePlatform.a(UART_INT.o)
 .comment       0x000002b0       0x2b .\CortexM3\ARM_GCC_441\Debug\DrivePlatform.a(Isr_rx.o)
 .comment       0x000002db       0x2b .\CortexM3\ARM_GCC_441\Debug\DrivePlatform.a(Isr_tx.o)
 .comment       0x00000306       0x2b .\CortexM3\ARM_GCC_441\Debug\DrivePlatform.a(UART_TEST_IntClock.o)
 .comment       0x00000331       0x2b .\CortexM3\ARM_GCC_441\Debug\DrivePlatform.a(UART_IntClock.o)
 .comment       0x0000035c       0x2b .\CortexM3\ARM_GCC_441\Debug\DrivePlatform.a(CyLib.o)
 .comment       0x00000387       0x2b .\CortexM3\ARM_GCC_441\Debug\DrivePlatform.a(cyPm.o)
 .comment       0x000003b2       0x2b .\CortexM3\ARM_GCC_441\Debug\DrivePlatform.a(cyfitter_cfg.o)
 .comment       0x000003dd       0x2b .\CortexM3\ARM_GCC_441\Debug\DrivePlatform.a(CyFlash.o)
 .comment       0x00000408       0x2b .\CortexM3\ARM_GCC_441\Debug\DrivePlatform.a(CySpc.o)

.debug_aranges  0x00000000      0xb30
 *(.debug_aranges)
 .debug_aranges
                0x00000000       0x38 .\CortexM3\ARM_GCC_441\Debug\bal.o
 .debug_aranges
                0x00000038       0x38 .\CortexM3\ARM_GCC_441\Debug\bpl.o
 .debug_aranges
                0x00000070       0x68 .\CortexM3\ARM_GCC_441\Debug\hal.o
 .debug_aranges
                0x000000d8       0x38 .\CortexM3\ARM_GCC_441\Debug\servo_cds5500.o
 .debug_aranges
                0x00000110       0x38 .\CortexM3\ARM_GCC_441\Debug\test.o
 .debug_aranges
                0x00000148       0x48 .\CortexM3\ARM_GCC_441\Debug\tmr.o
 .debug_aranges
                0x00000190       0x20 .\CortexM3\ARM_GCC_441\Debug\main.o
 .debug_aranges
                0x000001b0       0x30 .\CortexM3\ARM_GCC_441\Debug\Cm3Start.o
 .debug_aranges
                0x000001e0       0x80 .\CortexM3\ARM_GCC_441\Debug\DrivePlatform.a(Isr_timer.o)
 .debug_aranges
                0x00000260       0x38 .\CortexM3\ARM_GCC_441\Debug\DrivePlatform.a(DEBUG_LED_1.o)
 .debug_aranges
                0x00000298       0x90 .\CortexM3\ARM_GCC_441\Debug\DrivePlatform.a(TIMER.o)
 .debug_aranges
                0x00000328       0x68 .\CortexM3\ARM_GCC_441\Debug\DrivePlatform.a(TIMER_CLOCK.o)
 .debug_aranges
                0x00000390       0xa0 .\CortexM3\ARM_GCC_441\Debug\DrivePlatform.a(UART_TEST.o)
 .debug_aranges
                0x00000430      0x110 .\CortexM3\ARM_GCC_441\Debug\DrivePlatform.a(UART.o)
 .debug_aranges
                0x00000540       0x28 .\CortexM3\ARM_GCC_441\Debug\DrivePlatform.a(UART_INT.o)
 .debug_aranges
                0x00000568       0x80 .\CortexM3\ARM_GCC_441\Debug\DrivePlatform.a(Isr_rx.o)
 .debug_aranges
                0x000005e8       0x80 .\CortexM3\ARM_GCC_441\Debug\DrivePlatform.a(Isr_tx.o)
 .debug_aranges
                0x00000668       0x68 .\CortexM3\ARM_GCC_441\Debug\DrivePlatform.a(UART_TEST_IntClock.o)
 .debug_aranges
                0x000006d0       0x68 .\CortexM3\ARM_GCC_441\Debug\DrivePlatform.a(UART_IntClock.o)
 .debug_aranges
                0x00000738       0x20 .\CortexM3\ARM_GCC_441\Debug\DrivePlatform.a(CyBootAsmGnu.o)
 .debug_aranges
                0x00000758      0x1e0 .\CortexM3\ARM_GCC_441\Debug\DrivePlatform.a(CyLib.o)
 .debug_aranges
                0x00000938       0xb8 .\CortexM3\ARM_GCC_441\Debug\DrivePlatform.a(cyPm.o)
 .debug_aranges
                0x000009f0       0x70 .\CortexM3\ARM_GCC_441\Debug\DrivePlatform.a(cyfitter_cfg.o)
 .debug_aranges
                0x00000a60       0x68 .\CortexM3\ARM_GCC_441\Debug\DrivePlatform.a(CyFlash.o)
 .debug_aranges
                0x00000ac8       0x68 .\CortexM3\ARM_GCC_441\Debug\DrivePlatform.a(CySpc.o)

.debug_pubnames
                0x00000000     0x195c
 *(.debug_pubnames)
 .debug_pubnames
                0x00000000       0x54 .\CortexM3\ARM_GCC_441\Debug\bal.o
 .debug_pubnames
                0x00000054       0x6b .\CortexM3\ARM_GCC_441\Debug\bpl.o
 .debug_pubnames
                0x000000bf       0xd9 .\CortexM3\ARM_GCC_441\Debug\hal.o
 .debug_pubnames
                0x00000198       0x3a .\CortexM3\ARM_GCC_441\Debug\servo_cds5500.o
 .debug_pubnames
                0x000001d2       0x1f .\CortexM3\ARM_GCC_441\Debug\test.o
 .debug_pubnames
                0x000001f1       0x7e .\CortexM3\ARM_GCC_441\Debug\tmr.o
 .debug_pubnames
                0x0000026f       0x1b .\CortexM3\ARM_GCC_441\Debug\main.o
 .debug_pubnames
                0x0000028a       0x66 .\CortexM3\ARM_GCC_441\Debug\Cm3Start.o
 .debug_pubnames
                0x000002f0      0x141 .\CortexM3\ARM_GCC_441\Debug\DrivePlatform.a(Isr_timer.o)
 .debug_pubnames
                0x00000431       0x76 .\CortexM3\ARM_GCC_441\Debug\DrivePlatform.a(DEBUG_LED_1.o)
 .debug_pubnames
                0x000004a7      0x174 .\CortexM3\ARM_GCC_441\Debug\DrivePlatform.a(TIMER.o)
 .debug_pubnames
                0x0000061b      0x146 .\CortexM3\ARM_GCC_441\Debug\DrivePlatform.a(TIMER_CLOCK.o)
 .debug_pubnames
                0x00000761      0x1de .\CortexM3\ARM_GCC_441\Debug\DrivePlatform.a(UART_TEST.o)
 .debug_pubnames
                0x0000093f      0x36e .\CortexM3\ARM_GCC_441\Debug\DrivePlatform.a(UART.o)
 .debug_pubnames
                0x00000cad       0x30 .\CortexM3\ARM_GCC_441\Debug\DrivePlatform.a(UART_INT.o)
 .debug_pubnames
                0x00000cdd      0x11a .\CortexM3\ARM_GCC_441\Debug\DrivePlatform.a(Isr_rx.o)
 .debug_pubnames
                0x00000df7      0x11a .\CortexM3\ARM_GCC_441\Debug\DrivePlatform.a(Isr_tx.o)
 .debug_pubnames
                0x00000f11      0x18c .\CortexM3\ARM_GCC_441\Debug\DrivePlatform.a(UART_TEST_IntClock.o)
 .debug_pubnames
                0x0000109d      0x15a .\CortexM3\ARM_GCC_441\Debug\DrivePlatform.a(UART_IntClock.o)
 .debug_pubnames
                0x000011f7      0x4be .\CortexM3\ARM_GCC_441\Debug\DrivePlatform.a(CyLib.o)
 .debug_pubnames
                0x000016b5       0xbb .\CortexM3\ARM_GCC_441\Debug\DrivePlatform.a(cyPm.o)
 .debug_pubnames
                0x00001770       0x3d .\CortexM3\ARM_GCC_441\Debug\DrivePlatform.a(cyfitter_cfg.o)
 .debug_pubnames
                0x000017ad       0xdf .\CortexM3\ARM_GCC_441\Debug\DrivePlatform.a(CyFlash.o)
 .debug_pubnames
                0x0000188c       0xd0 .\CortexM3\ARM_GCC_441\Debug\DrivePlatform.a(CySpc.o)

.debug_info     0x00000000     0x4b2a
 *(.debug_info .gnu.linkonce.wi.*)
 .debug_info    0x00000000      0x271 .\CortexM3\ARM_GCC_441\Debug\bal.o
 .debug_info    0x00000271      0x237 .\CortexM3\ARM_GCC_441\Debug\bpl.o
 .debug_info    0x000004a8       0x97 .\CortexM3\ARM_GCC_441\Debug\bus.o
 .debug_info    0x0000053f      0x234 .\CortexM3\ARM_GCC_441\Debug\hal.o
 .debug_info    0x00000773      0x262 .\CortexM3\ARM_GCC_441\Debug\servo_cds5500.o
 .debug_info    0x000009d5      0x12b .\CortexM3\ARM_GCC_441\Debug\test.o
 .debug_info    0x00000b00      0x2b9 .\CortexM3\ARM_GCC_441\Debug\tmr.o
 .debug_info    0x00000db9       0xdc .\CortexM3\ARM_GCC_441\Debug\main.o
 .debug_info    0x00000e95      0x168 .\CortexM3\ARM_GCC_441\Debug\Cm3Start.o
 .debug_info    0x00000ffd      0x23b .\CortexM3\ARM_GCC_441\Debug\DrivePlatform.a(Isr_timer.o)
 .debug_info    0x00001238      0x120 .\CortexM3\ARM_GCC_441\Debug\DrivePlatform.a(DEBUG_LED_1.o)
 .debug_info    0x00001358      0x26d .\CortexM3\ARM_GCC_441\Debug\DrivePlatform.a(TIMER.o)
 .debug_info    0x000015c5      0x237 .\CortexM3\ARM_GCC_441\Debug\DrivePlatform.a(TIMER_CLOCK.o)
 .debug_info    0x000017fc      0x3a9 .\CortexM3\ARM_GCC_441\Debug\DrivePlatform.a(UART_TEST.o)
 .debug_info    0x00001ba5      0x6bd .\CortexM3\ARM_GCC_441\Debug\DrivePlatform.a(UART.o)
 .debug_info    0x00002262      0x16d .\CortexM3\ARM_GCC_441\Debug\DrivePlatform.a(UART_INT.o)
 .debug_info    0x000023cf      0x23b .\CortexM3\ARM_GCC_441\Debug\DrivePlatform.a(Isr_rx.o)
 .debug_info    0x0000260a      0x23b .\CortexM3\ARM_GCC_441\Debug\DrivePlatform.a(Isr_tx.o)
 .debug_info    0x00002845      0x237 .\CortexM3\ARM_GCC_441\Debug\DrivePlatform.a(UART_TEST_IntClock.o)
 .debug_info    0x00002a7c      0x237 .\CortexM3\ARM_GCC_441\Debug\DrivePlatform.a(UART_IntClock.o)
 .debug_info    0x00002cb3       0xa0 .\CortexM3\ARM_GCC_441\Debug\DrivePlatform.a(CyBootAsmGnu.o)
 .debug_info    0x00002d53      0xbce .\CortexM3\ARM_GCC_441\Debug\DrivePlatform.a(CyLib.o)
 .debug_info    0x00003921      0x63e .\CortexM3\ARM_GCC_441\Debug\DrivePlatform.a(cyPm.o)
 .debug_info    0x00003f5f      0x517 .\CortexM3\ARM_GCC_441\Debug\DrivePlatform.a(cyfitter_cfg.o)
 .debug_info    0x00004476      0x308 .\CortexM3\ARM_GCC_441\Debug\DrivePlatform.a(CyFlash.o)
 .debug_info    0x0000477e      0x3ac .\CortexM3\ARM_GCC_441\Debug\DrivePlatform.a(CySpc.o)

.debug_abbrev   0x00000000     0x1799
 *(.debug_abbrev)
 .debug_abbrev  0x00000000      0x10e .\CortexM3\ARM_GCC_441\Debug\bal.o
 .debug_abbrev  0x0000010e       0xda .\CortexM3\ARM_GCC_441\Debug\bpl.o
 .debug_abbrev  0x000001e8       0x4b .\CortexM3\ARM_GCC_441\Debug\bus.o
 .debug_abbrev  0x00000233      0x110 .\CortexM3\ARM_GCC_441\Debug\hal.o
 .debug_abbrev  0x00000343      0x116 .\CortexM3\ARM_GCC_441\Debug\servo_cds5500.o
 .debug_abbrev  0x00000459       0xa6 .\CortexM3\ARM_GCC_441\Debug\test.o
 .debug_abbrev  0x000004ff      0x119 .\CortexM3\ARM_GCC_441\Debug\tmr.o
 .debug_abbrev  0x00000618       0x80 .\CortexM3\ARM_GCC_441\Debug\main.o
 .debug_abbrev  0x00000698       0xec .\CortexM3\ARM_GCC_441\Debug\Cm3Start.o
 .debug_abbrev  0x00000784       0xe1 .\CortexM3\ARM_GCC_441\Debug\DrivePlatform.a(Isr_timer.o)
 .debug_abbrev  0x00000865       0x85 .\CortexM3\ARM_GCC_441\Debug\DrivePlatform.a(DEBUG_LED_1.o)
 .debug_abbrev  0x000008ea       0xe0 .\CortexM3\ARM_GCC_441\Debug\DrivePlatform.a(TIMER.o)
 .debug_abbrev  0x000009ca       0xcf .\CortexM3\ARM_GCC_441\Debug\DrivePlatform.a(TIMER_CLOCK.o)
 .debug_abbrev  0x00000a99      0x10c .\CortexM3\ARM_GCC_441\Debug\DrivePlatform.a(UART_TEST.o)
 .debug_abbrev  0x00000ba5      0x13a .\CortexM3\ARM_GCC_441\Debug\DrivePlatform.a(UART.o)
 .debug_abbrev  0x00000cdf       0xa7 .\CortexM3\ARM_GCC_441\Debug\DrivePlatform.a(UART_INT.o)
 .debug_abbrev  0x00000d86       0xe1 .\CortexM3\ARM_GCC_441\Debug\DrivePlatform.a(Isr_rx.o)
 .debug_abbrev  0x00000e67       0xe1 .\CortexM3\ARM_GCC_441\Debug\DrivePlatform.a(Isr_tx.o)
 .debug_abbrev  0x00000f48       0xcf .\CortexM3\ARM_GCC_441\Debug\DrivePlatform.a(UART_TEST_IntClock.o)
 .debug_abbrev  0x00001017       0xcf .\CortexM3\ARM_GCC_441\Debug\DrivePlatform.a(UART_IntClock.o)
 .debug_abbrev  0x000010e6       0x14 .\CortexM3\ARM_GCC_441\Debug\DrivePlatform.a(CyBootAsmGnu.o)
 .debug_abbrev  0x000010fa      0x182 .\CortexM3\ARM_GCC_441\Debug\DrivePlatform.a(CyLib.o)
 .debug_abbrev  0x0000127c      0x13e .\CortexM3\ARM_GCC_441\Debug\DrivePlatform.a(cyPm.o)
 .debug_abbrev  0x000013ba      0x187 .\CortexM3\ARM_GCC_441\Debug\DrivePlatform.a(cyfitter_cfg.o)
 .debug_abbrev  0x00001541      0x14a .\CortexM3\ARM_GCC_441\Debug\DrivePlatform.a(CyFlash.o)
 .debug_abbrev  0x0000168b      0x10e .\CortexM3\ARM_GCC_441\Debug\DrivePlatform.a(CySpc.o)

.debug_line     0x00000000     0x276b
 *(.debug_line)
 .debug_line    0x00000000       0xe3 .\CortexM3\ARM_GCC_441\Debug\bal.o
 .debug_line    0x000000e3       0xd8 .\CortexM3\ARM_GCC_441\Debug\bpl.o
 .debug_line    0x000001bb       0x44 .\CortexM3\ARM_GCC_441\Debug\bus.o
 .debug_line    0x000001ff      0x133 .\CortexM3\ARM_GCC_441\Debug\hal.o
 .debug_line    0x00000332       0xe4 .\CortexM3\ARM_GCC_441\Debug\servo_cds5500.o
 .debug_line    0x00000416       0xb5 .\CortexM3\ARM_GCC_441\Debug\test.o
 .debug_line    0x000004cb      0x1ab .\CortexM3\ARM_GCC_441\Debug\tmr.o
 .debug_line    0x00000676       0x81 .\CortexM3\ARM_GCC_441\Debug\main.o
 .debug_line    0x000006f7       0xb8 .\CortexM3\ARM_GCC_441\Debug\Cm3Start.o
 .debug_line    0x000007af      0x15d .\CortexM3\ARM_GCC_441\Debug\DrivePlatform.a(Isr_timer.o)
 .debug_line    0x0000090c       0xb6 .\CortexM3\ARM_GCC_441\Debug\DrivePlatform.a(DEBUG_LED_1.o)
 .debug_line    0x000009c2      0x18a .\CortexM3\ARM_GCC_441\Debug\DrivePlatform.a(TIMER.o)
 .debug_line    0x00000b4c      0x162 .\CortexM3\ARM_GCC_441\Debug\DrivePlatform.a(TIMER_CLOCK.o)
 .debug_line    0x00000cae      0x1e5 .\CortexM3\ARM_GCC_441\Debug\DrivePlatform.a(UART_TEST.o)
 .debug_line    0x00000e93      0x35c .\CortexM3\ARM_GCC_441\Debug\DrivePlatform.a(UART.o)
 .debug_line    0x000011ef       0xc4 .\CortexM3\ARM_GCC_441\Debug\DrivePlatform.a(UART_INT.o)
 .debug_line    0x000012b3      0x15a .\CortexM3\ARM_GCC_441\Debug\DrivePlatform.a(Isr_rx.o)
 .debug_line    0x0000140d      0x15a .\CortexM3\ARM_GCC_441\Debug\DrivePlatform.a(Isr_tx.o)
 .debug_line    0x00001567      0x169 .\CortexM3\ARM_GCC_441\Debug\DrivePlatform.a(UART_TEST_IntClock.o)
 .debug_line    0x000016d0      0x164 .\CortexM3\ARM_GCC_441\Debug\DrivePlatform.a(UART_IntClock.o)
 .debug_line    0x00001834       0x67 .\CortexM3\ARM_GCC_441\Debug\DrivePlatform.a(CyBootAsmGnu.o)
 .debug_line    0x0000189b      0x5c7 .\CortexM3\ARM_GCC_441\Debug\DrivePlatform.a(CyLib.o)
 .debug_line    0x00001e62      0x3f2 .\CortexM3\ARM_GCC_441\Debug\DrivePlatform.a(cyPm.o)
 .debug_line    0x00002254      0x221 .\CortexM3\ARM_GCC_441\Debug\DrivePlatform.a(cyfitter_cfg.o)
 .debug_line    0x00002475      0x170 .\CortexM3\ARM_GCC_441\Debug\DrivePlatform.a(CyFlash.o)
 .debug_line    0x000025e5      0x186 .\CortexM3\ARM_GCC_441\Debug\DrivePlatform.a(CySpc.o)

.debug_frame    0x00000000     0x22b4
 *(.debug_frame)
 .debug_frame   0x00000000       0xa8 .\CortexM3\ARM_GCC_441\Debug\bal.o
 .debug_frame   0x000000a8       0x90 .\CortexM3\ARM_GCC_441\Debug\bpl.o
 .debug_frame   0x00000138      0x134 .\CortexM3\ARM_GCC_441\Debug\hal.o
 .debug_frame   0x0000026c       0x88 .\CortexM3\ARM_GCC_441\Debug\servo_cds5500.o
 .debug_frame   0x000002f4       0x88 .\CortexM3\ARM_GCC_441\Debug\test.o
 .debug_frame   0x0000037c       0xbc .\CortexM3\ARM_GCC_441\Debug\tmr.o
 .debug_frame   0x00000438       0x30 .\CortexM3\ARM_GCC_441\Debug\main.o
 .debug_frame   0x00000468       0x5c .\CortexM3\ARM_GCC_441\Debug\Cm3Start.o
 .debug_frame   0x000004c4      0x180 .\CortexM3\ARM_GCC_441\Debug\DrivePlatform.a(Isr_timer.o)
 .debug_frame   0x00000644       0x80 .\CortexM3\ARM_GCC_441\Debug\DrivePlatform.a(DEBUG_LED_1.o)
 .debug_frame   0x000006c4      0x1b8 .\CortexM3\ARM_GCC_441\Debug\DrivePlatform.a(TIMER.o)
 .debug_frame   0x0000087c      0x130 .\CortexM3\ARM_GCC_441\Debug\DrivePlatform.a(TIMER_CLOCK.o)
 .debug_frame   0x000009ac      0x204 .\CortexM3\ARM_GCC_441\Debug\DrivePlatform.a(UART_TEST.o)
 .debug_frame   0x00000bb0      0x3ac .\CortexM3\ARM_GCC_441\Debug\DrivePlatform.a(UART.o)
 .debug_frame   0x00000f5c       0x48 .\CortexM3\ARM_GCC_441\Debug\DrivePlatform.a(UART_INT.o)
 .debug_frame   0x00000fa4      0x180 .\CortexM3\ARM_GCC_441\Debug\DrivePlatform.a(Isr_rx.o)
 .debug_frame   0x00001124      0x180 .\CortexM3\ARM_GCC_441\Debug\DrivePlatform.a(Isr_tx.o)
 .debug_frame   0x000012a4      0x130 .\CortexM3\ARM_GCC_441\Debug\DrivePlatform.a(UART_TEST_IntClock.o)
 .debug_frame   0x000013d4      0x130 .\CortexM3\ARM_GCC_441\Debug\DrivePlatform.a(UART_IntClock.o)
 .debug_frame   0x00001504      0x6b8 .\CortexM3\ARM_GCC_441\Debug\DrivePlatform.a(CyLib.o)
 .debug_frame   0x00001bbc      0x25c .\CortexM3\ARM_GCC_441\Debug\DrivePlatform.a(cyPm.o)
 .debug_frame   0x00001e18      0x158 .\CortexM3\ARM_GCC_441\Debug\DrivePlatform.a(cyfitter_cfg.o)
 .debug_frame   0x00001f70      0x140 .\CortexM3\ARM_GCC_441\Debug\DrivePlatform.a(CyFlash.o)
 .debug_frame   0x000020b0      0x13c .\CortexM3\ARM_GCC_441\Debug\DrivePlatform.a(CySpc.o)
 .debug_frame   0x000021ec       0x34 c:/program files (x86)/cypress/psoc creator/2.2/psoc creator/import/gnu_cs/arm/4.4.1/bin/../lib/gcc/arm-none-eabi/4.4.1/../../../../arm-none-eabi/lib/thumb2\libc.a(lib_a-memcpy.o)
 .debug_frame   0x00002220       0x28 c:/program files (x86)/cypress/psoc creator/2.2/psoc creator/import/gnu_cs/arm/4.4.1/bin/../lib/gcc/arm-none-eabi/4.4.1/../../../../arm-none-eabi/lib/thumb2\libc.a(lib_a-memset.o)
 .debug_frame   0x00002248       0x40 c:/program files (x86)/cypress/psoc creator/2.2/psoc creator/import/gnu_cs/arm/4.4.1/bin/../lib/gcc/arm-none-eabi/4.4.1/../../../../arm-none-eabi/lib/thumb2\libcs3.a(start_c.o)
 .debug_frame   0x00002288       0x2c c:/program files (x86)/cypress/psoc creator/2.2/psoc creator/import/gnu_cs/arm/4.4.1/bin/../lib/gcc/arm-none-eabi/4.4.1/../../../../arm-none-eabi/lib/thumb2\libc.a(lib_a-init.o)

.debug_str      0x00000000     0x2134
 *(.debug_str)
 .debug_str     0x00000000      0x184 .\CortexM3\ARM_GCC_441\Debug\bal.o
                                0x1c4 (size before relaxing)
 .debug_str     0x00000184       0xeb .\CortexM3\ARM_GCC_441\Debug\bpl.o
                                0x206 (size before relaxing)
 .debug_str     0x0000026f        0x8 .\CortexM3\ARM_GCC_441\Debug\bus.o
                                0x106 (size before relaxing)
 .debug_str     0x00000277       0xbd .\CortexM3\ARM_GCC_441\Debug\hal.o
                                0x1e2 (size before relaxing)
 .debug_str     0x00000334       0x70 .\CortexM3\ARM_GCC_441\Debug\servo_cds5500.o
                                0x1dc (size before relaxing)
 .debug_str     0x000003a4       0x44 .\CortexM3\ARM_GCC_441\Debug\test.o
                                0x156 (size before relaxing)
 .debug_str     0x000003e8       0xd6 .\CortexM3\ARM_GCC_441\Debug\tmr.o
                                0x1f4 (size before relaxing)
 .debug_str     0x000004be        0xe .\CortexM3\ARM_GCC_441\Debug\main.o
                                0x120 (size before relaxing)
 .debug_str     0x000004cc       0x8e .\CortexM3\ARM_GCC_441\Debug\Cm3Start.o
                                0x192 (size before relaxing)
 .debug_str     0x0000055a      0x138 .\CortexM3\ARM_GCC_441\Debug\DrivePlatform.a(Isr_timer.o)
                                0x244 (size before relaxing)
 .debug_str     0x00000692       0x86 .\CortexM3\ARM_GCC_441\Debug\DrivePlatform.a(DEBUG_LED_1.o)
                                0x188 (size before relaxing)
 .debug_str     0x00000718      0x176 .\CortexM3\ARM_GCC_441\Debug\DrivePlatform.a(TIMER.o)
                                0x27b (size before relaxing)
 .debug_str     0x0000088e      0x18c .\CortexM3\ARM_GCC_441\Debug\DrivePlatform.a(TIMER_CLOCK.o)
                                0x28a (size before relaxing)
 .debug_str     0x00000a1a      0x218 .\CortexM3\ARM_GCC_441\Debug\DrivePlatform.a(UART_TEST.o)
                                0x31e (size before relaxing)
 .debug_str     0x00000c32      0x332 .\CortexM3\ARM_GCC_441\Debug\DrivePlatform.a(UART.o)
                                0x4b6 (size before relaxing)
 .debug_str     0x00000f64       0x55 .\CortexM3\ARM_GCC_441\Debug\DrivePlatform.a(UART_INT.o)
                                0x1e0 (size before relaxing)
 .debug_str     0x00000fb9       0xf6 .\CortexM3\ARM_GCC_441\Debug\DrivePlatform.a(Isr_rx.o)
                                0x21a (size before relaxing)
 .debug_str     0x000010af       0xf6 .\CortexM3\ARM_GCC_441\Debug\DrivePlatform.a(Isr_tx.o)
                                0x21a (size before relaxing)
 .debug_str     0x000011a5      0x180 .\CortexM3\ARM_GCC_441\Debug\DrivePlatform.a(UART_TEST_IntClock.o)
                                0x2d7 (size before relaxing)
 .debug_str     0x00001325      0x149 .\CortexM3\ARM_GCC_441\Debug\DrivePlatform.a(UART_IntClock.o)
                                0x2a0 (size before relaxing)
 .debug_str     0x0000146e      0x583 .\CortexM3\ARM_GCC_441\Debug\DrivePlatform.a(CyLib.o)
                                0x6f1 (size before relaxing)
 .debug_str     0x000019f1      0x3bd .\CortexM3\ARM_GCC_441\Debug\DrivePlatform.a(cyPm.o)
                                0x4cf (size before relaxing)
 .debug_str     0x00001dae      0x175 .\CortexM3\ARM_GCC_441\Debug\DrivePlatform.a(cyfitter_cfg.o)
                                0x2a4 (size before relaxing)
 .debug_str     0x00001f23      0x10c .\CortexM3\ARM_GCC_441\Debug\DrivePlatform.a(CyFlash.o)
                                0x243 (size before relaxing)
 .debug_str     0x0000202f      0x105 .\CortexM3\ARM_GCC_441\Debug\DrivePlatform.a(CySpc.o)
                                0x236 (size before relaxing)

.debug_loc      0x00000000     0x36ef
 *(.debug_loc)
 .debug_loc     0x00000000       0xc4 .\CortexM3\ARM_GCC_441\Debug\bal.o
 .debug_loc     0x000000c4       0xd0 .\CortexM3\ARM_GCC_441\Debug\bpl.o
 .debug_loc     0x00000194      0x1de .\CortexM3\ARM_GCC_441\Debug\hal.o
 .debug_loc     0x00000372       0xdc .\CortexM3\ARM_GCC_441\Debug\servo_cds5500.o
 .debug_loc     0x0000044e       0xc4 .\CortexM3\ARM_GCC_441\Debug\test.o
 .debug_loc     0x00000512      0x132 .\CortexM3\ARM_GCC_441\Debug\tmr.o
 .debug_loc     0x00000644       0x37 .\CortexM3\ARM_GCC_441\Debug\main.o
 .debug_loc     0x0000067b       0x62 .\CortexM3\ARM_GCC_441\Debug\Cm3Start.o
 .debug_loc     0x000006dd      0x26b .\CortexM3\ARM_GCC_441\Debug\DrivePlatform.a(Isr_timer.o)
 .debug_loc     0x00000948       0xc4 .\CortexM3\ARM_GCC_441\Debug\DrivePlatform.a(DEBUG_LED_1.o)
 .debug_loc     0x00000a0c      0x2c1 .\CortexM3\ARM_GCC_441\Debug\DrivePlatform.a(TIMER.o)
 .debug_loc     0x00000ccd      0x1ea .\CortexM3\ARM_GCC_441\Debug\DrivePlatform.a(TIMER_CLOCK.o)
 .debug_loc     0x00000eb7      0x377 .\CortexM3\ARM_GCC_441\Debug\DrivePlatform.a(UART_TEST.o)
 .debug_loc     0x0000122e      0x63d .\CortexM3\ARM_GCC_441\Debug\DrivePlatform.a(UART.o)
 .debug_loc     0x0000186b       0x62 .\CortexM3\ARM_GCC_441\Debug\DrivePlatform.a(UART_INT.o)
 .debug_loc     0x000018cd      0x26b .\CortexM3\ARM_GCC_441\Debug\DrivePlatform.a(Isr_rx.o)
 .debug_loc     0x00001b38      0x26b .\CortexM3\ARM_GCC_441\Debug\DrivePlatform.a(Isr_tx.o)
 .debug_loc     0x00001da3      0x1ea .\CortexM3\ARM_GCC_441\Debug\DrivePlatform.a(UART_TEST_IntClock.o)
 .debug_loc     0x00001f8d      0x1ea .\CortexM3\ARM_GCC_441\Debug\DrivePlatform.a(UART_IntClock.o)
 .debug_loc     0x00002177      0xb67 .\CortexM3\ARM_GCC_441\Debug\DrivePlatform.a(CyLib.o)
 .debug_loc     0x00002cde      0x3b0 .\CortexM3\ARM_GCC_441\Debug\DrivePlatform.a(cyPm.o)
 .debug_loc     0x0000308e      0x245 .\CortexM3\ARM_GCC_441\Debug\DrivePlatform.a(cyfitter_cfg.o)
 .debug_loc     0x000032d3      0x1f6 .\CortexM3\ARM_GCC_441\Debug\DrivePlatform.a(CyFlash.o)
 .debug_loc     0x000034c9      0x226 .\CortexM3\ARM_GCC_441\Debug\DrivePlatform.a(CySpc.o)

.debug_macinfo
 *(.debug_macinfo)

.debug_ranges   0x00000000      0xa50
 *(.debug_ranges)
 .debug_ranges  0x00000000       0x30 .\CortexM3\ARM_GCC_441\Debug\bal.o
 .debug_ranges  0x00000030       0x30 .\CortexM3\ARM_GCC_441\Debug\bpl.o
 .debug_ranges  0x00000060       0x60 .\CortexM3\ARM_GCC_441\Debug\hal.o
 .debug_ranges  0x000000c0       0x30 .\CortexM3\ARM_GCC_441\Debug\servo_cds5500.o
 .debug_ranges  0x000000f0       0x30 .\CortexM3\ARM_GCC_441\Debug\test.o
 .debug_ranges  0x00000120       0x40 .\CortexM3\ARM_GCC_441\Debug\tmr.o
 .debug_ranges  0x00000160       0x18 .\CortexM3\ARM_GCC_441\Debug\main.o
 .debug_ranges  0x00000178       0x28 .\CortexM3\ARM_GCC_441\Debug\Cm3Start.o
 .debug_ranges  0x000001a0       0x78 .\CortexM3\ARM_GCC_441\Debug\DrivePlatform.a(Isr_timer.o)
 .debug_ranges  0x00000218       0x30 .\CortexM3\ARM_GCC_441\Debug\DrivePlatform.a(DEBUG_LED_1.o)
 .debug_ranges  0x00000248       0x88 .\CortexM3\ARM_GCC_441\Debug\DrivePlatform.a(TIMER.o)
 .debug_ranges  0x000002d0       0x60 .\CortexM3\ARM_GCC_441\Debug\DrivePlatform.a(TIMER_CLOCK.o)
 .debug_ranges  0x00000330       0x98 .\CortexM3\ARM_GCC_441\Debug\DrivePlatform.a(UART_TEST.o)
 .debug_ranges  0x000003c8      0x108 .\CortexM3\ARM_GCC_441\Debug\DrivePlatform.a(UART.o)
 .debug_ranges  0x000004d0       0x20 .\CortexM3\ARM_GCC_441\Debug\DrivePlatform.a(UART_INT.o)
 .debug_ranges  0x000004f0       0x78 .\CortexM3\ARM_GCC_441\Debug\DrivePlatform.a(Isr_rx.o)
 .debug_ranges  0x00000568       0x78 .\CortexM3\ARM_GCC_441\Debug\DrivePlatform.a(Isr_tx.o)
 .debug_ranges  0x000005e0       0x60 .\CortexM3\ARM_GCC_441\Debug\DrivePlatform.a(UART_TEST_IntClock.o)
 .debug_ranges  0x00000640       0x60 .\CortexM3\ARM_GCC_441\Debug\DrivePlatform.a(UART_IntClock.o)
 .debug_ranges  0x000006a0      0x1d8 .\CortexM3\ARM_GCC_441\Debug\DrivePlatform.a(CyLib.o)
 .debug_ranges  0x00000878       0xb0 .\CortexM3\ARM_GCC_441\Debug\DrivePlatform.a(cyPm.o)
 .debug_ranges  0x00000928       0x68 .\CortexM3\ARM_GCC_441\Debug\DrivePlatform.a(cyfitter_cfg.o)
 .debug_ranges  0x00000990       0x60 .\CortexM3\ARM_GCC_441\Debug\DrivePlatform.a(CyFlash.o)
 .debug_ranges  0x000009f0       0x60 .\CortexM3\ARM_GCC_441\Debug\DrivePlatform.a(CySpc.o)

.debug_weaknames
 *(.debug_weaknames)

.debug_funcnames
 *(.debug_funcnames)

.debug_typenames
 *(.debug_typenames)

.debug_varnames
 *(.debug_varnames)

.note.gnu.arm.ident
 *(.note.gnu.arm.ident)

.ARM.attributes
                0x00000000       0x25
 *(.ARM.attributes)
 .ARM.attributes
                0x00000000       0x19 c:/program files (x86)/cypress/psoc creator/2.2/psoc creator/import/gnu_cs/arm/4.4.1/bin/../lib/gcc/arm-none-eabi/4.4.1/thumb2/crti.o
 .ARM.attributes
                0x00000019       0x29 c:/program files (x86)/cypress/psoc creator/2.2/psoc creator/import/gnu_cs/arm/4.4.1/bin/../lib/gcc/arm-none-eabi/4.4.1/thumb2/crtbegin.o
 .ARM.attributes
                0x00000042       0x31 .\CortexM3\ARM_GCC_441\Debug\bal.o
 .ARM.attributes
                0x00000073       0x31 .\CortexM3\ARM_GCC_441\Debug\bpl.o
 .ARM.attributes
                0x000000a4       0x31 .\CortexM3\ARM_GCC_441\Debug\bus.o
 .ARM.attributes
                0x000000d5       0x31 .\CortexM3\ARM_GCC_441\Debug\hal.o
 .ARM.attributes
                0x00000106       0x31 .\CortexM3\ARM_GCC_441\Debug\servo_cds5500.o
 .ARM.attributes
                0x00000137       0x31 .\CortexM3\ARM_GCC_441\Debug\test.o
 .ARM.attributes
                0x00000168       0x31 .\CortexM3\ARM_GCC_441\Debug\tmr.o
 .ARM.attributes
                0x00000199       0x31 .\CortexM3\ARM_GCC_441\Debug\main.o
 .ARM.attributes
                0x000001ca       0x31 .\CortexM3\ARM_GCC_441\Debug\Cm3Start.o
 .ARM.attributes
                0x000001fb       0x31 .\CortexM3\ARM_GCC_441\Debug\DrivePlatform.a(Isr_timer.o)
 .ARM.attributes
                0x0000022c       0x31 .\CortexM3\ARM_GCC_441\Debug\DrivePlatform.a(DEBUG_LED_1.o)
 .ARM.attributes
                0x0000025d       0x31 .\CortexM3\ARM_GCC_441\Debug\DrivePlatform.a(TIMER.o)
 .ARM.attributes
                0x0000028e       0x31 .\CortexM3\ARM_GCC_441\Debug\DrivePlatform.a(TIMER_CLOCK.o)
 .ARM.attributes
                0x000002bf       0x31 .\CortexM3\ARM_GCC_441\Debug\DrivePlatform.a(UART_TEST.o)
 .ARM.attributes
                0x000002f0       0x31 .\CortexM3\ARM_GCC_441\Debug\DrivePlatform.a(UART.o)
 .ARM.attributes
                0x00000321       0x31 .\CortexM3\ARM_GCC_441\Debug\DrivePlatform.a(UART_INT.o)
 .ARM.attributes
                0x00000352       0x31 .\CortexM3\ARM_GCC_441\Debug\DrivePlatform.a(Isr_rx.o)
 .ARM.attributes
                0x00000383       0x31 .\CortexM3\ARM_GCC_441\Debug\DrivePlatform.a(Isr_tx.o)
 .ARM.attributes
                0x000003b4       0x31 .\CortexM3\ARM_GCC_441\Debug\DrivePlatform.a(UART_TEST_IntClock.o)
 .ARM.attributes
                0x000003e5       0x31 .\CortexM3\ARM_GCC_441\Debug\DrivePlatform.a(UART_IntClock.o)
 .ARM.attributes
                0x00000416       0x21 .\CortexM3\ARM_GCC_441\Debug\DrivePlatform.a(CyBootAsmGnu.o)
 .ARM.attributes
                0x00000437       0x31 .\CortexM3\ARM_GCC_441\Debug\DrivePlatform.a(CyLib.o)
 .ARM.attributes
                0x00000468       0x31 .\CortexM3\ARM_GCC_441\Debug\DrivePlatform.a(cyPm.o)
 .ARM.attributes
                0x00000499       0x31 .\CortexM3\ARM_GCC_441\Debug\DrivePlatform.a(cyfitter_cfg.o)
 .ARM.attributes
                0x000004ca       0x31 .\CortexM3\ARM_GCC_441\Debug\DrivePlatform.a(CyFlash.o)
 .ARM.attributes
                0x000004fb       0x31 .\CortexM3\ARM_GCC_441\Debug\DrivePlatform.a(CySpc.o)
 .ARM.attributes
                0x0000052c       0x29 c:/program files (x86)/cypress/psoc creator/2.2/psoc creator/import/gnu_cs/arm/4.4.1/bin/../lib/gcc/arm-none-eabi/4.4.1/../../../../arm-none-eabi/lib/thumb2\libc.a(lib_a-memcpy.o)
 .ARM.attributes
                0x00000555       0x29 c:/program files (x86)/cypress/psoc creator/2.2/psoc creator/import/gnu_cs/arm/4.4.1/bin/../lib/gcc/arm-none-eabi/4.4.1/../../../../arm-none-eabi/lib/thumb2\libc.a(lib_a-memset.o)
 .ARM.attributes
                0x0000057e       0x29 c:/program files (x86)/cypress/psoc creator/2.2/psoc creator/import/gnu_cs/arm/4.4.1/bin/../lib/gcc/arm-none-eabi/4.4.1/thumb2/crtend.o
 .ARM.attributes
                0x000005a7       0x19 c:/program files (x86)/cypress/psoc creator/2.2/psoc creator/import/gnu_cs/arm/4.4.1/bin/../lib/gcc/arm-none-eabi/4.4.1/thumb2/crtn.o
 .ARM.attributes
                0x000005c0       0x29 c:/program files (x86)/cypress/psoc creator/2.2/psoc creator/import/gnu_cs/arm/4.4.1/bin/../lib/gcc/arm-none-eabi/4.4.1/../../../../arm-none-eabi/lib/thumb2\libcs3.a(start_c.o)
 .ARM.attributes
                0x000005e9       0x19 c:/program files (x86)/cypress/psoc creator/2.2/psoc creator/import/gnu_cs/arm/4.4.1/bin/../lib/gcc/arm-none-eabi/4.4.1/../../../../arm-none-eabi/lib/thumb2\libcs3micro.a(micro_isr_interrupt.o)
 .ARM.attributes
                0x00000602       0x29 c:/program files (x86)/cypress/psoc creator/2.2/psoc creator/import/gnu_cs/arm/4.4.1/bin/../lib/gcc/arm-none-eabi/4.4.1/../../../../arm-none-eabi/lib/thumb2\libc.a(lib_a-init.o)

/DISCARD/
 *(.note.GNU-stack)
OUTPUT(.\CortexM3\ARM_GCC_441\Debug\DrivePlatform.elf elf32-littlearm)
